[2024-03-16T12:45:35.440+0800][gc,init] Initializing The Z Garbage Collector
[2024-03-16T12:45:35.440+0800][gc,init] Version: 19.0.2+7-44 (release)
[2024-03-16T12:45:35.440+0800][gc,init] NUMA Support: Disabled
[2024-03-16T12:45:35.440+0800][gc,init] CPUs: 16 total, 16 available
[2024-03-16T12:45:35.440+0800][gc,init] Memory: 15556M
[2024-03-16T12:45:35.440+0800][gc,init] Large Page Support: Disabled
[2024-03-16T12:45:35.440+0800][gc,init] GC Workers: 4 (dynamic)
[2024-03-16T12:45:35.441+0800][gc,init] Address Space Type: Contiguous/Unrestricted/Complete
[2024-03-16T12:45:35.441+0800][gc,init] Address Space Size: 163840M x 3 = 491520M
[2024-03-16T12:45:35.441+0800][gc,init] Min Capacity: 10240M
[2024-03-16T12:45:35.441+0800][gc,init] Initial Capacity: 10240M
[2024-03-16T12:45:35.441+0800][gc,init] Max Capacity: 10240M
[2024-03-16T12:45:35.441+0800][gc,init] Medium Page Size: 32M
[2024-03-16T12:45:35.441+0800][gc,init] Pre-touch: Disabled
[2024-03-16T12:45:35.441+0800][gc,init] Uncommit: Implicitly Disabled (-Xms equals -Xmx)
[2024-03-16T12:45:35.772+0800][gc,init] Runtime Workers: 10
[2024-03-16T12:45:35.772+0800][gc     ] Using The Z Garbage Collector
[2024-03-16T12:45:35.774+0800][gc,metaspace] CDS archive(s) mapped at: [0x0000000800000000-0x0000000800c40000-0x0000000800c40000), size 12845056, SharedBaseAddress: 0x0000000800000000, ArchiveRelocationMode: 0.
[2024-03-16T12:45:35.774+0800][gc,metaspace] Compressed class space mapped at: 0x0000000801000000-0x0000000841000000, reserved size: 1073741824
[2024-03-16T12:45:35.774+0800][gc,metaspace] Narrow klass base: 0x0000000800000000, Narrow klass shift: 0, Narrow klass range: 0x100000000
[2024-03-16T12:45:38.802+0800][gc,start    ] GC(0) Garbage Collection (Metadata GC Threshold)
[2024-03-16T12:45:38.802+0800][gc,task     ] GC(0) Using 4 workers
[2024-03-16T12:45:38.802+0800][gc,phases   ] GC(0) Pause Mark Start 0.017ms
[2024-03-16T12:45:38.824+0800][gc,phases   ] GC(0) Concurrent Mark 21.951ms
[2024-03-16T12:45:38.824+0800][gc,phases   ] GC(0) Pause Mark End 0.017ms
[2024-03-16T12:45:38.824+0800][gc,phases   ] GC(0) Concurrent Mark Free 0.001ms
[2024-03-16T12:45:38.826+0800][gc,phases   ] GC(0) Concurrent Process Non-Strong References 1.541ms
[2024-03-16T12:45:38.826+0800][gc,phases   ] GC(0) Concurrent Reset Relocation Set 0.001ms
[2024-03-16T12:45:38.835+0800][gc,phases   ] GC(0) Concurrent Select Relocation Set 9.718ms
[2024-03-16T12:45:38.835+0800][gc,phases   ] GC(0) Pause Relocate Start 0.009ms
[2024-03-16T12:45:38.839+0800][gc,phases   ] GC(0) Concurrent Relocate 2.762ms
[2024-03-16T12:45:38.839+0800][gc,load     ] GC(0) Load: 0.00/0.00/0.00
[2024-03-16T12:45:38.839+0800][gc,mmu      ] GC(0) MMU: 2ms/99.2%, 5ms/99.7%, 10ms/99.8%, 20ms/99.9%, 50ms/99.9%, 100ms/100.0%
[2024-03-16T12:45:38.839+0800][gc,marking  ] GC(0) Mark: 4 stripe(s), 2 proactive flush(es), 1 terminate flush(es), 0 completion(s), 0 continuation(s)
[2024-03-16T12:45:38.839+0800][gc,marking  ] GC(0) Mark Stack Usage: 32M
[2024-03-16T12:45:38.839+0800][gc,nmethod  ] GC(0) NMethods: 2481 registered, 0 unregistered
[2024-03-16T12:45:38.839+0800][gc,metaspace] GC(0) Metaspace: 21M used, 21M committed, 1088M reserved
[2024-03-16T12:45:38.839+0800][gc,ref      ] GC(0) Soft: 3708 encountered, 0 discovered, 0 enqueued
[2024-03-16T12:45:38.839+0800][gc,ref      ] GC(0) Weak: 1640 encountered, 734 discovered, 437 enqueued
[2024-03-16T12:45:38.839+0800][gc,ref      ] GC(0) Final: 0 encountered, 0 discovered, 0 enqueued
[2024-03-16T12:45:38.839+0800][gc,ref      ] GC(0) Phantom: 431 encountered, 342 discovered, 163 enqueued
[2024-03-16T12:45:38.839+0800][gc,reloc    ] GC(0) Small Pages: 79 / 158M, Empty: 20M, Relocated: 8M, In-Place: 0
[2024-03-16T12:45:38.839+0800][gc,reloc    ] GC(0) Medium Pages: 1 / 32M, Empty: 0M, Relocated: 0M, In-Place: 0
[2024-03-16T12:45:38.839+0800][gc,reloc    ] GC(0) Large Pages: 0 / 0M, Empty: 0M, Relocated: 0M, In-Place: 0
[2024-03-16T12:45:38.839+0800][gc,reloc    ] GC(0) Forwarding Usage: 2M
[2024-03-16T12:45:38.839+0800][gc,heap     ] GC(0) Min Capacity: 10240M(100%)
[2024-03-16T12:45:38.839+0800][gc,heap     ] GC(0) Max Capacity: 10240M(100%)
[2024-03-16T12:45:38.839+0800][gc,heap     ] GC(0) Soft Max Capacity: 10240M(100%)
[2024-03-16T12:45:38.839+0800][gc,heap     ] GC(0)                Mark Start          Mark End        Relocate Start      Relocate End           High               Low
[2024-03-16T12:45:38.839+0800][gc,heap     ] GC(0)  Capacity:    10240M (100%)      10240M (100%)      10240M (100%)      10240M (100%)      10240M (100%)      10240M (100%)
[2024-03-16T12:45:38.839+0800][gc,heap     ] GC(0)      Free:    10050M (98%)       10046M (98%)       10062M (98%)       10180M (99%)       10180M (99%)       10042M (98%)
[2024-03-16T12:45:38.839+0800][gc,heap     ] GC(0)      Used:      190M (2%)          194M (2%)          178M (2%)           60M (1%)          198M (2%)           60M (1%)
[2024-03-16T12:45:38.839+0800][gc,heap     ] GC(0)      Live:         -                12M (0%)           12M (0%)           12M (0%)             -                  -
[2024-03-16T12:45:38.839+0800][gc,heap     ] GC(0) Allocated:         -                 4M (0%)            8M (0%)            9M (0%)             -                  -
[2024-03-16T12:45:38.839+0800][gc,heap     ] GC(0)   Garbage:         -               177M (2%)          157M (2%)           37M (0%)             -                  -
[2024-03-16T12:45:38.839+0800][gc,heap     ] GC(0) Reclaimed:         -                  -                20M (0%)          139M (1%)             -                  -
[2024-03-16T12:45:38.839+0800][gc          ] GC(0) Garbage Collection (Metadata GC Threshold) 190M(2%)->60M(1%)
[2024-03-16T12:45:40.111+0800][gc,start    ] GC(1) Garbage Collection (Metadata GC Threshold)
[2024-03-16T12:45:40.111+0800][gc,task     ] GC(1) Using 4 workers
[2024-03-16T12:45:40.111+0800][gc,phases   ] GC(1) Pause Mark Start 0.009ms
[2024-03-16T12:45:40.133+0800][gc,phases   ] GC(1) Concurrent Mark 22.023ms
[2024-03-16T12:45:40.133+0800][gc,phases   ] GC(1) Pause Mark End 0.016ms
[2024-03-16T12:45:40.133+0800][gc,phases   ] GC(1) Concurrent Mark Free 0.001ms
[2024-03-16T12:45:40.136+0800][gc,phases   ] GC(1) Concurrent Process Non-Strong References 2.984ms
[2024-03-16T12:45:40.136+0800][gc,phases   ] GC(1) Concurrent Reset Relocation Set 0.007ms
[2024-03-16T12:45:40.138+0800][gc,phases   ] GC(1) Concurrent Select Relocation Set 1.679ms
[2024-03-16T12:45:40.138+0800][gc,phases   ] GC(1) Pause Relocate Start 0.008ms
[2024-03-16T12:45:40.141+0800][gc,phases   ] GC(1) Concurrent Relocate 3.562ms
[2024-03-16T12:45:40.142+0800][gc,load     ] GC(1) Load: 0.00/0.00/0.00
[2024-03-16T12:45:40.142+0800][gc,mmu      ] GC(1) MMU: 2ms/99.2%, 5ms/99.6%, 10ms/99.8%, 20ms/99.9%, 50ms/99.9%, 100ms/100.0%
[2024-03-16T12:45:40.142+0800][gc,marking  ] GC(1) Mark: 4 stripe(s), 2 proactive flush(es), 1 terminate flush(es), 0 completion(s), 0 continuation(s)
[2024-03-16T12:45:40.142+0800][gc,marking  ] GC(1) Mark Stack Usage: 32M
[2024-03-16T12:45:40.142+0800][gc,nmethod  ] GC(1) NMethods: 3022 registered, 0 unregistered
[2024-03-16T12:45:40.142+0800][gc,metaspace] GC(1) Metaspace: 35M used, 35M committed, 1088M reserved
[2024-03-16T12:45:40.142+0800][gc,ref      ] GC(1) Soft: 3977 encountered, 0 discovered, 0 enqueued
[2024-03-16T12:45:40.142+0800][gc,ref      ] GC(1) Weak: 1630 encountered, 705 discovered, 111 enqueued
[2024-03-16T12:45:40.142+0800][gc,ref      ] GC(1) Final: 140 encountered, 2 discovered, 0 enqueued
[2024-03-16T12:45:40.142+0800][gc,ref      ] GC(1) Phantom: 313 encountered, 147 discovered, 31 enqueued
[2024-03-16T12:45:40.142+0800][gc,reloc    ] GC(1) Small Pages: 51 / 102M, Empty: 0M, Relocated: 6M, In-Place: 0
[2024-03-16T12:45:40.142+0800][gc,reloc    ] GC(1) Medium Pages: 1 / 32M, Empty: 0M, Relocated: 0M, In-Place: 0
[2024-03-16T12:45:40.142+0800][gc,reloc    ] GC(1) Large Pages: 0 / 0M, Empty: 0M, Relocated: 0M, In-Place: 0
[2024-03-16T12:45:40.142+0800][gc,reloc    ] GC(1) Forwarding Usage: 1M
[2024-03-16T12:45:40.142+0800][gc,heap     ] GC(1) Min Capacity: 10240M(100%)
[2024-03-16T12:45:40.142+0800][gc,heap     ] GC(1) Max Capacity: 10240M(100%)
[2024-03-16T12:45:40.142+0800][gc,heap     ] GC(1) Soft Max Capacity: 10240M(100%)
[2024-03-16T12:45:40.142+0800][gc,heap     ] GC(1)                Mark Start          Mark End        Relocate Start      Relocate End           High               Low
[2024-03-16T12:45:40.142+0800][gc,heap     ] GC(1)  Capacity:    10240M (100%)      10240M (100%)      10240M (100%)      10240M (100%)      10240M (100%)      10240M (100%)
[2024-03-16T12:45:40.142+0800][gc,heap     ] GC(1)      Free:    10106M (99%)       10096M (99%)       10092M (99%)       10174M (99%)       10174M (99%)       10086M (98%)
[2024-03-16T12:45:40.142+0800][gc,heap     ] GC(1)      Used:      134M (1%)          144M (1%)          148M (1%)           66M (1%)          154M (2%)           66M (1%)
[2024-03-16T12:45:40.142+0800][gc,heap     ] GC(1)      Live:         -                18M (0%)           18M (0%)           18M (0%)             -                  -
[2024-03-16T12:45:40.142+0800][gc,heap     ] GC(1) Allocated:         -                10M (0%)           14M (0%)           13M (0%)             -                  -
[2024-03-16T12:45:40.142+0800][gc,heap     ] GC(1)   Garbage:         -               115M (1%)          115M (1%)           33M (0%)             -                  -
[2024-03-16T12:45:40.142+0800][gc,heap     ] GC(1) Reclaimed:         -                  -                 0M (0%)           81M (1%)             -                  -
[2024-03-16T12:45:40.142+0800][gc          ] GC(1) Garbage Collection (Metadata GC Threshold) 134M(1%)->66M(1%)
[2024-03-16T12:45:45.812+0800][gc,stats    ] === Garbage Collection Statistics =======================================================================================================================
[2024-03-16T12:45:45.812+0800][gc,stats    ]                                                              Last 10s              Last 10m              Last 10h                Total
[2024-03-16T12:45:45.812+0800][gc,stats    ]                                                              Avg / Max             Avg / Max             Avg / Max             Avg / Max
[2024-03-16T12:45:45.812+0800][gc,stats    ]   Collector: Garbage Collection Cycle                     34.222 / 37.319       34.222 / 37.319       34.222 / 37.319       34.222 / 37.319      ms
[2024-03-16T12:45:45.812+0800][gc,stats    ]  Contention: Mark Segment Reset Contention                     0 / 4                 0 / 4                 0 / 4                 0 / 4           ops/s
[2024-03-16T12:45:45.812+0800][gc,stats    ]  Contention: Mark SeqNum Reset Contention                      0 / 0                 0 / 0                 0 / 0                 0 / 0           ops/s
[2024-03-16T12:45:45.812+0800][gc,stats    ]    Critical: Allocation Stall                                  0 / 0                 0 / 0                 0 / 0                 0 / 0           ops/s
[2024-03-16T12:45:45.812+0800][gc,stats    ]    Critical: Allocation Stall                              0.000 / 0.000         0.000 / 0.000         0.000 / 0.000         0.000 / 0.000       ms
[2024-03-16T12:45:45.812+0800][gc,stats    ]    Critical: GC Locker Stall                                   0 / 0                 0 / 0                 0 / 0                 0 / 0           ops/s
[2024-03-16T12:45:45.812+0800][gc,stats    ]    Critical: GC Locker Stall                               0.000 / 0.000         0.000 / 0.000         0.000 / 0.000         0.000 / 0.000       ms
[2024-03-16T12:45:45.812+0800][gc,stats    ]    Critical: Relocation Stall                                  0 / 0                 0 / 0                 0 / 0                 0 / 0           ops/s
[2024-03-16T12:45:45.812+0800][gc,stats    ]    Critical: Relocation Stall                              0.000 / 0.000         0.000 / 0.000         0.000 / 0.000         0.000 / 0.000       ms
[2024-03-16T12:45:45.812+0800][gc,stats    ]      Memory: Allocation Rate                                  30 / 88               30 / 88               30 / 88               30 / 88          MB/s
[2024-03-16T12:45:45.812+0800][gc,stats    ]      Memory: Defragment                                        0 / 0                 0 / 0                 0 / 0                 0 / 0           ops/s
[2024-03-16T12:45:45.812+0800][gc,stats    ]      Memory: Out Of Memory                                     0 / 0                 0 / 0                 0 / 0                 0 / 0           ops/s
[2024-03-16T12:45:45.812+0800][gc,stats    ]      Memory: Page Cache Flush                                  0 / 0                 0 / 0                 0 / 0                 0 / 0           MB/s
[2024-03-16T12:45:45.812+0800][gc,stats    ]      Memory: Page Cache Hit L1                                 6 / 39                6 / 39                6 / 39                6 / 39          ops/s
[2024-03-16T12:45:45.812+0800][gc,stats    ]      Memory: Page Cache Hit L2                                 0 / 0                 0 / 0                 0 / 0                 0 / 0           ops/s
[2024-03-16T12:45:45.812+0800][gc,stats    ]      Memory: Page Cache Hit L3                                 8 / 44                8 / 44                8 / 44                8 / 44          ops/s
[2024-03-16T12:45:45.812+0800][gc,stats    ]      Memory: Page Cache Miss                                   0 / 1                 0 / 1                 0 / 1                 0 / 1           ops/s
[2024-03-16T12:45:45.812+0800][gc,stats    ]      Memory: Uncommit                                          0 / 0                 0 / 0                 0 / 0                 0 / 0           MB/s
[2024-03-16T12:45:45.812+0800][gc,stats    ]      Memory: Undo Object Allocation Failed                     0 / 0                 0 / 0                 0 / 0                 0 / 0           ops/s
[2024-03-16T12:45:45.812+0800][gc,stats    ]      Memory: Undo Object Allocation Succeeded                  0 / 0                 0 / 0                 0 / 0                 0 / 0           ops/s
[2024-03-16T12:45:45.812+0800][gc,stats    ]      Memory: Undo Page Allocation                              0 / 0                 0 / 0                 0 / 0                 0 / 0           ops/s
[2024-03-16T12:45:45.812+0800][gc,stats    ]       Phase: Concurrent Mark                              21.987 / 22.023       21.987 / 22.023       21.987 / 22.023       21.987 / 22.023      ms
[2024-03-16T12:45:45.812+0800][gc,stats    ]       Phase: Concurrent Mark Continue                      0.000 / 0.000         0.000 / 0.000         0.000 / 0.000         0.000 / 0.000       ms
[2024-03-16T12:45:45.812+0800][gc,stats    ]       Phase: Concurrent Mark Free                          0.001 / 0.001         0.001 / 0.001         0.001 / 0.001         0.001 / 0.001       ms
[2024-03-16T12:45:45.812+0800][gc,stats    ]       Phase: Concurrent Process Non-Strong References      2.263 / 2.984         2.263 / 2.984         2.263 / 2.984         2.263 / 2.984       ms
[2024-03-16T12:45:45.812+0800][gc,stats    ]       Phase: Concurrent Relocate                           3.162 / 3.562         3.162 / 3.562         3.162 / 3.562         3.162 / 3.562       ms
[2024-03-16T12:45:45.812+0800][gc,stats    ]       Phase: Concurrent Reset Relocation Set               0.004 / 0.007         0.004 / 0.007         0.004 / 0.007         0.004 / 0.007       ms
[2024-03-16T12:45:45.812+0800][gc,stats    ]       Phase: Concurrent Select Relocation Set              5.698 / 9.718         5.698 / 9.718         5.698 / 9.718         5.698 / 9.718       ms
[2024-03-16T12:45:45.812+0800][gc,stats    ]       Phase: Pause Mark End                                0.016 / 0.017         0.016 / 0.017         0.016 / 0.017         0.016 / 0.017       ms
[2024-03-16T12:45:45.812+0800][gc,stats    ]       Phase: Pause Mark Start                              0.013 / 0.017         0.013 / 0.017         0.013 / 0.017         0.013 / 0.017       ms
[2024-03-16T12:45:45.812+0800][gc,stats    ]       Phase: Pause Relocate Start                          0.009 / 0.009         0.009 / 0.009         0.009 / 0.009         0.009 / 0.009       ms
[2024-03-16T12:45:45.812+0800][gc,stats    ]    Subphase: Concurrent Classes Purge                      0.075 / 0.106         0.075 / 0.106         0.075 / 0.106         0.075 / 0.106       ms
[2024-03-16T12:45:45.812+0800][gc,stats    ]    Subphase: Concurrent Classes Unlink                     1.536 / 2.043         1.536 / 2.043         1.536 / 2.043         1.536 / 2.043       ms
[2024-03-16T12:45:45.812+0800][gc,stats    ]    Subphase: Concurrent Mark                              18.873 / 21.168       18.873 / 21.168       18.873 / 21.168       18.873 / 21.168      ms
[2024-03-16T12:45:45.812+0800][gc,stats    ]    Subphase: Concurrent Mark Try Flush                     0.084 / 0.158         0.084 / 0.158         0.084 / 0.158         0.084 / 0.158       ms
[2024-03-16T12:45:45.812+0800][gc,stats    ]    Subphase: Concurrent Mark Try Terminate                 4.470 / 12.345        4.470 / 12.345        4.470 / 12.345        4.470 / 12.345      ms
[2024-03-16T12:45:45.812+0800][gc,stats    ]    Subphase: Concurrent References Enqueue                 0.005 / 0.006         0.005 / 0.006         0.005 / 0.006         0.005 / 0.006       ms
[2024-03-16T12:45:45.812+0800][gc,stats    ]    Subphase: Concurrent References Process                 0.110 / 0.136         0.110 / 0.136         0.110 / 0.136         0.110 / 0.136       ms
[2024-03-16T12:45:45.812+0800][gc,stats    ]    Subphase: Concurrent Roots ClassLoaderDataGraph         0.100 / 0.469         0.100 / 0.469         0.100 / 0.469         0.100 / 0.469       ms
[2024-03-16T12:45:45.812+0800][gc,stats    ]    Subphase: Concurrent Roots CodeCache                    0.000 / 0.000         0.000 / 0.000         0.000 / 0.000         0.000 / 0.000       ms
[2024-03-16T12:45:45.812+0800][gc,stats    ]    Subphase: Concurrent Roots JavaThreads                  0.979 / 1.661         0.979 / 1.661         0.979 / 1.661         0.979 / 1.661       ms
[2024-03-16T12:45:45.812+0800][gc,stats    ]    Subphase: Concurrent Roots OopStorageSet                0.031 / 0.057         0.031 / 0.057         0.031 / 0.057         0.031 / 0.057       ms
[2024-03-16T12:45:45.812+0800][gc,stats    ]    Subphase: Concurrent Weak Roots OopStorageSet           0.428 / 0.629         0.428 / 0.629         0.428 / 0.629         0.428 / 0.629       ms
[2024-03-16T12:45:45.812+0800][gc,stats    ]    Subphase: Pause Mark Try Complete                       0.000 / 0.000         0.000 / 0.000         0.000 / 0.000         0.000 / 0.000       ms
[2024-03-16T12:45:45.812+0800][gc,stats    ]      System: Java Threads                                     34 / 48               34 / 48               34 / 48               34 / 48          threads
[2024-03-16T12:45:45.812+0800][gc,stats    ] =========================================================================================================================================================
[2024-03-16T12:45:55.812+0800][gc,stats    ] === Garbage Collection Statistics =======================================================================================================================
[2024-03-16T12:45:55.812+0800][gc,stats    ]                                                              Last 10s              Last 10m              Last 10h                Total
[2024-03-16T12:45:55.812+0800][gc,stats    ]                                                              Avg / Max             Avg / Max             Avg / Max             Avg / Max
[2024-03-16T12:45:55.812+0800][gc,stats    ]   Collector: Garbage Collection Cycle                      0.000 / 0.000        34.222 / 37.319       34.222 / 37.319       34.222 / 37.319      ms
[2024-03-16T12:45:55.812+0800][gc,stats    ]  Contention: Mark Segment Reset Contention                     0 / 0                 0 / 4                 0 / 4                 0 / 4           ops/s
[2024-03-16T12:45:55.812+0800][gc,stats    ]  Contention: Mark SeqNum Reset Contention                      0 / 0                 0 / 0                 0 / 0                 0 / 0           ops/s
[2024-03-16T12:45:55.812+0800][gc,stats    ]    Critical: Allocation Stall                                  0 / 0                 0 / 0                 0 / 0                 0 / 0           ops/s
[2024-03-16T12:45:55.812+0800][gc,stats    ]    Critical: Allocation Stall                              0.000 / 0.000         0.000 / 0.000         0.000 / 0.000         0.000 / 0.000       ms
[2024-03-16T12:45:55.812+0800][gc,stats    ]    Critical: GC Locker Stall                                   0 / 0                 0 / 0                 0 / 0                 0 / 0           ops/s
[2024-03-16T12:45:55.812+0800][gc,stats    ]    Critical: GC Locker Stall                               0.000 / 0.000         0.000 / 0.000         0.000 / 0.000         0.000 / 0.000       ms
[2024-03-16T12:45:55.812+0800][gc,stats    ]    Critical: Relocation Stall                                  0 / 0                 0 / 0                 0 / 0                 0 / 0           ops/s
[2024-03-16T12:45:55.812+0800][gc,stats    ]    Critical: Relocation Stall                              0.000 / 0.000         0.000 / 0.000         0.000 / 0.000         0.000 / 0.000       ms
[2024-03-16T12:45:55.812+0800][gc,stats    ]      Memory: Allocation Rate                                   0 / 4                15 / 88               15 / 88               15 / 88          MB/s
[2024-03-16T12:45:55.812+0800][gc,stats    ]      Memory: Defragment                                        0 / 0                 0 / 0                 0 / 0                 0 / 0           ops/s
[2024-03-16T12:45:55.812+0800][gc,stats    ]      Memory: Out Of Memory                                     0 / 0                 0 / 0                 0 / 0                 0 / 0           ops/s
[2024-03-16T12:45:55.812+0800][gc,stats    ]      Memory: Page Cache Flush                                  0 / 0                 0 / 0                 0 / 0                 0 / 0           MB/s
[2024-03-16T12:45:55.812+0800][gc,stats    ]      Memory: Page Cache Hit L1                                 0 / 2                 3 / 39                3 / 39                3 / 39          ops/s
[2024-03-16T12:45:55.812+0800][gc,stats    ]      Memory: Page Cache Hit L2                                 0 / 0                 0 / 0                 0 / 0                 0 / 0           ops/s
[2024-03-16T12:45:55.812+0800][gc,stats    ]      Memory: Page Cache Hit L3                                 0 / 0                 4 / 44                4 / 44                4 / 44          ops/s
[2024-03-16T12:45:55.812+0800][gc,stats    ]      Memory: Page Cache Miss                                   0 / 0                 0 / 1                 0 / 1                 0 / 1           ops/s
[2024-03-16T12:45:55.812+0800][gc,stats    ]      Memory: Uncommit                                          0 / 0                 0 / 0                 0 / 0                 0 / 0           MB/s
[2024-03-16T12:45:55.812+0800][gc,stats    ]      Memory: Undo Object Allocation Failed                     0 / 0                 0 / 0                 0 / 0                 0 / 0           ops/s
[2024-03-16T12:45:55.812+0800][gc,stats    ]      Memory: Undo Object Allocation Succeeded                  0 / 0                 0 / 0                 0 / 0                 0 / 0           ops/s
[2024-03-16T12:45:55.812+0800][gc,stats    ]      Memory: Undo Page Allocation                              0 / 0                 0 / 0                 0 / 0                 0 / 0           ops/s
[2024-03-16T12:45:55.812+0800][gc,stats    ]       Phase: Concurrent Mark                               0.000 / 0.000        21.987 / 22.023       21.987 / 22.023       21.987 / 22.023      ms
[2024-03-16T12:45:55.812+0800][gc,stats    ]       Phase: Concurrent Mark Continue                      0.000 / 0.000         0.000 / 0.000         0.000 / 0.000         0.000 / 0.000       ms
[2024-03-16T12:45:55.812+0800][gc,stats    ]       Phase: Concurrent Mark Free                          0.000 / 0.000         0.001 / 0.001         0.001 / 0.001         0.001 / 0.001       ms
[2024-03-16T12:45:55.812+0800][gc,stats    ]       Phase: Concurrent Process Non-Strong References      0.000 / 0.000         2.263 / 2.984         2.263 / 2.984         2.263 / 2.984       ms
[2024-03-16T12:45:55.812+0800][gc,stats    ]       Phase: Concurrent Relocate                           0.000 / 0.000         3.162 / 3.562         3.162 / 3.562         3.162 / 3.562       ms
[2024-03-16T12:45:55.812+0800][gc,stats    ]       Phase: Concurrent Reset Relocation Set               0.000 / 0.000         0.004 / 0.007         0.004 / 0.007         0.004 / 0.007       ms
[2024-03-16T12:45:55.812+0800][gc,stats    ]       Phase: Concurrent Select Relocation Set              0.000 / 0.000         5.698 / 9.718         5.698 / 9.718         5.698 / 9.718       ms
[2024-03-16T12:45:55.812+0800][gc,stats    ]       Phase: Pause Mark End                                0.000 / 0.000         0.016 / 0.017         0.016 / 0.017         0.016 / 0.017       ms
[2024-03-16T12:45:55.812+0800][gc,stats    ]       Phase: Pause Mark Start                              0.000 / 0.000         0.013 / 0.017         0.013 / 0.017         0.013 / 0.017       ms
[2024-03-16T12:45:55.812+0800][gc,stats    ]       Phase: Pause Relocate Start                          0.000 / 0.000         0.009 / 0.009         0.009 / 0.009         0.009 / 0.009       ms
[2024-03-16T12:45:55.812+0800][gc,stats    ]    Subphase: Concurrent Classes Purge                      0.000 / 0.000         0.075 / 0.106         0.075 / 0.106         0.075 / 0.106       ms
[2024-03-16T12:45:55.812+0800][gc,stats    ]    Subphase: Concurrent Classes Unlink                     0.000 / 0.000         1.536 / 2.043         1.536 / 2.043         1.536 / 2.043       ms
[2024-03-16T12:45:55.812+0800][gc,stats    ]    Subphase: Concurrent Mark                               0.000 / 0.000        18.873 / 21.168       18.873 / 21.168       18.873 / 21.168      ms
[2024-03-16T12:45:55.812+0800][gc,stats    ]    Subphase: Concurrent Mark Try Flush                     0.000 / 0.000         0.084 / 0.158         0.084 / 0.158         0.084 / 0.158       ms
[2024-03-16T12:45:55.812+0800][gc,stats    ]    Subphase: Concurrent Mark Try Terminate                 0.000 / 0.000         4.470 / 12.345        4.470 / 12.345        4.470 / 12.345      ms
[2024-03-16T12:45:55.812+0800][gc,stats    ]    Subphase: Concurrent References Enqueue                 0.000 / 0.000         0.005 / 0.006         0.005 / 0.006         0.005 / 0.006       ms
[2024-03-16T12:45:55.812+0800][gc,stats    ]    Subphase: Concurrent References Process                 0.000 / 0.000         0.110 / 0.136         0.110 / 0.136         0.110 / 0.136       ms
[2024-03-16T12:45:55.812+0800][gc,stats    ]    Subphase: Concurrent Roots ClassLoaderDataGraph         0.000 / 0.000         0.100 / 0.469         0.100 / 0.469         0.100 / 0.469       ms
[2024-03-16T12:45:55.812+0800][gc,stats    ]    Subphase: Concurrent Roots CodeCache                    0.000 / 0.000         0.000 / 0.000         0.000 / 0.000         0.000 / 0.000       ms
[2024-03-16T12:45:55.812+0800][gc,stats    ]    Subphase: Concurrent Roots JavaThreads                  0.000 / 0.000         0.979 / 1.661         0.979 / 1.661         0.979 / 1.661       ms
[2024-03-16T12:45:55.812+0800][gc,stats    ]    Subphase: Concurrent Roots OopStorageSet                0.000 / 0.000         0.031 / 0.057         0.031 / 0.057         0.031 / 0.057       ms
[2024-03-16T12:45:55.812+0800][gc,stats    ]    Subphase: Concurrent Weak Roots OopStorageSet           0.000 / 0.000         0.428 / 0.629         0.428 / 0.629         0.428 / 0.629       ms
[2024-03-16T12:45:55.812+0800][gc,stats    ]    Subphase: Pause Mark Try Complete                       0.000 / 0.000         0.000 / 0.000         0.000 / 0.000         0.000 / 0.000       ms
[2024-03-16T12:45:55.812+0800][gc,stats    ]      System: Java Threads                                      0 / 0                34 / 48               34 / 48               34 / 48          threads
[2024-03-16T12:45:55.812+0800][gc,stats    ] =========================================================================================================================================================
[2024-03-16T12:46:05.812+0800][gc,stats    ] === Garbage Collection Statistics =======================================================================================================================
[2024-03-16T12:46:05.812+0800][gc,stats    ]                                                              Last 10s              Last 10m              Last 10h                Total
[2024-03-16T12:46:05.812+0800][gc,stats    ]                                                              Avg / Max             Avg / Max             Avg / Max             Avg / Max
[2024-03-16T12:46:05.812+0800][gc,stats    ]   Collector: Garbage Collection Cycle                      0.000 / 0.000        34.222 / 37.319       34.222 / 37.319       34.222 / 37.319      ms
[2024-03-16T12:46:05.812+0800][gc,stats    ]  Contention: Mark Segment Reset Contention                     0 / 0                 0 / 4                 0 / 4                 0 / 4           ops/s
[2024-03-16T12:46:05.812+0800][gc,stats    ]  Contention: Mark SeqNum Reset Contention                      0 / 0                 0 / 0                 0 / 0                 0 / 0           ops/s
[2024-03-16T12:46:05.812+0800][gc,stats    ]    Critical: Allocation Stall                                  0 / 0                 0 / 0                 0 / 0                 0 / 0           ops/s
[2024-03-16T12:46:05.812+0800][gc,stats    ]    Critical: Allocation Stall                              0.000 / 0.000         0.000 / 0.000         0.000 / 0.000         0.000 / 0.000       ms
[2024-03-16T12:46:05.812+0800][gc,stats    ]    Critical: GC Locker Stall                                   0 / 0                 0 / 0                 0 / 0                 0 / 0           ops/s
[2024-03-16T12:46:05.812+0800][gc,stats    ]    Critical: GC Locker Stall                               0.000 / 0.000         0.000 / 0.000         0.000 / 0.000         0.000 / 0.000       ms
[2024-03-16T12:46:05.812+0800][gc,stats    ]    Critical: Relocation Stall                                  0 / 0                 0 / 0                 0 / 0                 0 / 0           ops/s
[2024-03-16T12:46:05.812+0800][gc,stats    ]    Critical: Relocation Stall                              0.000 / 0.000         0.000 / 0.000         0.000 / 0.000         0.000 / 0.000       ms
[2024-03-16T12:46:05.812+0800][gc,stats    ]      Memory: Allocation Rate                                   1 / 8                10 / 88               10 / 88               10 / 88          MB/s
[2024-03-16T12:46:05.812+0800][gc,stats    ]      Memory: Defragment                                        0 / 0                 0 / 0                 0 / 0                 0 / 0           ops/s
[2024-03-16T12:46:05.812+0800][gc,stats    ]      Memory: Out Of Memory                                     0 / 0                 0 / 0                 0 / 0                 0 / 0           ops/s
[2024-03-16T12:46:05.812+0800][gc,stats    ]      Memory: Page Cache Flush                                  0 / 0                 0 / 0                 0 / 0                 0 / 0           MB/s
[2024-03-16T12:46:05.812+0800][gc,stats    ]      Memory: Page Cache Hit L1                                 0 / 4                 2 / 39                2 / 39                2 / 39          ops/s
[2024-03-16T12:46:05.812+0800][gc,stats    ]      Memory: Page Cache Hit L2                                 0 / 0                 0 / 0                 0 / 0                 0 / 0           ops/s
[2024-03-16T12:46:05.812+0800][gc,stats    ]      Memory: Page Cache Hit L3                                 0 / 0                 2 / 44                2 / 44                2 / 44          ops/s
[2024-03-16T12:46:05.812+0800][gc,stats    ]      Memory: Page Cache Miss                                   0 / 0                 0 / 1                 0 / 1                 0 / 1           ops/s
[2024-03-16T12:46:05.812+0800][gc,stats    ]      Memory: Uncommit                                          0 / 0                 0 / 0                 0 / 0                 0 / 0           MB/s
[2024-03-16T12:46:05.812+0800][gc,stats    ]      Memory: Undo Object Allocation Failed                     0 / 0                 0 / 0                 0 / 0                 0 / 0           ops/s
[2024-03-16T12:46:05.812+0800][gc,stats    ]      Memory: Undo Object Allocation Succeeded                  0 / 0                 0 / 0                 0 / 0                 0 / 0           ops/s
[2024-03-16T12:46:05.812+0800][gc,stats    ]      Memory: Undo Page Allocation                              0 / 0                 0 / 0                 0 / 0                 0 / 0           ops/s
[2024-03-16T12:46:05.812+0800][gc,stats    ]       Phase: Concurrent Mark                               0.000 / 0.000        21.987 / 22.023       21.987 / 22.023       21.987 / 22.023      ms
[2024-03-16T12:46:05.812+0800][gc,stats    ]       Phase: Concurrent Mark Continue                      0.000 / 0.000         0.000 / 0.000         0.000 / 0.000         0.000 / 0.000       ms
[2024-03-16T12:46:05.812+0800][gc,stats    ]       Phase: Concurrent Mark Free                          0.000 / 0.000         0.001 / 0.001         0.001 / 0.001         0.001 / 0.001       ms
[2024-03-16T12:46:05.812+0800][gc,stats    ]       Phase: Concurrent Process Non-Strong References      0.000 / 0.000         2.263 / 2.984         2.263 / 2.984         2.263 / 2.984       ms
[2024-03-16T12:46:05.812+0800][gc,stats    ]       Phase: Concurrent Relocate                           0.000 / 0.000         3.162 / 3.562         3.162 / 3.562         3.162 / 3.562       ms
[2024-03-16T12:46:05.812+0800][gc,stats    ]       Phase: Concurrent Reset Relocation Set               0.000 / 0.000         0.004 / 0.007         0.004 / 0.007         0.004 / 0.007       ms
[2024-03-16T12:46:05.812+0800][gc,stats    ]       Phase: Concurrent Select Relocation Set              0.000 / 0.000         5.698 / 9.718         5.698 / 9.718         5.698 / 9.718       ms
[2024-03-16T12:46:05.812+0800][gc,stats    ]       Phase: Pause Mark End                                0.000 / 0.000         0.016 / 0.017         0.016 / 0.017         0.016 / 0.017       ms
[2024-03-16T12:46:05.812+0800][gc,stats    ]       Phase: Pause Mark Start                              0.000 / 0.000         0.013 / 0.017         0.013 / 0.017         0.013 / 0.017       ms
[2024-03-16T12:46:05.812+0800][gc,stats    ]       Phase: Pause Relocate Start                          0.000 / 0.000         0.009 / 0.009         0.009 / 0.009         0.009 / 0.009       ms
[2024-03-16T12:46:05.812+0800][gc,stats    ]    Subphase: Concurrent Classes Purge                      0.000 / 0.000         0.075 / 0.106         0.075 / 0.106         0.075 / 0.106       ms
[2024-03-16T12:46:05.812+0800][gc,stats    ]    Subphase: Concurrent Classes Unlink                     0.000 / 0.000         1.536 / 2.043         1.536 / 2.043         1.536 / 2.043       ms
[2024-03-16T12:46:05.812+0800][gc,stats    ]    Subphase: Concurrent Mark                               0.000 / 0.000        18.873 / 21.168       18.873 / 21.168       18.873 / 21.168      ms
[2024-03-16T12:46:05.812+0800][gc,stats    ]    Subphase: Concurrent Mark Try Flush                     0.000 / 0.000         0.084 / 0.158         0.084 / 0.158         0.084 / 0.158       ms
[2024-03-16T12:46:05.812+0800][gc,stats    ]    Subphase: Concurrent Mark Try Terminate                 0.000 / 0.000         4.470 / 12.345        4.470 / 12.345        4.470 / 12.345      ms
[2024-03-16T12:46:05.812+0800][gc,stats    ]    Subphase: Concurrent References Enqueue                 0.000 / 0.000         0.005 / 0.006         0.005 / 0.006         0.005 / 0.006       ms
[2024-03-16T12:46:05.812+0800][gc,stats    ]    Subphase: Concurrent References Process                 0.000 / 0.000         0.110 / 0.136         0.110 / 0.136         0.110 / 0.136       ms
[2024-03-16T12:46:05.812+0800][gc,stats    ]    Subphase: Concurrent Roots ClassLoaderDataGraph         0.000 / 0.000         0.100 / 0.469         0.100 / 0.469         0.100 / 0.469       ms
[2024-03-16T12:46:05.812+0800][gc,stats    ]    Subphase: Concurrent Roots CodeCache                    0.000 / 0.000         0.000 / 0.000         0.000 / 0.000         0.000 / 0.000       ms
[2024-03-16T12:46:05.812+0800][gc,stats    ]    Subphase: Concurrent Roots JavaThreads                  0.000 / 0.000         0.979 / 1.661         0.979 / 1.661         0.979 / 1.661       ms
[2024-03-16T12:46:05.812+0800][gc,stats    ]    Subphase: Concurrent Roots OopStorageSet                0.000 / 0.000         0.031 / 0.057         0.031 / 0.057         0.031 / 0.057       ms
[2024-03-16T12:46:05.812+0800][gc,stats    ]    Subphase: Concurrent Weak Roots OopStorageSet           0.000 / 0.000         0.428 / 0.629         0.428 / 0.629         0.428 / 0.629       ms
[2024-03-16T12:46:05.812+0800][gc,stats    ]    Subphase: Pause Mark Try Complete                       0.000 / 0.000         0.000 / 0.000         0.000 / 0.000         0.000 / 0.000       ms
[2024-03-16T12:46:05.812+0800][gc,stats    ]      System: Java Threads                                      0 / 0                34 / 48               34 / 48               34 / 48          threads
[2024-03-16T12:46:05.812+0800][gc,stats    ] =========================================================================================================================================================
[2024-03-16T12:46:15.812+0800][gc,stats    ] === Garbage Collection Statistics =======================================================================================================================
[2024-03-16T12:46:15.812+0800][gc,stats    ]                                                              Last 10s              Last 10m              Last 10h                Total
[2024-03-16T12:46:15.812+0800][gc,stats    ]                                                              Avg / Max             Avg / Max             Avg / Max             Avg / Max
[2024-03-16T12:46:15.812+0800][gc,stats    ]   Collector: Garbage Collection Cycle                      0.000 / 0.000        34.222 / 37.319       34.222 / 37.319       34.222 / 37.319      ms
[2024-03-16T12:46:15.812+0800][gc,stats    ]  Contention: Mark Segment Reset Contention                     0 / 0                 0 / 4                 0 / 4                 0 / 4           ops/s
[2024-03-16T12:46:15.812+0800][gc,stats    ]  Contention: Mark SeqNum Reset Contention                      0 / 0                 0 / 0                 0 / 0                 0 / 0           ops/s
[2024-03-16T12:46:15.812+0800][gc,stats    ]    Critical: Allocation Stall                                  0 / 0                 0 / 0                 0 / 0                 0 / 0           ops/s
[2024-03-16T12:46:15.812+0800][gc,stats    ]    Critical: Allocation Stall                              0.000 / 0.000         0.000 / 0.000         0.000 / 0.000         0.000 / 0.000       ms
[2024-03-16T12:46:15.812+0800][gc,stats    ]    Critical: GC Locker Stall                                   0 / 0                 0 / 0                 0 / 0                 0 / 0           ops/s
[2024-03-16T12:46:15.812+0800][gc,stats    ]    Critical: GC Locker Stall                               0.000 / 0.000         0.000 / 0.000         0.000 / 0.000         0.000 / 0.000       ms
[2024-03-16T12:46:15.812+0800][gc,stats    ]    Critical: Relocation Stall                                  0 / 0                 0 / 0                 0 / 0                 0 / 0           ops/s
[2024-03-16T12:46:15.812+0800][gc,stats    ]    Critical: Relocation Stall                              0.000 / 0.000         0.000 / 0.000         0.000 / 0.000         0.000 / 0.000       ms
[2024-03-16T12:46:15.812+0800][gc,stats    ]      Memory: Allocation Rate                                   0 / 2                 8 / 88                8 / 88                8 / 88          MB/s
[2024-03-16T12:46:15.812+0800][gc,stats    ]      Memory: Defragment                                        0 / 0                 0 / 0                 0 / 0                 0 / 0           ops/s
[2024-03-16T12:46:15.812+0800][gc,stats    ]      Memory: Out Of Memory                                     0 / 0                 0 / 0                 0 / 0                 0 / 0           ops/s
[2024-03-16T12:46:15.812+0800][gc,stats    ]      Memory: Page Cache Flush                                  0 / 0                 0 / 0                 0 / 0                 0 / 0           MB/s
[2024-03-16T12:46:15.812+0800][gc,stats    ]      Memory: Page Cache Hit L1                                 0 / 1                 1 / 39                1 / 39                1 / 39          ops/s
[2024-03-16T12:46:15.812+0800][gc,stats    ]      Memory: Page Cache Hit L2                                 0 / 0                 0 / 0                 0 / 0                 0 / 0           ops/s
[2024-03-16T12:46:15.812+0800][gc,stats    ]      Memory: Page Cache Hit L3                                 0 / 0                 2 / 44                2 / 44                2 / 44          ops/s
[2024-03-16T12:46:15.812+0800][gc,stats    ]      Memory: Page Cache Miss                                   0 / 0                 0 / 1                 0 / 1                 0 / 1           ops/s
[2024-03-16T12:46:15.812+0800][gc,stats    ]      Memory: Uncommit                                          0 / 0                 0 / 0                 0 / 0                 0 / 0           MB/s
[2024-03-16T12:46:15.812+0800][gc,stats    ]      Memory: Undo Object Allocation Failed                     0 / 0                 0 / 0                 0 / 0                 0 / 0           ops/s
[2024-03-16T12:46:15.812+0800][gc,stats    ]      Memory: Undo Object Allocation Succeeded                  0 / 0                 0 / 0                 0 / 0                 0 / 0           ops/s
[2024-03-16T12:46:15.812+0800][gc,stats    ]      Memory: Undo Page Allocation                              0 / 0                 0 / 0                 0 / 0                 0 / 0           ops/s
[2024-03-16T12:46:15.812+0800][gc,stats    ]       Phase: Concurrent Mark                               0.000 / 0.000        21.987 / 22.023       21.987 / 22.023       21.987 / 22.023      ms
[2024-03-16T12:46:15.812+0800][gc,stats    ]       Phase: Concurrent Mark Continue                      0.000 / 0.000         0.000 / 0.000         0.000 / 0.000         0.000 / 0.000       ms
[2024-03-16T12:46:15.812+0800][gc,stats    ]       Phase: Concurrent Mark Free                          0.000 / 0.000         0.001 / 0.001         0.001 / 0.001         0.001 / 0.001       ms
[2024-03-16T12:46:15.812+0800][gc,stats    ]       Phase: Concurrent Process Non-Strong References      0.000 / 0.000         2.263 / 2.984         2.263 / 2.984         2.263 / 2.984       ms
[2024-03-16T12:46:15.812+0800][gc,stats    ]       Phase: Concurrent Relocate                           0.000 / 0.000         3.162 / 3.562         3.162 / 3.562         3.162 / 3.562       ms
[2024-03-16T12:46:15.812+0800][gc,stats    ]       Phase: Concurrent Reset Relocation Set               0.000 / 0.000         0.004 / 0.007         0.004 / 0.007         0.004 / 0.007       ms
[2024-03-16T12:46:15.812+0800][gc,stats    ]       Phase: Concurrent Select Relocation Set              0.000 / 0.000         5.698 / 9.718         5.698 / 9.718         5.698 / 9.718       ms
[2024-03-16T12:46:15.812+0800][gc,stats    ]       Phase: Pause Mark End                                0.000 / 0.000         0.016 / 0.017         0.016 / 0.017         0.016 / 0.017       ms
[2024-03-16T12:46:15.812+0800][gc,stats    ]       Phase: Pause Mark Start                              0.000 / 0.000         0.013 / 0.017         0.013 / 0.017         0.013 / 0.017       ms
[2024-03-16T12:46:15.812+0800][gc,stats    ]       Phase: Pause Relocate Start                          0.000 / 0.000         0.009 / 0.009         0.009 / 0.009         0.009 / 0.009       ms
[2024-03-16T12:46:15.812+0800][gc,stats    ]    Subphase: Concurrent Classes Purge                      0.000 / 0.000         0.075 / 0.106         0.075 / 0.106         0.075 / 0.106       ms
[2024-03-16T12:46:15.812+0800][gc,stats    ]    Subphase: Concurrent Classes Unlink                     0.000 / 0.000         1.536 / 2.043         1.536 / 2.043         1.536 / 2.043       ms
[2024-03-16T12:46:15.812+0800][gc,stats    ]    Subphase: Concurrent Mark                               0.000 / 0.000        18.873 / 21.168       18.873 / 21.168       18.873 / 21.168      ms
[2024-03-16T12:46:15.812+0800][gc,stats    ]    Subphase: Concurrent Mark Try Flush                     0.000 / 0.000         0.084 / 0.158         0.084 / 0.158         0.084 / 0.158       ms
[2024-03-16T12:46:15.812+0800][gc,stats    ]    Subphase: Concurrent Mark Try Terminate                 0.000 / 0.000         4.470 / 12.345        4.470 / 12.345        4.470 / 12.345      ms
[2024-03-16T12:46:15.812+0800][gc,stats    ]    Subphase: Concurrent References Enqueue                 0.000 / 0.000         0.005 / 0.006         0.005 / 0.006         0.005 / 0.006       ms
[2024-03-16T12:46:15.812+0800][gc,stats    ]    Subphase: Concurrent References Process                 0.000 / 0.000         0.110 / 0.136         0.110 / 0.136         0.110 / 0.136       ms
[2024-03-16T12:46:15.812+0800][gc,stats    ]    Subphase: Concurrent Roots ClassLoaderDataGraph         0.000 / 0.000         0.100 / 0.469         0.100 / 0.469         0.100 / 0.469       ms
[2024-03-16T12:46:15.812+0800][gc,stats    ]    Subphase: Concurrent Roots CodeCache                    0.000 / 0.000         0.000 / 0.000         0.000 / 0.000         0.000 / 0.000       ms
[2024-03-16T12:46:15.812+0800][gc,stats    ]    Subphase: Concurrent Roots JavaThreads                  0.000 / 0.000         0.979 / 1.661         0.979 / 1.661         0.979 / 1.661       ms
[2024-03-16T12:46:15.812+0800][gc,stats    ]    Subphase: Concurrent Roots OopStorageSet                0.000 / 0.000         0.031 / 0.057         0.031 / 0.057         0.031 / 0.057       ms
[2024-03-16T12:46:15.812+0800][gc,stats    ]    Subphase: Concurrent Weak Roots OopStorageSet           0.000 / 0.000         0.428 / 0.629         0.428 / 0.629         0.428 / 0.629       ms
[2024-03-16T12:46:15.812+0800][gc,stats    ]    Subphase: Pause Mark Try Complete                       0.000 / 0.000         0.000 / 0.000         0.000 / 0.000         0.000 / 0.000       ms
[2024-03-16T12:46:15.812+0800][gc,stats    ]      System: Java Threads                                      0 / 0                34 / 48               34 / 48               34 / 48          threads
[2024-03-16T12:46:15.812+0800][gc,stats    ] =========================================================================================================================================================
[2024-03-16T12:46:25.811+0800][gc,stats    ] === Garbage Collection Statistics =======================================================================================================================
[2024-03-16T12:46:25.811+0800][gc,stats    ]                                                              Last 10s              Last 10m              Last 10h                Total
[2024-03-16T12:46:25.811+0800][gc,stats    ]                                                              Avg / Max             Avg / Max             Avg / Max             Avg / Max
[2024-03-16T12:46:25.811+0800][gc,stats    ]   Collector: Garbage Collection Cycle                      0.000 / 0.000        34.222 / 37.319       34.222 / 37.319       34.222 / 37.319      ms
[2024-03-16T12:46:25.811+0800][gc,stats    ]  Contention: Mark Segment Reset Contention                     0 / 0                 0 / 4                 0 / 4                 0 / 4           ops/s
[2024-03-16T12:46:25.811+0800][gc,stats    ]  Contention: Mark SeqNum Reset Contention                      0 / 0                 0 / 0                 0 / 0                 0 / 0           ops/s
[2024-03-16T12:46:25.811+0800][gc,stats    ]    Critical: Allocation Stall                                  0 / 0                 0 / 0                 0 / 0                 0 / 0           ops/s
[2024-03-16T12:46:25.811+0800][gc,stats    ]    Critical: Allocation Stall                              0.000 / 0.000         0.000 / 0.000         0.000 / 0.000         0.000 / 0.000       ms
[2024-03-16T12:46:25.811+0800][gc,stats    ]    Critical: GC Locker Stall                                   0 / 0                 0 / 0                 0 / 0                 0 / 0           ops/s
[2024-03-16T12:46:25.811+0800][gc,stats    ]    Critical: GC Locker Stall                               0.000 / 0.000         0.000 / 0.000         0.000 / 0.000         0.000 / 0.000       ms
[2024-03-16T12:46:25.811+0800][gc,stats    ]    Critical: Relocation Stall                                  0 / 0                 0 / 0                 0 / 0                 0 / 0           ops/s
[2024-03-16T12:46:25.811+0800][gc,stats    ]    Critical: Relocation Stall                              0.000 / 0.000         0.000 / 0.000         0.000 / 0.000         0.000 / 0.000       ms
[2024-03-16T12:46:25.811+0800][gc,stats    ]      Memory: Allocation Rate                                   0 / 0                 6 / 88                6 / 88                6 / 88          MB/s
[2024-03-16T12:46:25.811+0800][gc,stats    ]      Memory: Defragment                                        0 / 0                 0 / 0                 0 / 0                 0 / 0           ops/s
[2024-03-16T12:46:25.811+0800][gc,stats    ]      Memory: Out Of Memory                                     0 / 0                 0 / 0                 0 / 0                 0 / 0           ops/s
[2024-03-16T12:46:25.811+0800][gc,stats    ]      Memory: Page Cache Flush                                  0 / 0                 0 / 0                 0 / 0                 0 / 0           MB/s
[2024-03-16T12:46:25.811+0800][gc,stats    ]      Memory: Page Cache Hit L1                                 0 / 0                 1 / 39                1 / 39                1 / 39          ops/s
[2024-03-16T12:46:25.811+0800][gc,stats    ]      Memory: Page Cache Hit L2                                 0 / 0                 0 / 0                 0 / 0                 0 / 0           ops/s
[2024-03-16T12:46:25.811+0800][gc,stats    ]      Memory: Page Cache Hit L3                                 0 / 0                 1 / 44                1 / 44                1 / 44          ops/s
[2024-03-16T12:46:25.811+0800][gc,stats    ]      Memory: Page Cache Miss                                   0 / 0                 0 / 1                 0 / 1                 0 / 1           ops/s
[2024-03-16T12:46:25.811+0800][gc,stats    ]      Memory: Uncommit                                          0 / 0                 0 / 0                 0 / 0                 0 / 0           MB/s
[2024-03-16T12:46:25.811+0800][gc,stats    ]      Memory: Undo Object Allocation Failed                     0 / 0                 0 / 0                 0 / 0                 0 / 0           ops/s
[2024-03-16T12:46:25.811+0800][gc,stats    ]      Memory: Undo Object Allocation Succeeded                  0 / 0                 0 / 0                 0 / 0                 0 / 0           ops/s
[2024-03-16T12:46:25.811+0800][gc,stats    ]      Memory: Undo Page Allocation                              0 / 0                 0 / 0                 0 / 0                 0 / 0           ops/s
[2024-03-16T12:46:25.811+0800][gc,stats    ]       Phase: Concurrent Mark                               0.000 / 0.000        21.987 / 22.023       21.987 / 22.023       21.987 / 22.023      ms
[2024-03-16T12:46:25.811+0800][gc,stats    ]       Phase: Concurrent Mark Continue                      0.000 / 0.000         0.000 / 0.000         0.000 / 0.000         0.000 / 0.000       ms
[2024-03-16T12:46:25.811+0800][gc,stats    ]       Phase: Concurrent Mark Free                          0.000 / 0.000         0.001 / 0.001         0.001 / 0.001         0.001 / 0.001       ms
[2024-03-16T12:46:25.811+0800][gc,stats    ]       Phase: Concurrent Process Non-Strong References      0.000 / 0.000         2.263 / 2.984         2.263 / 2.984         2.263 / 2.984       ms
[2024-03-16T12:46:25.811+0800][gc,stats    ]       Phase: Concurrent Relocate                           0.000 / 0.000         3.162 / 3.562         3.162 / 3.562         3.162 / 3.562       ms
[2024-03-16T12:46:25.811+0800][gc,stats    ]       Phase: Concurrent Reset Relocation Set               0.000 / 0.000         0.004 / 0.007         0.004 / 0.007         0.004 / 0.007       ms
[2024-03-16T12:46:25.811+0800][gc,stats    ]       Phase: Concurrent Select Relocation Set              0.000 / 0.000         5.698 / 9.718         5.698 / 9.718         5.698 / 9.718       ms
[2024-03-16T12:46:25.811+0800][gc,stats    ]       Phase: Pause Mark End                                0.000 / 0.000         0.016 / 0.017         0.016 / 0.017         0.016 / 0.017       ms
[2024-03-16T12:46:25.811+0800][gc,stats    ]       Phase: Pause Mark Start                              0.000 / 0.000         0.013 / 0.017         0.013 / 0.017         0.013 / 0.017       ms
[2024-03-16T12:46:25.811+0800][gc,stats    ]       Phase: Pause Relocate Start                          0.000 / 0.000         0.009 / 0.009         0.009 / 0.009         0.009 / 0.009       ms
[2024-03-16T12:46:25.811+0800][gc,stats    ]    Subphase: Concurrent Classes Purge                      0.000 / 0.000         0.075 / 0.106         0.075 / 0.106         0.075 / 0.106       ms
[2024-03-16T12:46:25.811+0800][gc,stats    ]    Subphase: Concurrent Classes Unlink                     0.000 / 0.000         1.536 / 2.043         1.536 / 2.043         1.536 / 2.043       ms
[2024-03-16T12:46:25.811+0800][gc,stats    ]    Subphase: Concurrent Mark                               0.000 / 0.000        18.873 / 21.168       18.873 / 21.168       18.873 / 21.168      ms
[2024-03-16T12:46:25.811+0800][gc,stats    ]    Subphase: Concurrent Mark Try Flush                     0.000 / 0.000         0.084 / 0.158         0.084 / 0.158         0.084 / 0.158       ms
[2024-03-16T12:46:25.811+0800][gc,stats    ]    Subphase: Concurrent Mark Try Terminate                 0.000 / 0.000         4.470 / 12.345        4.470 / 12.345        4.470 / 12.345      ms
[2024-03-16T12:46:25.811+0800][gc,stats    ]    Subphase: Concurrent References Enqueue                 0.000 / 0.000         0.005 / 0.006         0.005 / 0.006         0.005 / 0.006       ms
[2024-03-16T12:46:25.811+0800][gc,stats    ]    Subphase: Concurrent References Process                 0.000 / 0.000         0.110 / 0.136         0.110 / 0.136         0.110 / 0.136       ms
[2024-03-16T12:46:25.811+0800][gc,stats    ]    Subphase: Concurrent Roots ClassLoaderDataGraph         0.000 / 0.000         0.100 / 0.469         0.100 / 0.469         0.100 / 0.469       ms
[2024-03-16T12:46:25.811+0800][gc,stats    ]    Subphase: Concurrent Roots CodeCache                    0.000 / 0.000         0.000 / 0.000         0.000 / 0.000         0.000 / 0.000       ms
[2024-03-16T12:46:25.811+0800][gc,stats    ]    Subphase: Concurrent Roots JavaThreads                  0.000 / 0.000         0.979 / 1.661         0.979 / 1.661         0.979 / 1.661       ms
[2024-03-16T12:46:25.811+0800][gc,stats    ]    Subphase: Concurrent Roots OopStorageSet                0.000 / 0.000         0.031 / 0.057         0.031 / 0.057         0.031 / 0.057       ms
[2024-03-16T12:46:25.811+0800][gc,stats    ]    Subphase: Concurrent Weak Roots OopStorageSet           0.000 / 0.000         0.428 / 0.629         0.428 / 0.629         0.428 / 0.629       ms
[2024-03-16T12:46:25.811+0800][gc,stats    ]    Subphase: Pause Mark Try Complete                       0.000 / 0.000         0.000 / 0.000         0.000 / 0.000         0.000 / 0.000       ms
[2024-03-16T12:46:25.811+0800][gc,stats    ]      System: Java Threads                                      0 / 0                34 / 48               34 / 48               34 / 48          threads
[2024-03-16T12:46:25.811+0800][gc,stats    ] =========================================================================================================================================================
[2024-03-16T12:46:35.813+0800][gc,stats    ] === Garbage Collection Statistics =======================================================================================================================
[2024-03-16T12:46:35.813+0800][gc,stats    ]                                                              Last 10s              Last 10m              Last 10h                Total
[2024-03-16T12:46:35.813+0800][gc,stats    ]                                                              Avg / Max             Avg / Max             Avg / Max             Avg / Max
[2024-03-16T12:46:35.813+0800][gc,stats    ]   Collector: Garbage Collection Cycle                      0.000 / 0.000        34.222 / 37.319       34.222 / 37.319       34.222 / 37.319      ms
[2024-03-16T12:46:35.813+0800][gc,stats    ]  Contention: Mark Segment Reset Contention                     0 / 0                 0 / 4                 0 / 4                 0 / 4           ops/s
[2024-03-16T12:46:35.813+0800][gc,stats    ]  Contention: Mark SeqNum Reset Contention                      0 / 0                 0 / 0                 0 / 0                 0 / 0           ops/s
[2024-03-16T12:46:35.813+0800][gc,stats    ]    Critical: Allocation Stall                                  0 / 0                 0 / 0                 0 / 0                 0 / 0           ops/s
[2024-03-16T12:46:35.813+0800][gc,stats    ]    Critical: Allocation Stall                              0.000 / 0.000         0.000 / 0.000         0.000 / 0.000         0.000 / 0.000       ms
[2024-03-16T12:46:35.813+0800][gc,stats    ]    Critical: GC Locker Stall                                   0 / 0                 0 / 0                 0 / 0                 0 / 0           ops/s
[2024-03-16T12:46:35.813+0800][gc,stats    ]    Critical: GC Locker Stall                               0.000 / 0.000         0.000 / 0.000         0.000 / 0.000         0.000 / 0.000       ms
[2024-03-16T12:46:35.813+0800][gc,stats    ]    Critical: Relocation Stall                                  0 / 0                 0 / 0                 0 / 0                 0 / 0           ops/s
[2024-03-16T12:46:35.813+0800][gc,stats    ]    Critical: Relocation Stall                              0.000 / 0.000         0.000 / 0.000         0.000 / 0.000         0.000 / 0.000       ms
[2024-03-16T12:46:35.813+0800][gc,stats    ]      Memory: Allocation Rate                                   0 / 0                 5 / 88                5 / 88                5 / 88          MB/s
[2024-03-16T12:46:35.813+0800][gc,stats    ]      Memory: Defragment                                        0 / 0                 0 / 0                 0 / 0                 0 / 0           ops/s
[2024-03-16T12:46:35.813+0800][gc,stats    ]      Memory: Out Of Memory                                     0 / 0                 0 / 0                 0 / 0                 0 / 0           ops/s
[2024-03-16T12:46:35.813+0800][gc,stats    ]      Memory: Page Cache Flush                                  0 / 0                 0 / 0                 0 / 0                 0 / 0           MB/s
[2024-03-16T12:46:35.813+0800][gc,stats    ]      Memory: Page Cache Hit L1                                 0 / 0                 1 / 39                1 / 39                1 / 39          ops/s
[2024-03-16T12:46:35.813+0800][gc,stats    ]      Memory: Page Cache Hit L2                                 0 / 0                 0 / 0                 0 / 0                 0 / 0           ops/s
[2024-03-16T12:46:35.813+0800][gc,stats    ]      Memory: Page Cache Hit L3                                 0 / 0                 1 / 44                1 / 44                1 / 44          ops/s
[2024-03-16T12:46:35.813+0800][gc,stats    ]      Memory: Page Cache Miss                                   0 / 0                 0 / 1                 0 / 1                 0 / 1           ops/s
[2024-03-16T12:46:35.813+0800][gc,stats    ]      Memory: Uncommit                                          0 / 0                 0 / 0                 0 / 0                 0 / 0           MB/s
[2024-03-16T12:46:35.813+0800][gc,stats    ]      Memory: Undo Object Allocation Failed                     0 / 0                 0 / 0                 0 / 0                 0 / 0           ops/s
[2024-03-16T12:46:35.813+0800][gc,stats    ]      Memory: Undo Object Allocation Succeeded                  0 / 0                 0 / 0                 0 / 0                 0 / 0           ops/s
[2024-03-16T12:46:35.813+0800][gc,stats    ]      Memory: Undo Page Allocation                              0 / 0                 0 / 0                 0 / 0                 0 / 0           ops/s
[2024-03-16T12:46:35.813+0800][gc,stats    ]       Phase: Concurrent Mark                               0.000 / 0.000        21.987 / 22.023       21.987 / 22.023       21.987 / 22.023      ms
[2024-03-16T12:46:35.813+0800][gc,stats    ]       Phase: Concurrent Mark Continue                      0.000 / 0.000         0.000 / 0.000         0.000 / 0.000         0.000 / 0.000       ms
[2024-03-16T12:46:35.813+0800][gc,stats    ]       Phase: Concurrent Mark Free                          0.000 / 0.000         0.001 / 0.001         0.001 / 0.001         0.001 / 0.001       ms
[2024-03-16T12:46:35.813+0800][gc,stats    ]       Phase: Concurrent Process Non-Strong References      0.000 / 0.000         2.263 / 2.984         2.263 / 2.984         2.263 / 2.984       ms
[2024-03-16T12:46:35.813+0800][gc,stats    ]       Phase: Concurrent Relocate                           0.000 / 0.000         3.162 / 3.562         3.162 / 3.562         3.162 / 3.562       ms
[2024-03-16T12:46:35.813+0800][gc,stats    ]       Phase: Concurrent Reset Relocation Set               0.000 / 0.000         0.004 / 0.007         0.004 / 0.007         0.004 / 0.007       ms
[2024-03-16T12:46:35.813+0800][gc,stats    ]       Phase: Concurrent Select Relocation Set              0.000 / 0.000         5.698 / 9.718         5.698 / 9.718         5.698 / 9.718       ms
[2024-03-16T12:46:35.813+0800][gc,stats    ]       Phase: Pause Mark End                                0.000 / 0.000         0.016 / 0.017         0.016 / 0.017         0.016 / 0.017       ms
[2024-03-16T12:46:35.813+0800][gc,stats    ]       Phase: Pause Mark Start                              0.000 / 0.000         0.013 / 0.017         0.013 / 0.017         0.013 / 0.017       ms
[2024-03-16T12:46:35.813+0800][gc,stats    ]       Phase: Pause Relocate Start                          0.000 / 0.000         0.009 / 0.009         0.009 / 0.009         0.009 / 0.009       ms
[2024-03-16T12:46:35.813+0800][gc,stats    ]    Subphase: Concurrent Classes Purge                      0.000 / 0.000         0.075 / 0.106         0.075 / 0.106         0.075 / 0.106       ms
[2024-03-16T12:46:35.813+0800][gc,stats    ]    Subphase: Concurrent Classes Unlink                     0.000 / 0.000         1.536 / 2.043         1.536 / 2.043         1.536 / 2.043       ms
[2024-03-16T12:46:35.813+0800][gc,stats    ]    Subphase: Concurrent Mark                               0.000 / 0.000        18.873 / 21.168       18.873 / 21.168       18.873 / 21.168      ms
[2024-03-16T12:46:35.813+0800][gc,stats    ]    Subphase: Concurrent Mark Try Flush                     0.000 / 0.000         0.084 / 0.158         0.084 / 0.158         0.084 / 0.158       ms
[2024-03-16T12:46:35.813+0800][gc,stats    ]    Subphase: Concurrent Mark Try Terminate                 0.000 / 0.000         4.470 / 12.345        4.470 / 12.345        4.470 / 12.345      ms
[2024-03-16T12:46:35.813+0800][gc,stats    ]    Subphase: Concurrent References Enqueue                 0.000 / 0.000         0.005 / 0.006         0.005 / 0.006         0.005 / 0.006       ms
[2024-03-16T12:46:35.813+0800][gc,stats    ]    Subphase: Concurrent References Process                 0.000 / 0.000         0.110 / 0.136         0.110 / 0.136         0.110 / 0.136       ms
[2024-03-16T12:46:35.813+0800][gc,stats    ]    Subphase: Concurrent Roots ClassLoaderDataGraph         0.000 / 0.000         0.100 / 0.469         0.100 / 0.469         0.100 / 0.469       ms
[2024-03-16T12:46:35.813+0800][gc,stats    ]    Subphase: Concurrent Roots CodeCache                    0.000 / 0.000         0.000 / 0.000         0.000 / 0.000         0.000 / 0.000       ms
[2024-03-16T12:46:35.813+0800][gc,stats    ]    Subphase: Concurrent Roots JavaThreads                  0.000 / 0.000         0.979 / 1.661         0.979 / 1.661         0.979 / 1.661       ms
[2024-03-16T12:46:35.813+0800][gc,stats    ]    Subphase: Concurrent Roots OopStorageSet                0.000 / 0.000         0.031 / 0.057         0.031 / 0.057         0.031 / 0.057       ms
[2024-03-16T12:46:35.813+0800][gc,stats    ]    Subphase: Concurrent Weak Roots OopStorageSet           0.000 / 0.000         0.428 / 0.629         0.428 / 0.629         0.428 / 0.629       ms
[2024-03-16T12:46:35.813+0800][gc,stats    ]    Subphase: Pause Mark Try Complete                       0.000 / 0.000         0.000 / 0.000         0.000 / 0.000         0.000 / 0.000       ms
[2024-03-16T12:46:35.813+0800][gc,stats    ]      System: Java Threads                                      0 / 0                34 / 48               34 / 48               34 / 48          threads
[2024-03-16T12:46:35.813+0800][gc,stats    ] =========================================================================================================================================================
[2024-03-16T12:46:45.811+0800][gc,stats    ] === Garbage Collection Statistics =======================================================================================================================
[2024-03-16T12:46:45.811+0800][gc,stats    ]                                                              Last 10s              Last 10m              Last 10h                Total
[2024-03-16T12:46:45.811+0800][gc,stats    ]                                                              Avg / Max             Avg / Max             Avg / Max             Avg / Max
[2024-03-16T12:46:45.811+0800][gc,stats    ]   Collector: Garbage Collection Cycle                      0.000 / 0.000        34.222 / 37.319       34.222 / 37.319       34.222 / 37.319      ms
[2024-03-16T12:46:45.811+0800][gc,stats    ]  Contention: Mark Segment Reset Contention                     0 / 0                 0 / 4                 0 / 4                 0 / 4           ops/s
[2024-03-16T12:46:45.811+0800][gc,stats    ]  Contention: Mark SeqNum Reset Contention                      0 / 0                 0 / 0                 0 / 0                 0 / 0           ops/s
[2024-03-16T12:46:45.811+0800][gc,stats    ]    Critical: Allocation Stall                                  0 / 0                 0 / 0                 0 / 0                 0 / 0           ops/s
[2024-03-16T12:46:45.811+0800][gc,stats    ]    Critical: Allocation Stall                              0.000 / 0.000         0.000 / 0.000         0.000 / 0.000         0.000 / 0.000       ms
[2024-03-16T12:46:45.811+0800][gc,stats    ]    Critical: GC Locker Stall                                   0 / 0                 0 / 0                 0 / 0                 0 / 0           ops/s
[2024-03-16T12:46:45.811+0800][gc,stats    ]    Critical: GC Locker Stall                               0.000 / 0.000         0.000 / 0.000         0.000 / 0.000         0.000 / 0.000       ms
[2024-03-16T12:46:45.811+0800][gc,stats    ]    Critical: Relocation Stall                                  0 / 0                 0 / 0                 0 / 0                 0 / 0           ops/s
[2024-03-16T12:46:45.811+0800][gc,stats    ]    Critical: Relocation Stall                              0.000 / 0.000         0.000 / 0.000         0.000 / 0.000         0.000 / 0.000       ms
[2024-03-16T12:46:45.811+0800][gc,stats    ]      Memory: Allocation Rate                                   0 / 2                 4 / 88                4 / 88                4 / 88          MB/s
[2024-03-16T12:46:45.811+0800][gc,stats    ]      Memory: Defragment                                        0 / 0                 0 / 0                 0 / 0                 0 / 0           ops/s
[2024-03-16T12:46:45.811+0800][gc,stats    ]      Memory: Out Of Memory                                     0 / 0                 0 / 0                 0 / 0                 0 / 0           ops/s
[2024-03-16T12:46:45.811+0800][gc,stats    ]      Memory: Page Cache Flush                                  0 / 0                 0 / 0                 0 / 0                 0 / 0           MB/s
[2024-03-16T12:46:45.811+0800][gc,stats    ]      Memory: Page Cache Hit L1                                 0 / 1                 1 / 39                1 / 39                1 / 39          ops/s
[2024-03-16T12:46:45.811+0800][gc,stats    ]      Memory: Page Cache Hit L2                                 0 / 0                 0 / 0                 0 / 0                 0 / 0           ops/s
[2024-03-16T12:46:45.811+0800][gc,stats    ]      Memory: Page Cache Hit L3                                 0 / 0                 1 / 44                1 / 44                1 / 44          ops/s
[2024-03-16T12:46:45.811+0800][gc,stats    ]      Memory: Page Cache Miss                                   0 / 0                 0 / 1                 0 / 1                 0 / 1           ops/s
[2024-03-16T12:46:45.811+0800][gc,stats    ]      Memory: Uncommit                                          0 / 0                 0 / 0                 0 / 0                 0 / 0           MB/s
[2024-03-16T12:46:45.811+0800][gc,stats    ]      Memory: Undo Object Allocation Failed                     0 / 0                 0 / 0                 0 / 0                 0 / 0           ops/s
[2024-03-16T12:46:45.811+0800][gc,stats    ]      Memory: Undo Object Allocation Succeeded                  0 / 0                 0 / 0                 0 / 0                 0 / 0           ops/s
[2024-03-16T12:46:45.811+0800][gc,stats    ]      Memory: Undo Page Allocation                              0 / 0                 0 / 0                 0 / 0                 0 / 0           ops/s
[2024-03-16T12:46:45.811+0800][gc,stats    ]       Phase: Concurrent Mark                               0.000 / 0.000        21.987 / 22.023       21.987 / 22.023       21.987 / 22.023      ms
[2024-03-16T12:46:45.811+0800][gc,stats    ]       Phase: Concurrent Mark Continue                      0.000 / 0.000         0.000 / 0.000         0.000 / 0.000         0.000 / 0.000       ms
[2024-03-16T12:46:45.811+0800][gc,stats    ]       Phase: Concurrent Mark Free                          0.000 / 0.000         0.001 / 0.001         0.001 / 0.001         0.001 / 0.001       ms
[2024-03-16T12:46:45.811+0800][gc,stats    ]       Phase: Concurrent Process Non-Strong References      0.000 / 0.000         2.263 / 2.984         2.263 / 2.984         2.263 / 2.984       ms
[2024-03-16T12:46:45.811+0800][gc,stats    ]       Phase: Concurrent Relocate                           0.000 / 0.000         3.162 / 3.562         3.162 / 3.562         3.162 / 3.562       ms
[2024-03-16T12:46:45.811+0800][gc,stats    ]       Phase: Concurrent Reset Relocation Set               0.000 / 0.000         0.004 / 0.007         0.004 / 0.007         0.004 / 0.007       ms
[2024-03-16T12:46:45.811+0800][gc,stats    ]       Phase: Concurrent Select Relocation Set              0.000 / 0.000         5.698 / 9.718         5.698 / 9.718         5.698 / 9.718       ms
[2024-03-16T12:46:45.811+0800][gc,stats    ]       Phase: Pause Mark End                                0.000 / 0.000         0.016 / 0.017         0.016 / 0.017         0.016 / 0.017       ms
[2024-03-16T12:46:45.811+0800][gc,stats    ]       Phase: Pause Mark Start                              0.000 / 0.000         0.013 / 0.017         0.013 / 0.017         0.013 / 0.017       ms
[2024-03-16T12:46:45.811+0800][gc,stats    ]       Phase: Pause Relocate Start                          0.000 / 0.000         0.009 / 0.009         0.009 / 0.009         0.009 / 0.009       ms
[2024-03-16T12:46:45.811+0800][gc,stats    ]    Subphase: Concurrent Classes Purge                      0.000 / 0.000         0.075 / 0.106         0.075 / 0.106         0.075 / 0.106       ms
[2024-03-16T12:46:45.811+0800][gc,stats    ]    Subphase: Concurrent Classes Unlink                     0.000 / 0.000         1.536 / 2.043         1.536 / 2.043         1.536 / 2.043       ms
[2024-03-16T12:46:45.811+0800][gc,stats    ]    Subphase: Concurrent Mark                               0.000 / 0.000        18.873 / 21.168       18.873 / 21.168       18.873 / 21.168      ms
[2024-03-16T12:46:45.811+0800][gc,stats    ]    Subphase: Concurrent Mark Try Flush                     0.000 / 0.000         0.084 / 0.158         0.084 / 0.158         0.084 / 0.158       ms
[2024-03-16T12:46:45.811+0800][gc,stats    ]    Subphase: Concurrent Mark Try Terminate                 0.000 / 0.000         4.470 / 12.345        4.470 / 12.345        4.470 / 12.345      ms
[2024-03-16T12:46:45.811+0800][gc,stats    ]    Subphase: Concurrent References Enqueue                 0.000 / 0.000         0.005 / 0.006         0.005 / 0.006         0.005 / 0.006       ms
[2024-03-16T12:46:45.811+0800][gc,stats    ]    Subphase: Concurrent References Process                 0.000 / 0.000         0.110 / 0.136         0.110 / 0.136         0.110 / 0.136       ms
[2024-03-16T12:46:45.811+0800][gc,stats    ]    Subphase: Concurrent Roots ClassLoaderDataGraph         0.000 / 0.000         0.100 / 0.469         0.100 / 0.469         0.100 / 0.469       ms
[2024-03-16T12:46:45.811+0800][gc,stats    ]    Subphase: Concurrent Roots CodeCache                    0.000 / 0.000         0.000 / 0.000         0.000 / 0.000         0.000 / 0.000       ms
[2024-03-16T12:46:45.811+0800][gc,stats    ]    Subphase: Concurrent Roots JavaThreads                  0.000 / 0.000         0.979 / 1.661         0.979 / 1.661         0.979 / 1.661       ms
[2024-03-16T12:46:45.811+0800][gc,stats    ]    Subphase: Concurrent Roots OopStorageSet                0.000 / 0.000         0.031 / 0.057         0.031 / 0.057         0.031 / 0.057       ms
[2024-03-16T12:46:45.811+0800][gc,stats    ]    Subphase: Concurrent Weak Roots OopStorageSet           0.000 / 0.000         0.428 / 0.629         0.428 / 0.629         0.428 / 0.629       ms
[2024-03-16T12:46:45.811+0800][gc,stats    ]    Subphase: Pause Mark Try Complete                       0.000 / 0.000         0.000 / 0.000         0.000 / 0.000         0.000 / 0.000       ms
[2024-03-16T12:46:45.811+0800][gc,stats    ]      System: Java Threads                                      0 / 0                34 / 48               34 / 48               34 / 48          threads
[2024-03-16T12:46:45.811+0800][gc,stats    ] =========================================================================================================================================================
[2024-03-16T12:46:55.811+0800][gc,stats    ] === Garbage Collection Statistics =======================================================================================================================
[2024-03-16T12:46:55.811+0800][gc,stats    ]                                                              Last 10s              Last 10m              Last 10h                Total
[2024-03-16T12:46:55.811+0800][gc,stats    ]                                                              Avg / Max             Avg / Max             Avg / Max             Avg / Max
[2024-03-16T12:46:55.811+0800][gc,stats    ]   Collector: Garbage Collection Cycle                      0.000 / 0.000        34.222 / 37.319       34.222 / 37.319       34.222 / 37.319      ms
[2024-03-16T12:46:55.811+0800][gc,stats    ]  Contention: Mark Segment Reset Contention                     0 / 0                 0 / 4                 0 / 4                 0 / 4           ops/s
[2024-03-16T12:46:55.811+0800][gc,stats    ]  Contention: Mark SeqNum Reset Contention                      0 / 0                 0 / 0                 0 / 0                 0 / 0           ops/s
[2024-03-16T12:46:55.811+0800][gc,stats    ]    Critical: Allocation Stall                                  0 / 0                 0 / 0                 0 / 0                 0 / 0           ops/s
[2024-03-16T12:46:55.811+0800][gc,stats    ]    Critical: Allocation Stall                              0.000 / 0.000         0.000 / 0.000         0.000 / 0.000         0.000 / 0.000       ms
[2024-03-16T12:46:55.811+0800][gc,stats    ]    Critical: GC Locker Stall                                   0 / 0                 0 / 0                 0 / 0                 0 / 0           ops/s
[2024-03-16T12:46:55.811+0800][gc,stats    ]    Critical: GC Locker Stall                               0.000 / 0.000         0.000 / 0.000         0.000 / 0.000         0.000 / 0.000       ms
[2024-03-16T12:46:55.811+0800][gc,stats    ]    Critical: Relocation Stall                                  0 / 0                 0 / 0                 0 / 0                 0 / 0           ops/s
[2024-03-16T12:46:55.811+0800][gc,stats    ]    Critical: Relocation Stall                              0.000 / 0.000         0.000 / 0.000         0.000 / 0.000         0.000 / 0.000       ms
[2024-03-16T12:46:55.811+0800][gc,stats    ]      Memory: Allocation Rate                                   0 / 0                 4 / 88                4 / 88                4 / 88          MB/s
[2024-03-16T12:46:55.811+0800][gc,stats    ]      Memory: Defragment                                        0 / 0                 0 / 0                 0 / 0                 0 / 0           ops/s
[2024-03-16T12:46:55.811+0800][gc,stats    ]      Memory: Out Of Memory                                     0 / 0                 0 / 0                 0 / 0                 0 / 0           ops/s
[2024-03-16T12:46:55.811+0800][gc,stats    ]      Memory: Page Cache Flush                                  0 / 0                 0 / 0                 0 / 0                 0 / 0           MB/s
[2024-03-16T12:46:55.811+0800][gc,stats    ]      Memory: Page Cache Hit L1                                 0 / 0                 0 / 39                0 / 39                0 / 39          ops/s
[2024-03-16T12:46:55.811+0800][gc,stats    ]      Memory: Page Cache Hit L2                                 0 / 0                 0 / 0                 0 / 0                 0 / 0           ops/s
[2024-03-16T12:46:55.811+0800][gc,stats    ]      Memory: Page Cache Hit L3                                 0 / 0                 1 / 44                1 / 44                1 / 44          ops/s
[2024-03-16T12:46:55.811+0800][gc,stats    ]      Memory: Page Cache Miss                                   0 / 0                 0 / 1                 0 / 1                 0 / 1           ops/s
[2024-03-16T12:46:55.811+0800][gc,stats    ]      Memory: Uncommit                                          0 / 0                 0 / 0                 0 / 0                 0 / 0           MB/s
[2024-03-16T12:46:55.811+0800][gc,stats    ]      Memory: Undo Object Allocation Failed                     0 / 0                 0 / 0                 0 / 0                 0 / 0           ops/s
[2024-03-16T12:46:55.811+0800][gc,stats    ]      Memory: Undo Object Allocation Succeeded                  0 / 0                 0 / 0                 0 / 0                 0 / 0           ops/s
[2024-03-16T12:46:55.811+0800][gc,stats    ]      Memory: Undo Page Allocation                              0 / 0                 0 / 0                 0 / 0                 0 / 0           ops/s
[2024-03-16T12:46:55.811+0800][gc,stats    ]       Phase: Concurrent Mark                               0.000 / 0.000        21.987 / 22.023       21.987 / 22.023       21.987 / 22.023      ms
[2024-03-16T12:46:55.811+0800][gc,stats    ]       Phase: Concurrent Mark Continue                      0.000 / 0.000         0.000 / 0.000         0.000 / 0.000         0.000 / 0.000       ms
[2024-03-16T12:46:55.811+0800][gc,stats    ]       Phase: Concurrent Mark Free                          0.000 / 0.000         0.001 / 0.001         0.001 / 0.001         0.001 / 0.001       ms
[2024-03-16T12:46:55.811+0800][gc,stats    ]       Phase: Concurrent Process Non-Strong References      0.000 / 0.000         2.263 / 2.984         2.263 / 2.984         2.263 / 2.984       ms
[2024-03-16T12:46:55.811+0800][gc,stats    ]       Phase: Concurrent Relocate                           0.000 / 0.000         3.162 / 3.562         3.162 / 3.562         3.162 / 3.562       ms
[2024-03-16T12:46:55.811+0800][gc,stats    ]       Phase: Concurrent Reset Relocation Set               0.000 / 0.000         0.004 / 0.007         0.004 / 0.007         0.004 / 0.007       ms
[2024-03-16T12:46:55.811+0800][gc,stats    ]       Phase: Concurrent Select Relocation Set              0.000 / 0.000         5.698 / 9.718         5.698 / 9.718         5.698 / 9.718       ms
[2024-03-16T12:46:55.811+0800][gc,stats    ]       Phase: Pause Mark End                                0.000 / 0.000         0.016 / 0.017         0.016 / 0.017         0.016 / 0.017       ms
[2024-03-16T12:46:55.811+0800][gc,stats    ]       Phase: Pause Mark Start                              0.000 / 0.000         0.013 / 0.017         0.013 / 0.017         0.013 / 0.017       ms
[2024-03-16T12:46:55.811+0800][gc,stats    ]       Phase: Pause Relocate Start                          0.000 / 0.000         0.009 / 0.009         0.009 / 0.009         0.009 / 0.009       ms
[2024-03-16T12:46:55.811+0800][gc,stats    ]    Subphase: Concurrent Classes Purge                      0.000 / 0.000         0.075 / 0.106         0.075 / 0.106         0.075 / 0.106       ms
[2024-03-16T12:46:55.811+0800][gc,stats    ]    Subphase: Concurrent Classes Unlink                     0.000 / 0.000         1.536 / 2.043         1.536 / 2.043         1.536 / 2.043       ms
[2024-03-16T12:46:55.811+0800][gc,stats    ]    Subphase: Concurrent Mark                               0.000 / 0.000        18.873 / 21.168       18.873 / 21.168       18.873 / 21.168      ms
[2024-03-16T12:46:55.811+0800][gc,stats    ]    Subphase: Concurrent Mark Try Flush                     0.000 / 0.000         0.084 / 0.158         0.084 / 0.158         0.084 / 0.158       ms
[2024-03-16T12:46:55.811+0800][gc,stats    ]    Subphase: Concurrent Mark Try Terminate                 0.000 / 0.000         4.470 / 12.345        4.470 / 12.345        4.470 / 12.345      ms
[2024-03-16T12:46:55.811+0800][gc,stats    ]    Subphase: Concurrent References Enqueue                 0.000 / 0.000         0.005 / 0.006         0.005 / 0.006         0.005 / 0.006       ms
[2024-03-16T12:46:55.811+0800][gc,stats    ]    Subphase: Concurrent References Process                 0.000 / 0.000         0.110 / 0.136         0.110 / 0.136         0.110 / 0.136       ms
[2024-03-16T12:46:55.811+0800][gc,stats    ]    Subphase: Concurrent Roots ClassLoaderDataGraph         0.000 / 0.000         0.100 / 0.469         0.100 / 0.469         0.100 / 0.469       ms
[2024-03-16T12:46:55.811+0800][gc,stats    ]    Subphase: Concurrent Roots CodeCache                    0.000 / 0.000         0.000 / 0.000         0.000 / 0.000         0.000 / 0.000       ms
[2024-03-16T12:46:55.811+0800][gc,stats    ]    Subphase: Concurrent Roots JavaThreads                  0.000 / 0.000         0.979 / 1.661         0.979 / 1.661         0.979 / 1.661       ms
[2024-03-16T12:46:55.811+0800][gc,stats    ]    Subphase: Concurrent Roots OopStorageSet                0.000 / 0.000         0.031 / 0.057         0.031 / 0.057         0.031 / 0.057       ms
[2024-03-16T12:46:55.811+0800][gc,stats    ]    Subphase: Concurrent Weak Roots OopStorageSet           0.000 / 0.000         0.428 / 0.629         0.428 / 0.629         0.428 / 0.629       ms
[2024-03-16T12:46:55.811+0800][gc,stats    ]    Subphase: Pause Mark Try Complete                       0.000 / 0.000         0.000 / 0.000         0.000 / 0.000         0.000 / 0.000       ms
[2024-03-16T12:46:55.811+0800][gc,stats    ]      System: Java Threads                                      0 / 0                34 / 48               34 / 48               34 / 48          threads
[2024-03-16T12:46:55.811+0800][gc,stats    ] =========================================================================================================================================================
[2024-03-16T12:47:05.812+0800][gc,stats    ] === Garbage Collection Statistics =======================================================================================================================
[2024-03-16T12:47:05.812+0800][gc,stats    ]                                                              Last 10s              Last 10m              Last 10h                Total
[2024-03-16T12:47:05.812+0800][gc,stats    ]                                                              Avg / Max             Avg / Max             Avg / Max             Avg / Max
[2024-03-16T12:47:05.812+0800][gc,stats    ]   Collector: Garbage Collection Cycle                      0.000 / 0.000        34.222 / 37.319       34.222 / 37.319       34.222 / 37.319      ms
[2024-03-16T12:47:05.812+0800][gc,stats    ]  Contention: Mark Segment Reset Contention                     0 / 0                 0 / 4                 0 / 4                 0 / 4           ops/s
[2024-03-16T12:47:05.812+0800][gc,stats    ]  Contention: Mark SeqNum Reset Contention                      0 / 0                 0 / 0                 0 / 0                 0 / 0           ops/s
[2024-03-16T12:47:05.812+0800][gc,stats    ]    Critical: Allocation Stall                                  0 / 0                 0 / 0                 0 / 0                 0 / 0           ops/s
[2024-03-16T12:47:05.812+0800][gc,stats    ]    Critical: Allocation Stall                              0.000 / 0.000         0.000 / 0.000         0.000 / 0.000         0.000 / 0.000       ms
[2024-03-16T12:47:05.812+0800][gc,stats    ]    Critical: GC Locker Stall                                   0 / 0                 0 / 0                 0 / 0                 0 / 0           ops/s
[2024-03-16T12:47:05.812+0800][gc,stats    ]    Critical: GC Locker Stall                               0.000 / 0.000         0.000 / 0.000         0.000 / 0.000         0.000 / 0.000       ms
[2024-03-16T12:47:05.812+0800][gc,stats    ]    Critical: Relocation Stall                                  0 / 0                 0 / 0                 0 / 0                 0 / 0           ops/s
[2024-03-16T12:47:05.812+0800][gc,stats    ]    Critical: Relocation Stall                              0.000 / 0.000         0.000 / 0.000         0.000 / 0.000         0.000 / 0.000       ms
[2024-03-16T12:47:05.812+0800][gc,stats    ]      Memory: Allocation Rate                                   0 / 2                 3 / 88                3 / 88                3 / 88          MB/s
[2024-03-16T12:47:05.812+0800][gc,stats    ]      Memory: Defragment                                        0 / 0                 0 / 0                 0 / 0                 0 / 0           ops/s
[2024-03-16T12:47:05.812+0800][gc,stats    ]      Memory: Out Of Memory                                     0 / 0                 0 / 0                 0 / 0                 0 / 0           ops/s
[2024-03-16T12:47:05.812+0800][gc,stats    ]      Memory: Page Cache Flush                                  0 / 0                 0 / 0                 0 / 0                 0 / 0           MB/s
[2024-03-16T12:47:05.812+0800][gc,stats    ]      Memory: Page Cache Hit L1                                 0 / 1                 0 / 39                0 / 39                0 / 39          ops/s
[2024-03-16T12:47:05.812+0800][gc,stats    ]      Memory: Page Cache Hit L2                                 0 / 0                 0 / 0                 0 / 0                 0 / 0           ops/s
[2024-03-16T12:47:05.812+0800][gc,stats    ]      Memory: Page Cache Hit L3                                 0 / 0                 0 / 44                0 / 44                0 / 44          ops/s
[2024-03-16T12:47:05.812+0800][gc,stats    ]      Memory: Page Cache Miss                                   0 / 0                 0 / 1                 0 / 1                 0 / 1           ops/s
[2024-03-16T12:47:05.812+0800][gc,stats    ]      Memory: Uncommit                                          0 / 0                 0 / 0                 0 / 0                 0 / 0           MB/s
[2024-03-16T12:47:05.812+0800][gc,stats    ]      Memory: Undo Object Allocation Failed                     0 / 0                 0 / 0                 0 / 0                 0 / 0           ops/s
[2024-03-16T12:47:05.812+0800][gc,stats    ]      Memory: Undo Object Allocation Succeeded                  0 / 0                 0 / 0                 0 / 0                 0 / 0           ops/s
[2024-03-16T12:47:05.812+0800][gc,stats    ]      Memory: Undo Page Allocation                              0 / 0                 0 / 0                 0 / 0                 0 / 0           ops/s
[2024-03-16T12:47:05.812+0800][gc,stats    ]       Phase: Concurrent Mark                               0.000 / 0.000        21.987 / 22.023       21.987 / 22.023       21.987 / 22.023      ms
[2024-03-16T12:47:05.812+0800][gc,stats    ]       Phase: Concurrent Mark Continue                      0.000 / 0.000         0.000 / 0.000         0.000 / 0.000         0.000 / 0.000       ms
[2024-03-16T12:47:05.812+0800][gc,stats    ]       Phase: Concurrent Mark Free                          0.000 / 0.000         0.001 / 0.001         0.001 / 0.001         0.001 / 0.001       ms
[2024-03-16T12:47:05.812+0800][gc,stats    ]       Phase: Concurrent Process Non-Strong References      0.000 / 0.000         2.263 / 2.984         2.263 / 2.984         2.263 / 2.984       ms
[2024-03-16T12:47:05.812+0800][gc,stats    ]       Phase: Concurrent Relocate                           0.000 / 0.000         3.162 / 3.562         3.162 / 3.562         3.162 / 3.562       ms
[2024-03-16T12:47:05.812+0800][gc,stats    ]       Phase: Concurrent Reset Relocation Set               0.000 / 0.000         0.004 / 0.007         0.004 / 0.007         0.004 / 0.007       ms
[2024-03-16T12:47:05.812+0800][gc,stats    ]       Phase: Concurrent Select Relocation Set              0.000 / 0.000         5.698 / 9.718         5.698 / 9.718         5.698 / 9.718       ms
[2024-03-16T12:47:05.812+0800][gc,stats    ]       Phase: Pause Mark End                                0.000 / 0.000         0.016 / 0.017         0.016 / 0.017         0.016 / 0.017       ms
[2024-03-16T12:47:05.812+0800][gc,stats    ]       Phase: Pause Mark Start                              0.000 / 0.000         0.013 / 0.017         0.013 / 0.017         0.013 / 0.017       ms
[2024-03-16T12:47:05.812+0800][gc,stats    ]       Phase: Pause Relocate Start                          0.000 / 0.000         0.009 / 0.009         0.009 / 0.009         0.009 / 0.009       ms
[2024-03-16T12:47:05.812+0800][gc,stats    ]    Subphase: Concurrent Classes Purge                      0.000 / 0.000         0.075 / 0.106         0.075 / 0.106         0.075 / 0.106       ms
[2024-03-16T12:47:05.812+0800][gc,stats    ]    Subphase: Concurrent Classes Unlink                     0.000 / 0.000         1.536 / 2.043         1.536 / 2.043         1.536 / 2.043       ms
[2024-03-16T12:47:05.812+0800][gc,stats    ]    Subphase: Concurrent Mark                               0.000 / 0.000        18.873 / 21.168       18.873 / 21.168       18.873 / 21.168      ms
[2024-03-16T12:47:05.812+0800][gc,stats    ]    Subphase: Concurrent Mark Try Flush                     0.000 / 0.000         0.084 / 0.158         0.084 / 0.158         0.084 / 0.158       ms
[2024-03-16T12:47:05.812+0800][gc,stats    ]    Subphase: Concurrent Mark Try Terminate                 0.000 / 0.000         4.470 / 12.345        4.470 / 12.345        4.470 / 12.345      ms
[2024-03-16T12:47:05.812+0800][gc,stats    ]    Subphase: Concurrent References Enqueue                 0.000 / 0.000         0.005 / 0.006         0.005 / 0.006         0.005 / 0.006       ms
[2024-03-16T12:47:05.812+0800][gc,stats    ]    Subphase: Concurrent References Process                 0.000 / 0.000         0.110 / 0.136         0.110 / 0.136         0.110 / 0.136       ms
[2024-03-16T12:47:05.812+0800][gc,stats    ]    Subphase: Concurrent Roots ClassLoaderDataGraph         0.000 / 0.000         0.100 / 0.469         0.100 / 0.469         0.100 / 0.469       ms
[2024-03-16T12:47:05.812+0800][gc,stats    ]    Subphase: Concurrent Roots CodeCache                    0.000 / 0.000         0.000 / 0.000         0.000 / 0.000         0.000 / 0.000       ms
[2024-03-16T12:47:05.812+0800][gc,stats    ]    Subphase: Concurrent Roots JavaThreads                  0.000 / 0.000         0.979 / 1.661         0.979 / 1.661         0.979 / 1.661       ms
[2024-03-16T12:47:05.812+0800][gc,stats    ]    Subphase: Concurrent Roots OopStorageSet                0.000 / 0.000         0.031 / 0.057         0.031 / 0.057         0.031 / 0.057       ms
[2024-03-16T12:47:05.812+0800][gc,stats    ]    Subphase: Concurrent Weak Roots OopStorageSet           0.000 / 0.000         0.428 / 0.629         0.428 / 0.629         0.428 / 0.629       ms
[2024-03-16T12:47:05.812+0800][gc,stats    ]    Subphase: Pause Mark Try Complete                       0.000 / 0.000         0.000 / 0.000         0.000 / 0.000         0.000 / 0.000       ms
[2024-03-16T12:47:05.812+0800][gc,stats    ]      System: Java Threads                                      0 / 0                34 / 48               34 / 48               34 / 48          threads
[2024-03-16T12:47:05.812+0800][gc,stats    ] =========================================================================================================================================================
[2024-03-16T12:47:15.825+0800][gc,stats    ] === Garbage Collection Statistics =======================================================================================================================
[2024-03-16T12:47:15.825+0800][gc,stats    ]                                                              Last 10s              Last 10m              Last 10h                Total
[2024-03-16T12:47:15.825+0800][gc,stats    ]                                                              Avg / Max             Avg / Max             Avg / Max             Avg / Max
[2024-03-16T12:47:15.825+0800][gc,stats    ]   Collector: Garbage Collection Cycle                      0.000 / 0.000        34.222 / 37.319       34.222 / 37.319       34.222 / 37.319      ms
[2024-03-16T12:47:15.825+0800][gc,stats    ]  Contention: Mark Segment Reset Contention                     0 / 0                 0 / 4                 0 / 4                 0 / 4           ops/s
[2024-03-16T12:47:15.825+0800][gc,stats    ]  Contention: Mark SeqNum Reset Contention                      0 / 0                 0 / 0                 0 / 0                 0 / 0           ops/s
[2024-03-16T12:47:15.825+0800][gc,stats    ]    Critical: Allocation Stall                                  0 / 0                 0 / 0                 0 / 0                 0 / 0           ops/s
[2024-03-16T12:47:15.825+0800][gc,stats    ]    Critical: Allocation Stall                              0.000 / 0.000         0.000 / 0.000         0.000 / 0.000         0.000 / 0.000       ms
[2024-03-16T12:47:15.825+0800][gc,stats    ]    Critical: GC Locker Stall                                   0 / 0                 0 / 0                 0 / 0                 0 / 0           ops/s
[2024-03-16T12:47:15.825+0800][gc,stats    ]    Critical: GC Locker Stall                               0.000 / 0.000         0.000 / 0.000         0.000 / 0.000         0.000 / 0.000       ms
[2024-03-16T12:47:15.825+0800][gc,stats    ]    Critical: Relocation Stall                                  0 / 0                 0 / 0                 0 / 0                 0 / 0           ops/s
[2024-03-16T12:47:15.825+0800][gc,stats    ]    Critical: Relocation Stall                              0.000 / 0.000         0.000 / 0.000         0.000 / 0.000         0.000 / 0.000       ms
[2024-03-16T12:47:15.825+0800][gc,stats    ]      Memory: Allocation Rate                                   0 / 2                 3 / 88                3 / 88                3 / 88          MB/s
[2024-03-16T12:47:15.825+0800][gc,stats    ]      Memory: Defragment                                        0 / 0                 0 / 0                 0 / 0                 0 / 0           ops/s
[2024-03-16T12:47:15.825+0800][gc,stats    ]      Memory: Out Of Memory                                     0 / 0                 0 / 0                 0 / 0                 0 / 0           ops/s
[2024-03-16T12:47:15.825+0800][gc,stats    ]      Memory: Page Cache Flush                                  0 / 0                 0 / 0                 0 / 0                 0 / 0           MB/s
[2024-03-16T12:47:15.825+0800][gc,stats    ]      Memory: Page Cache Hit L1                                 0 / 1                 0 / 39                0 / 39                0 / 39          ops/s
[2024-03-16T12:47:15.825+0800][gc,stats    ]      Memory: Page Cache Hit L2                                 0 / 0                 0 / 0                 0 / 0                 0 / 0           ops/s
[2024-03-16T12:47:15.825+0800][gc,stats    ]      Memory: Page Cache Hit L3                                 0 / 0                 0 / 44                0 / 44                0 / 44          ops/s
[2024-03-16T12:47:15.825+0800][gc,stats    ]      Memory: Page Cache Miss                                   0 / 0                 0 / 1                 0 / 1                 0 / 1           ops/s
[2024-03-16T12:47:15.825+0800][gc,stats    ]      Memory: Uncommit                                          0 / 0                 0 / 0                 0 / 0                 0 / 0           MB/s
[2024-03-16T12:47:15.825+0800][gc,stats    ]      Memory: Undo Object Allocation Failed                     0 / 0                 0 / 0                 0 / 0                 0 / 0           ops/s
[2024-03-16T12:47:15.825+0800][gc,stats    ]      Memory: Undo Object Allocation Succeeded                  0 / 0                 0 / 0                 0 / 0                 0 / 0           ops/s
[2024-03-16T12:47:15.825+0800][gc,stats    ]      Memory: Undo Page Allocation                              0 / 0                 0 / 0                 0 / 0                 0 / 0           ops/s
[2024-03-16T12:47:15.825+0800][gc,stats    ]       Phase: Concurrent Mark                               0.000 / 0.000        21.987 / 22.023       21.987 / 22.023       21.987 / 22.023      ms
[2024-03-16T12:47:15.825+0800][gc,stats    ]       Phase: Concurrent Mark Continue                      0.000 / 0.000         0.000 / 0.000         0.000 / 0.000         0.000 / 0.000       ms
[2024-03-16T12:47:15.825+0800][gc,stats    ]       Phase: Concurrent Mark Free                          0.000 / 0.000         0.001 / 0.001         0.001 / 0.001         0.001 / 0.001       ms
[2024-03-16T12:47:15.825+0800][gc,stats    ]       Phase: Concurrent Process Non-Strong References      0.000 / 0.000         2.263 / 2.984         2.263 / 2.984         2.263 / 2.984       ms
[2024-03-16T12:47:15.825+0800][gc,stats    ]       Phase: Concurrent Relocate                           0.000 / 0.000         3.162 / 3.562         3.162 / 3.562         3.162 / 3.562       ms
[2024-03-16T12:47:15.825+0800][gc,stats    ]       Phase: Concurrent Reset Relocation Set               0.000 / 0.000         0.004 / 0.007         0.004 / 0.007         0.004 / 0.007       ms
[2024-03-16T12:47:15.825+0800][gc,stats    ]       Phase: Concurrent Select Relocation Set              0.000 / 0.000         5.698 / 9.718         5.698 / 9.718         5.698 / 9.718       ms
[2024-03-16T12:47:15.825+0800][gc,stats    ]       Phase: Pause Mark End                                0.000 / 0.000         0.016 / 0.017         0.016 / 0.017         0.016 / 0.017       ms
[2024-03-16T12:47:15.825+0800][gc,stats    ]       Phase: Pause Mark Start                              0.000 / 0.000         0.013 / 0.017         0.013 / 0.017         0.013 / 0.017       ms
[2024-03-16T12:47:15.825+0800][gc,stats    ]       Phase: Pause Relocate Start                          0.000 / 0.000         0.009 / 0.009         0.009 / 0.009         0.009 / 0.009       ms
[2024-03-16T12:47:15.825+0800][gc,stats    ]    Subphase: Concurrent Classes Purge                      0.000 / 0.000         0.075 / 0.106         0.075 / 0.106         0.075 / 0.106       ms
[2024-03-16T12:47:15.825+0800][gc,stats    ]    Subphase: Concurrent Classes Unlink                     0.000 / 0.000         1.536 / 2.043         1.536 / 2.043         1.536 / 2.043       ms
[2024-03-16T12:47:15.825+0800][gc,stats    ]    Subphase: Concurrent Mark                               0.000 / 0.000        18.873 / 21.168       18.873 / 21.168       18.873 / 21.168      ms
[2024-03-16T12:47:15.825+0800][gc,stats    ]    Subphase: Concurrent Mark Try Flush                     0.000 / 0.000         0.084 / 0.158         0.084 / 0.158         0.084 / 0.158       ms
[2024-03-16T12:47:15.825+0800][gc,stats    ]    Subphase: Concurrent Mark Try Terminate                 0.000 / 0.000         4.470 / 12.345        4.470 / 12.345        4.470 / 12.345      ms
[2024-03-16T12:47:15.825+0800][gc,stats    ]    Subphase: Concurrent References Enqueue                 0.000 / 0.000         0.005 / 0.006         0.005 / 0.006         0.005 / 0.006       ms
[2024-03-16T12:47:15.825+0800][gc,stats    ]    Subphase: Concurrent References Process                 0.000 / 0.000         0.110 / 0.136         0.110 / 0.136         0.110 / 0.136       ms
[2024-03-16T12:47:15.825+0800][gc,stats    ]    Subphase: Concurrent Roots ClassLoaderDataGraph         0.000 / 0.000         0.100 / 0.469         0.100 / 0.469         0.100 / 0.469       ms
[2024-03-16T12:47:15.825+0800][gc,stats    ]    Subphase: Concurrent Roots CodeCache                    0.000 / 0.000         0.000 / 0.000         0.000 / 0.000         0.000 / 0.000       ms
[2024-03-16T12:47:15.825+0800][gc,stats    ]    Subphase: Concurrent Roots JavaThreads                  0.000 / 0.000         0.979 / 1.661         0.979 / 1.661         0.979 / 1.661       ms
[2024-03-16T12:47:15.825+0800][gc,stats    ]    Subphase: Concurrent Roots OopStorageSet                0.000 / 0.000         0.031 / 0.057         0.031 / 0.057         0.031 / 0.057       ms
[2024-03-16T12:47:15.826+0800][gc,stats    ]    Subphase: Concurrent Weak Roots OopStorageSet           0.000 / 0.000         0.428 / 0.629         0.428 / 0.629         0.428 / 0.629       ms
[2024-03-16T12:47:15.826+0800][gc,stats    ]    Subphase: Pause Mark Try Complete                       0.000 / 0.000         0.000 / 0.000         0.000 / 0.000         0.000 / 0.000       ms
[2024-03-16T12:47:15.826+0800][gc,stats    ]      System: Java Threads                                      0 / 0                34 / 48               34 / 48               34 / 48          threads
[2024-03-16T12:47:15.826+0800][gc,stats    ] =========================================================================================================================================================
[2024-03-16T12:47:25.811+0800][gc,stats    ] === Garbage Collection Statistics =======================================================================================================================
[2024-03-16T12:47:25.811+0800][gc,stats    ]                                                              Last 10s              Last 10m              Last 10h                Total
[2024-03-16T12:47:25.811+0800][gc,stats    ]                                                              Avg / Max             Avg / Max             Avg / Max             Avg / Max
[2024-03-16T12:47:25.811+0800][gc,stats    ]   Collector: Garbage Collection Cycle                      0.000 / 0.000        34.222 / 37.319       34.222 / 37.319       34.222 / 37.319      ms
[2024-03-16T12:47:25.811+0800][gc,stats    ]  Contention: Mark Segment Reset Contention                     0 / 0                 0 / 4                 0 / 4                 0 / 4           ops/s
[2024-03-16T12:47:25.811+0800][gc,stats    ]  Contention: Mark SeqNum Reset Contention                      0 / 0                 0 / 0                 0 / 0                 0 / 0           ops/s
[2024-03-16T12:47:25.811+0800][gc,stats    ]    Critical: Allocation Stall                                  0 / 0                 0 / 0                 0 / 0                 0 / 0           ops/s
[2024-03-16T12:47:25.811+0800][gc,stats    ]    Critical: Allocation Stall                              0.000 / 0.000         0.000 / 0.000         0.000 / 0.000         0.000 / 0.000       ms
[2024-03-16T12:47:25.811+0800][gc,stats    ]    Critical: GC Locker Stall                                   0 / 0                 0 / 0                 0 / 0                 0 / 0           ops/s
[2024-03-16T12:47:25.811+0800][gc,stats    ]    Critical: GC Locker Stall                               0.000 / 0.000         0.000 / 0.000         0.000 / 0.000         0.000 / 0.000       ms
[2024-03-16T12:47:25.811+0800][gc,stats    ]    Critical: Relocation Stall                                  0 / 0                 0 / 0                 0 / 0                 0 / 0           ops/s
[2024-03-16T12:47:25.811+0800][gc,stats    ]    Critical: Relocation Stall                              0.000 / 0.000         0.000 / 0.000         0.000 / 0.000         0.000 / 0.000       ms
[2024-03-16T12:47:25.811+0800][gc,stats    ]      Memory: Allocation Rate                                   0 / 4                 3 / 88                3 / 88                3 / 88          MB/s
[2024-03-16T12:47:25.811+0800][gc,stats    ]      Memory: Defragment                                        0 / 0                 0 / 0                 0 / 0                 0 / 0           ops/s
[2024-03-16T12:47:25.811+0800][gc,stats    ]      Memory: Out Of Memory                                     0 / 0                 0 / 0                 0 / 0                 0 / 0           ops/s
[2024-03-16T12:47:25.811+0800][gc,stats    ]      Memory: Page Cache Flush                                  0 / 0                 0 / 0                 0 / 0                 0 / 0           MB/s
[2024-03-16T12:47:25.811+0800][gc,stats    ]      Memory: Page Cache Hit L1                                 0 / 2                 0 / 39                0 / 39                0 / 39          ops/s
[2024-03-16T12:47:25.811+0800][gc,stats    ]      Memory: Page Cache Hit L2                                 0 / 0                 0 / 0                 0 / 0                 0 / 0           ops/s
[2024-03-16T12:47:25.811+0800][gc,stats    ]      Memory: Page Cache Hit L3                                 0 / 0                 0 / 44                0 / 44                0 / 44          ops/s
[2024-03-16T12:47:25.811+0800][gc,stats    ]      Memory: Page Cache Miss                                   0 / 0                 0 / 1                 0 / 1                 0 / 1           ops/s
[2024-03-16T12:47:25.811+0800][gc,stats    ]      Memory: Uncommit                                          0 / 0                 0 / 0                 0 / 0                 0 / 0           MB/s
[2024-03-16T12:47:25.811+0800][gc,stats    ]      Memory: Undo Object Allocation Failed                     0 / 0                 0 / 0                 0 / 0                 0 / 0           ops/s
[2024-03-16T12:47:25.811+0800][gc,stats    ]      Memory: Undo Object Allocation Succeeded                  0 / 0                 0 / 0                 0 / 0                 0 / 0           ops/s
[2024-03-16T12:47:25.811+0800][gc,stats    ]      Memory: Undo Page Allocation                              0 / 0                 0 / 0                 0 / 0                 0 / 0           ops/s
[2024-03-16T12:47:25.811+0800][gc,stats    ]       Phase: Concurrent Mark                               0.000 / 0.000        21.987 / 22.023       21.987 / 22.023       21.987 / 22.023      ms
[2024-03-16T12:47:25.811+0800][gc,stats    ]       Phase: Concurrent Mark Continue                      0.000 / 0.000         0.000 / 0.000         0.000 / 0.000         0.000 / 0.000       ms
[2024-03-16T12:47:25.811+0800][gc,stats    ]       Phase: Concurrent Mark Free                          0.000 / 0.000         0.001 / 0.001         0.001 / 0.001         0.001 / 0.001       ms
[2024-03-16T12:47:25.811+0800][gc,stats    ]       Phase: Concurrent Process Non-Strong References      0.000 / 0.000         2.263 / 2.984         2.263 / 2.984         2.263 / 2.984       ms
[2024-03-16T12:47:25.811+0800][gc,stats    ]       Phase: Concurrent Relocate                           0.000 / 0.000         3.162 / 3.562         3.162 / 3.562         3.162 / 3.562       ms
[2024-03-16T12:47:25.811+0800][gc,stats    ]       Phase: Concurrent Reset Relocation Set               0.000 / 0.000         0.004 / 0.007         0.004 / 0.007         0.004 / 0.007       ms
[2024-03-16T12:47:25.811+0800][gc,stats    ]       Phase: Concurrent Select Relocation Set              0.000 / 0.000         5.698 / 9.718         5.698 / 9.718         5.698 / 9.718       ms
[2024-03-16T12:47:25.811+0800][gc,stats    ]       Phase: Pause Mark End                                0.000 / 0.000         0.016 / 0.017         0.016 / 0.017         0.016 / 0.017       ms
[2024-03-16T12:47:25.811+0800][gc,stats    ]       Phase: Pause Mark Start                              0.000 / 0.000         0.013 / 0.017         0.013 / 0.017         0.013 / 0.017       ms
[2024-03-16T12:47:25.811+0800][gc,stats    ]       Phase: Pause Relocate Start                          0.000 / 0.000         0.009 / 0.009         0.009 / 0.009         0.009 / 0.009       ms
[2024-03-16T12:47:25.811+0800][gc,stats    ]    Subphase: Concurrent Classes Purge                      0.000 / 0.000         0.075 / 0.106         0.075 / 0.106         0.075 / 0.106       ms
[2024-03-16T12:47:25.811+0800][gc,stats    ]    Subphase: Concurrent Classes Unlink                     0.000 / 0.000         1.536 / 2.043         1.536 / 2.043         1.536 / 2.043       ms
[2024-03-16T12:47:25.811+0800][gc,stats    ]    Subphase: Concurrent Mark                               0.000 / 0.000        18.873 / 21.168       18.873 / 21.168       18.873 / 21.168      ms
[2024-03-16T12:47:25.811+0800][gc,stats    ]    Subphase: Concurrent Mark Try Flush                     0.000 / 0.000         0.084 / 0.158         0.084 / 0.158         0.084 / 0.158       ms
[2024-03-16T12:47:25.811+0800][gc,stats    ]    Subphase: Concurrent Mark Try Terminate                 0.000 / 0.000         4.470 / 12.345        4.470 / 12.345        4.470 / 12.345      ms
[2024-03-16T12:47:25.811+0800][gc,stats    ]    Subphase: Concurrent References Enqueue                 0.000 / 0.000         0.005 / 0.006         0.005 / 0.006         0.005 / 0.006       ms
[2024-03-16T12:47:25.811+0800][gc,stats    ]    Subphase: Concurrent References Process                 0.000 / 0.000         0.110 / 0.136         0.110 / 0.136         0.110 / 0.136       ms
[2024-03-16T12:47:25.811+0800][gc,stats    ]    Subphase: Concurrent Roots ClassLoaderDataGraph         0.000 / 0.000         0.100 / 0.469         0.100 / 0.469         0.100 / 0.469       ms
[2024-03-16T12:47:25.811+0800][gc,stats    ]    Subphase: Concurrent Roots CodeCache                    0.000 / 0.000         0.000 / 0.000         0.000 / 0.000         0.000 / 0.000       ms
[2024-03-16T12:47:25.811+0800][gc,stats    ]    Subphase: Concurrent Roots JavaThreads                  0.000 / 0.000         0.979 / 1.661         0.979 / 1.661         0.979 / 1.661       ms
[2024-03-16T12:47:25.811+0800][gc,stats    ]    Subphase: Concurrent Roots OopStorageSet                0.000 / 0.000         0.031 / 0.057         0.031 / 0.057         0.031 / 0.057       ms
[2024-03-16T12:47:25.811+0800][gc,stats    ]    Subphase: Concurrent Weak Roots OopStorageSet           0.000 / 0.000         0.428 / 0.629         0.428 / 0.629         0.428 / 0.629       ms
[2024-03-16T12:47:25.811+0800][gc,stats    ]    Subphase: Pause Mark Try Complete                       0.000 / 0.000         0.000 / 0.000         0.000 / 0.000         0.000 / 0.000       ms
[2024-03-16T12:47:25.811+0800][gc,stats    ]      System: Java Threads                                      0 / 0                34 / 48               34 / 48               34 / 48          threads
[2024-03-16T12:47:25.811+0800][gc,stats    ] =========================================================================================================================================================
[2024-03-16T12:47:35.821+0800][gc,stats    ] === Garbage Collection Statistics =======================================================================================================================
[2024-03-16T12:47:35.821+0800][gc,stats    ]                                                              Last 10s              Last 10m              Last 10h                Total
[2024-03-16T12:47:35.821+0800][gc,stats    ]                                                              Avg / Max             Avg / Max             Avg / Max             Avg / Max
[2024-03-16T12:47:35.821+0800][gc,stats    ]   Collector: Garbage Collection Cycle                      0.000 / 0.000        34.222 / 37.319       34.222 / 37.319       34.222 / 37.319      ms
[2024-03-16T12:47:35.821+0800][gc,stats    ]  Contention: Mark Segment Reset Contention                     0 / 0                 0 / 4                 0 / 4                 0 / 4           ops/s
[2024-03-16T12:47:35.821+0800][gc,stats    ]  Contention: Mark SeqNum Reset Contention                      0 / 0                 0 / 0                 0 / 0                 0 / 0           ops/s
[2024-03-16T12:47:35.821+0800][gc,stats    ]    Critical: Allocation Stall                                  0 / 0                 0 / 0                 0 / 0                 0 / 0           ops/s
[2024-03-16T12:47:35.821+0800][gc,stats    ]    Critical: Allocation Stall                              0.000 / 0.000         0.000 / 0.000         0.000 / 0.000         0.000 / 0.000       ms
[2024-03-16T12:47:35.821+0800][gc,stats    ]    Critical: GC Locker Stall                                   0 / 0                 0 / 0                 0 / 0                 0 / 0           ops/s
[2024-03-16T12:47:35.821+0800][gc,stats    ]    Critical: GC Locker Stall                               0.000 / 0.000         0.000 / 0.000         0.000 / 0.000         0.000 / 0.000       ms
[2024-03-16T12:47:35.821+0800][gc,stats    ]    Critical: Relocation Stall                                  0 / 0                 0 / 0                 0 / 0                 0 / 0           ops/s
[2024-03-16T12:47:35.821+0800][gc,stats    ]    Critical: Relocation Stall                              0.000 / 0.000         0.000 / 0.000         0.000 / 0.000         0.000 / 0.000       ms
[2024-03-16T12:47:35.821+0800][gc,stats    ]      Memory: Allocation Rate                                   0 / 2                 2 / 88                2 / 88                2 / 88          MB/s
[2024-03-16T12:47:35.821+0800][gc,stats    ]      Memory: Defragment                                        0 / 0                 0 / 0                 0 / 0                 0 / 0           ops/s
[2024-03-16T12:47:35.821+0800][gc,stats    ]      Memory: Out Of Memory                                     0 / 0                 0 / 0                 0 / 0                 0 / 0           ops/s
[2024-03-16T12:47:35.821+0800][gc,stats    ]      Memory: Page Cache Flush                                  0 / 0                 0 / 0                 0 / 0                 0 / 0           MB/s
[2024-03-16T12:47:35.821+0800][gc,stats    ]      Memory: Page Cache Hit L1                                 0 / 1                 0 / 39                0 / 39                0 / 39          ops/s
[2024-03-16T12:47:35.821+0800][gc,stats    ]      Memory: Page Cache Hit L2                                 0 / 0                 0 / 0                 0 / 0                 0 / 0           ops/s
[2024-03-16T12:47:35.821+0800][gc,stats    ]      Memory: Page Cache Hit L3                                 0 / 0                 0 / 44                0 / 44                0 / 44          ops/s
[2024-03-16T12:47:35.821+0800][gc,stats    ]      Memory: Page Cache Miss                                   0 / 0                 0 / 1                 0 / 1                 0 / 1           ops/s
[2024-03-16T12:47:35.821+0800][gc,stats    ]      Memory: Uncommit                                          0 / 0                 0 / 0                 0 / 0                 0 / 0           MB/s
[2024-03-16T12:47:35.821+0800][gc,stats    ]      Memory: Undo Object Allocation Failed                     0 / 0                 0 / 0                 0 / 0                 0 / 0           ops/s
[2024-03-16T12:47:35.821+0800][gc,stats    ]      Memory: Undo Object Allocation Succeeded                  0 / 0                 0 / 0                 0 / 0                 0 / 0           ops/s
[2024-03-16T12:47:35.821+0800][gc,stats    ]      Memory: Undo Page Allocation                              0 / 0                 0 / 0                 0 / 0                 0 / 0           ops/s
[2024-03-16T12:47:35.821+0800][gc,stats    ]       Phase: Concurrent Mark                               0.000 / 0.000        21.987 / 22.023       21.987 / 22.023       21.987 / 22.023      ms
[2024-03-16T12:47:35.821+0800][gc,stats    ]       Phase: Concurrent Mark Continue                      0.000 / 0.000         0.000 / 0.000         0.000 / 0.000         0.000 / 0.000       ms
[2024-03-16T12:47:35.821+0800][gc,stats    ]       Phase: Concurrent Mark Free                          0.000 / 0.000         0.001 / 0.001         0.001 / 0.001         0.001 / 0.001       ms
[2024-03-16T12:47:35.821+0800][gc,stats    ]       Phase: Concurrent Process Non-Strong References      0.000 / 0.000         2.263 / 2.984         2.263 / 2.984         2.263 / 2.984       ms
[2024-03-16T12:47:35.821+0800][gc,stats    ]       Phase: Concurrent Relocate                           0.000 / 0.000         3.162 / 3.562         3.162 / 3.562         3.162 / 3.562       ms
[2024-03-16T12:47:35.821+0800][gc,stats    ]       Phase: Concurrent Reset Relocation Set               0.000 / 0.000         0.004 / 0.007         0.004 / 0.007         0.004 / 0.007       ms
[2024-03-16T12:47:35.821+0800][gc,stats    ]       Phase: Concurrent Select Relocation Set              0.000 / 0.000         5.698 / 9.718         5.698 / 9.718         5.698 / 9.718       ms
[2024-03-16T12:47:35.821+0800][gc,stats    ]       Phase: Pause Mark End                                0.000 / 0.000         0.016 / 0.017         0.016 / 0.017         0.016 / 0.017       ms
[2024-03-16T12:47:35.821+0800][gc,stats    ]       Phase: Pause Mark Start                              0.000 / 0.000         0.013 / 0.017         0.013 / 0.017         0.013 / 0.017       ms
[2024-03-16T12:47:35.821+0800][gc,stats    ]       Phase: Pause Relocate Start                          0.000 / 0.000         0.009 / 0.009         0.009 / 0.009         0.009 / 0.009       ms
[2024-03-16T12:47:35.821+0800][gc,stats    ]    Subphase: Concurrent Classes Purge                      0.000 / 0.000         0.075 / 0.106         0.075 / 0.106         0.075 / 0.106       ms
[2024-03-16T12:47:35.821+0800][gc,stats    ]    Subphase: Concurrent Classes Unlink                     0.000 / 0.000         1.536 / 2.043         1.536 / 2.043         1.536 / 2.043       ms
[2024-03-16T12:47:35.821+0800][gc,stats    ]    Subphase: Concurrent Mark                               0.000 / 0.000        18.873 / 21.168       18.873 / 21.168       18.873 / 21.168      ms
[2024-03-16T12:47:35.821+0800][gc,stats    ]    Subphase: Concurrent Mark Try Flush                     0.000 / 0.000         0.084 / 0.158         0.084 / 0.158         0.084 / 0.158       ms
[2024-03-16T12:47:35.821+0800][gc,stats    ]    Subphase: Concurrent Mark Try Terminate                 0.000 / 0.000         4.470 / 12.345        4.470 / 12.345        4.470 / 12.345      ms
[2024-03-16T12:47:35.821+0800][gc,stats    ]    Subphase: Concurrent References Enqueue                 0.000 / 0.000         0.005 / 0.006         0.005 / 0.006         0.005 / 0.006       ms
[2024-03-16T12:47:35.821+0800][gc,stats    ]    Subphase: Concurrent References Process                 0.000 / 0.000         0.110 / 0.136         0.110 / 0.136         0.110 / 0.136       ms
[2024-03-16T12:47:35.821+0800][gc,stats    ]    Subphase: Concurrent Roots ClassLoaderDataGraph         0.000 / 0.000         0.100 / 0.469         0.100 / 0.469         0.100 / 0.469       ms
[2024-03-16T12:47:35.821+0800][gc,stats    ]    Subphase: Concurrent Roots CodeCache                    0.000 / 0.000         0.000 / 0.000         0.000 / 0.000         0.000 / 0.000       ms
[2024-03-16T12:47:35.821+0800][gc,stats    ]    Subphase: Concurrent Roots JavaThreads                  0.000 / 0.000         0.979 / 1.661         0.979 / 1.661         0.979 / 1.661       ms
[2024-03-16T12:47:35.821+0800][gc,stats    ]    Subphase: Concurrent Roots OopStorageSet                0.000 / 0.000         0.031 / 0.057         0.031 / 0.057         0.031 / 0.057       ms
[2024-03-16T12:47:35.822+0800][gc,stats    ]    Subphase: Concurrent Weak Roots OopStorageSet           0.000 / 0.000         0.428 / 0.629         0.428 / 0.629         0.428 / 0.629       ms
[2024-03-16T12:47:35.822+0800][gc,stats    ]    Subphase: Pause Mark Try Complete                       0.000 / 0.000         0.000 / 0.000         0.000 / 0.000         0.000 / 0.000       ms
[2024-03-16T12:47:35.822+0800][gc,stats    ]      System: Java Threads                                      0 / 0                34 / 48               34 / 48               34 / 48          threads
[2024-03-16T12:47:35.822+0800][gc,stats    ] =========================================================================================================================================================
[2024-03-16T12:47:45.825+0800][gc,stats    ] === Garbage Collection Statistics =======================================================================================================================
[2024-03-16T12:47:45.825+0800][gc,stats    ]                                                              Last 10s              Last 10m              Last 10h                Total
[2024-03-16T12:47:45.825+0800][gc,stats    ]                                                              Avg / Max             Avg / Max             Avg / Max             Avg / Max
[2024-03-16T12:47:45.825+0800][gc,stats    ]   Collector: Garbage Collection Cycle                      0.000 / 0.000        34.222 / 37.319       34.222 / 37.319       34.222 / 37.319      ms
[2024-03-16T12:47:45.825+0800][gc,stats    ]  Contention: Mark Segment Reset Contention                     0 / 0                 0 / 4                 0 / 4                 0 / 4           ops/s
[2024-03-16T12:47:45.825+0800][gc,stats    ]  Contention: Mark SeqNum Reset Contention                      0 / 0                 0 / 0                 0 / 0                 0 / 0           ops/s
[2024-03-16T12:47:45.825+0800][gc,stats    ]    Critical: Allocation Stall                                  0 / 0                 0 / 0                 0 / 0                 0 / 0           ops/s
[2024-03-16T12:47:45.825+0800][gc,stats    ]    Critical: Allocation Stall                              0.000 / 0.000         0.000 / 0.000         0.000 / 0.000         0.000 / 0.000       ms
[2024-03-16T12:47:45.825+0800][gc,stats    ]    Critical: GC Locker Stall                                   0 / 0                 0 / 0                 0 / 0                 0 / 0           ops/s
[2024-03-16T12:47:45.825+0800][gc,stats    ]    Critical: GC Locker Stall                               0.000 / 0.000         0.000 / 0.000         0.000 / 0.000         0.000 / 0.000       ms
[2024-03-16T12:47:45.825+0800][gc,stats    ]    Critical: Relocation Stall                                  0 / 0                 0 / 0                 0 / 0                 0 / 0           ops/s
[2024-03-16T12:47:45.825+0800][gc,stats    ]    Critical: Relocation Stall                              0.000 / 0.000         0.000 / 0.000         0.000 / 0.000         0.000 / 0.000       ms
[2024-03-16T12:47:45.825+0800][gc,stats    ]      Memory: Allocation Rate                                   0 / 0                 2 / 88                2 / 88                2 / 88          MB/s
[2024-03-16T12:47:45.825+0800][gc,stats    ]      Memory: Defragment                                        0 / 0                 0 / 0                 0 / 0                 0 / 0           ops/s
[2024-03-16T12:47:45.825+0800][gc,stats    ]      Memory: Out Of Memory                                     0 / 0                 0 / 0                 0 / 0                 0 / 0           ops/s
[2024-03-16T12:47:45.825+0800][gc,stats    ]      Memory: Page Cache Flush                                  0 / 0                 0 / 0                 0 / 0                 0 / 0           MB/s
[2024-03-16T12:47:45.825+0800][gc,stats    ]      Memory: Page Cache Hit L1                                 0 / 0                 0 / 39                0 / 39                0 / 39          ops/s
[2024-03-16T12:47:45.825+0800][gc,stats    ]      Memory: Page Cache Hit L2                                 0 / 0                 0 / 0                 0 / 0                 0 / 0           ops/s
[2024-03-16T12:47:45.825+0800][gc,stats    ]      Memory: Page Cache Hit L3                                 0 / 0                 0 / 44                0 / 44                0 / 44          ops/s
[2024-03-16T12:47:45.825+0800][gc,stats    ]      Memory: Page Cache Miss                                   0 / 0                 0 / 1                 0 / 1                 0 / 1           ops/s
[2024-03-16T12:47:45.825+0800][gc,stats    ]      Memory: Uncommit                                          0 / 0                 0 / 0                 0 / 0                 0 / 0           MB/s
[2024-03-16T12:47:45.825+0800][gc,stats    ]      Memory: Undo Object Allocation Failed                     0 / 0                 0 / 0                 0 / 0                 0 / 0           ops/s
[2024-03-16T12:47:45.825+0800][gc,stats    ]      Memory: Undo Object Allocation Succeeded                  0 / 0                 0 / 0                 0 / 0                 0 / 0           ops/s
[2024-03-16T12:47:45.826+0800][gc,stats    ]      Memory: Undo Page Allocation                              0 / 0                 0 / 0                 0 / 0                 0 / 0           ops/s
[2024-03-16T12:47:45.826+0800][gc,stats    ]       Phase: Concurrent Mark                               0.000 / 0.000        21.987 / 22.023       21.987 / 22.023       21.987 / 22.023      ms
[2024-03-16T12:47:45.826+0800][gc,stats    ]       Phase: Concurrent Mark Continue                      0.000 / 0.000         0.000 / 0.000         0.000 / 0.000         0.000 / 0.000       ms
[2024-03-16T12:47:45.826+0800][gc,stats    ]       Phase: Concurrent Mark Free                          0.000 / 0.000         0.001 / 0.001         0.001 / 0.001         0.001 / 0.001       ms
[2024-03-16T12:47:45.826+0800][gc,stats    ]       Phase: Concurrent Process Non-Strong References      0.000 / 0.000         2.263 / 2.984         2.263 / 2.984         2.263 / 2.984       ms
[2024-03-16T12:47:45.826+0800][gc,stats    ]       Phase: Concurrent Relocate                           0.000 / 0.000         3.162 / 3.562         3.162 / 3.562         3.162 / 3.562       ms
[2024-03-16T12:47:45.826+0800][gc,stats    ]       Phase: Concurrent Reset Relocation Set               0.000 / 0.000         0.004 / 0.007         0.004 / 0.007         0.004 / 0.007       ms
[2024-03-16T12:47:45.826+0800][gc,stats    ]       Phase: Concurrent Select Relocation Set              0.000 / 0.000         5.698 / 9.718         5.698 / 9.718         5.698 / 9.718       ms
[2024-03-16T12:47:45.826+0800][gc,stats    ]       Phase: Pause Mark End                                0.000 / 0.000         0.016 / 0.017         0.016 / 0.017         0.016 / 0.017       ms
[2024-03-16T12:47:45.826+0800][gc,stats    ]       Phase: Pause Mark Start                              0.000 / 0.000         0.013 / 0.017         0.013 / 0.017         0.013 / 0.017       ms
[2024-03-16T12:47:45.826+0800][gc,stats    ]       Phase: Pause Relocate Start                          0.000 / 0.000         0.009 / 0.009         0.009 / 0.009         0.009 / 0.009       ms
[2024-03-16T12:47:45.826+0800][gc,stats    ]    Subphase: Concurrent Classes Purge                      0.000 / 0.000         0.075 / 0.106         0.075 / 0.106         0.075 / 0.106       ms
[2024-03-16T12:47:45.826+0800][gc,stats    ]    Subphase: Concurrent Classes Unlink                     0.000 / 0.000         1.536 / 2.043         1.536 / 2.043         1.536 / 2.043       ms
[2024-03-16T12:47:45.826+0800][gc,stats    ]    Subphase: Concurrent Mark                               0.000 / 0.000        18.873 / 21.168       18.873 / 21.168       18.873 / 21.168      ms
[2024-03-16T12:47:45.826+0800][gc,stats    ]    Subphase: Concurrent Mark Try Flush                     0.000 / 0.000         0.084 / 0.158         0.084 / 0.158         0.084 / 0.158       ms
[2024-03-16T12:47:45.826+0800][gc,stats    ]    Subphase: Concurrent Mark Try Terminate                 0.000 / 0.000         4.470 / 12.345        4.470 / 12.345        4.470 / 12.345      ms
[2024-03-16T12:47:45.826+0800][gc,stats    ]    Subphase: Concurrent References Enqueue                 0.000 / 0.000         0.005 / 0.006         0.005 / 0.006         0.005 / 0.006       ms
[2024-03-16T12:47:45.826+0800][gc,stats    ]    Subphase: Concurrent References Process                 0.000 / 0.000         0.110 / 0.136         0.110 / 0.136         0.110 / 0.136       ms
[2024-03-16T12:47:45.826+0800][gc,stats    ]    Subphase: Concurrent Roots ClassLoaderDataGraph         0.000 / 0.000         0.100 / 0.469         0.100 / 0.469         0.100 / 0.469       ms
[2024-03-16T12:47:45.826+0800][gc,stats    ]    Subphase: Concurrent Roots CodeCache                    0.000 / 0.000         0.000 / 0.000         0.000 / 0.000         0.000 / 0.000       ms
[2024-03-16T12:47:45.826+0800][gc,stats    ]    Subphase: Concurrent Roots JavaThreads                  0.000 / 0.000         0.979 / 1.661         0.979 / 1.661         0.979 / 1.661       ms
[2024-03-16T12:47:45.826+0800][gc,stats    ]    Subphase: Concurrent Roots OopStorageSet                0.000 / 0.000         0.031 / 0.057         0.031 / 0.057         0.031 / 0.057       ms
[2024-03-16T12:47:45.826+0800][gc,stats    ]    Subphase: Concurrent Weak Roots OopStorageSet           0.000 / 0.000         0.428 / 0.629         0.428 / 0.629         0.428 / 0.629       ms
[2024-03-16T12:47:45.826+0800][gc,stats    ]    Subphase: Pause Mark Try Complete                       0.000 / 0.000         0.000 / 0.000         0.000 / 0.000         0.000 / 0.000       ms
[2024-03-16T12:47:45.826+0800][gc,stats    ]      System: Java Threads                                      0 / 0                34 / 48               34 / 48               34 / 48          threads
[2024-03-16T12:47:45.826+0800][gc,stats    ] =========================================================================================================================================================
[2024-03-16T12:47:55.824+0800][gc,stats    ] === Garbage Collection Statistics =======================================================================================================================
[2024-03-16T12:47:55.824+0800][gc,stats    ]                                                              Last 10s              Last 10m              Last 10h                Total
[2024-03-16T12:47:55.824+0800][gc,stats    ]                                                              Avg / Max             Avg / Max             Avg / Max             Avg / Max
[2024-03-16T12:47:55.824+0800][gc,stats    ]   Collector: Garbage Collection Cycle                      0.000 / 0.000        34.222 / 37.319       34.222 / 37.319       34.222 / 37.319      ms
[2024-03-16T12:47:55.824+0800][gc,stats    ]  Contention: Mark Segment Reset Contention                     0 / 0                 0 / 4                 0 / 4                 0 / 4           ops/s
[2024-03-16T12:47:55.824+0800][gc,stats    ]  Contention: Mark SeqNum Reset Contention                      0 / 0                 0 / 0                 0 / 0                 0 / 0           ops/s
[2024-03-16T12:47:55.824+0800][gc,stats    ]    Critical: Allocation Stall                                  0 / 0                 0 / 0                 0 / 0                 0 / 0           ops/s
[2024-03-16T12:47:55.824+0800][gc,stats    ]    Critical: Allocation Stall                              0.000 / 0.000         0.000 / 0.000         0.000 / 0.000         0.000 / 0.000       ms
[2024-03-16T12:47:55.824+0800][gc,stats    ]    Critical: GC Locker Stall                                   0 / 0                 0 / 0                 0 / 0                 0 / 0           ops/s
[2024-03-16T12:47:55.824+0800][gc,stats    ]    Critical: GC Locker Stall                               0.000 / 0.000         0.000 / 0.000         0.000 / 0.000         0.000 / 0.000       ms
[2024-03-16T12:47:55.824+0800][gc,stats    ]    Critical: Relocation Stall                                  0 / 0                 0 / 0                 0 / 0                 0 / 0           ops/s
[2024-03-16T12:47:55.824+0800][gc,stats    ]    Critical: Relocation Stall                              0.000 / 0.000         0.000 / 0.000         0.000 / 0.000         0.000 / 0.000       ms
[2024-03-16T12:47:55.824+0800][gc,stats    ]      Memory: Allocation Rate                                   0 / 0                 2 / 88                2 / 88                2 / 88          MB/s
[2024-03-16T12:47:55.824+0800][gc,stats    ]      Memory: Defragment                                        0 / 0                 0 / 0                 0 / 0                 0 / 0           ops/s
[2024-03-16T12:47:55.824+0800][gc,stats    ]      Memory: Out Of Memory                                     0 / 0                 0 / 0                 0 / 0                 0 / 0           ops/s
[2024-03-16T12:47:55.824+0800][gc,stats    ]      Memory: Page Cache Flush                                  0 / 0                 0 / 0                 0 / 0                 0 / 0           MB/s
[2024-03-16T12:47:55.824+0800][gc,stats    ]      Memory: Page Cache Hit L1                                 0 / 0                 0 / 39                0 / 39                0 / 39          ops/s
[2024-03-16T12:47:55.824+0800][gc,stats    ]      Memory: Page Cache Hit L2                                 0 / 0                 0 / 0                 0 / 0                 0 / 0           ops/s
[2024-03-16T12:47:55.824+0800][gc,stats    ]      Memory: Page Cache Hit L3                                 0 / 0                 0 / 44                0 / 44                0 / 44          ops/s
[2024-03-16T12:47:55.824+0800][gc,stats    ]      Memory: Page Cache Miss                                   0 / 0                 0 / 1                 0 / 1                 0 / 1           ops/s
[2024-03-16T12:47:55.824+0800][gc,stats    ]      Memory: Uncommit                                          0 / 0                 0 / 0                 0 / 0                 0 / 0           MB/s
[2024-03-16T12:47:55.824+0800][gc,stats    ]      Memory: Undo Object Allocation Failed                     0 / 0                 0 / 0                 0 / 0                 0 / 0           ops/s
[2024-03-16T12:47:55.824+0800][gc,stats    ]      Memory: Undo Object Allocation Succeeded                  0 / 0                 0 / 0                 0 / 0                 0 / 0           ops/s
[2024-03-16T12:47:55.824+0800][gc,stats    ]      Memory: Undo Page Allocation                              0 / 0                 0 / 0                 0 / 0                 0 / 0           ops/s
[2024-03-16T12:47:55.824+0800][gc,stats    ]       Phase: Concurrent Mark                               0.000 / 0.000        21.987 / 22.023       21.987 / 22.023       21.987 / 22.023      ms
[2024-03-16T12:47:55.824+0800][gc,stats    ]       Phase: Concurrent Mark Continue                      0.000 / 0.000         0.000 / 0.000         0.000 / 0.000         0.000 / 0.000       ms
[2024-03-16T12:47:55.824+0800][gc,stats    ]       Phase: Concurrent Mark Free                          0.000 / 0.000         0.001 / 0.001         0.001 / 0.001         0.001 / 0.001       ms
[2024-03-16T12:47:55.824+0800][gc,stats    ]       Phase: Concurrent Process Non-Strong References      0.000 / 0.000         2.263 / 2.984         2.263 / 2.984         2.263 / 2.984       ms
[2024-03-16T12:47:55.824+0800][gc,stats    ]       Phase: Concurrent Relocate                           0.000 / 0.000         3.162 / 3.562         3.162 / 3.562         3.162 / 3.562       ms
[2024-03-16T12:47:55.824+0800][gc,stats    ]       Phase: Concurrent Reset Relocation Set               0.000 / 0.000         0.004 / 0.007         0.004 / 0.007         0.004 / 0.007       ms
[2024-03-16T12:47:55.824+0800][gc,stats    ]       Phase: Concurrent Select Relocation Set              0.000 / 0.000         5.698 / 9.718         5.698 / 9.718         5.698 / 9.718       ms
[2024-03-16T12:47:55.824+0800][gc,stats    ]       Phase: Pause Mark End                                0.000 / 0.000         0.016 / 0.017         0.016 / 0.017         0.016 / 0.017       ms
[2024-03-16T12:47:55.824+0800][gc,stats    ]       Phase: Pause Mark Start                              0.000 / 0.000         0.013 / 0.017         0.013 / 0.017         0.013 / 0.017       ms
[2024-03-16T12:47:55.824+0800][gc,stats    ]       Phase: Pause Relocate Start                          0.000 / 0.000         0.009 / 0.009         0.009 / 0.009         0.009 / 0.009       ms
[2024-03-16T12:47:55.824+0800][gc,stats    ]    Subphase: Concurrent Classes Purge                      0.000 / 0.000         0.075 / 0.106         0.075 / 0.106         0.075 / 0.106       ms
[2024-03-16T12:47:55.824+0800][gc,stats    ]    Subphase: Concurrent Classes Unlink                     0.000 / 0.000         1.536 / 2.043         1.536 / 2.043         1.536 / 2.043       ms
[2024-03-16T12:47:55.824+0800][gc,stats    ]    Subphase: Concurrent Mark                               0.000 / 0.000        18.873 / 21.168       18.873 / 21.168       18.873 / 21.168      ms
[2024-03-16T12:47:55.824+0800][gc,stats    ]    Subphase: Concurrent Mark Try Flush                     0.000 / 0.000         0.084 / 0.158         0.084 / 0.158         0.084 / 0.158       ms
[2024-03-16T12:47:55.824+0800][gc,stats    ]    Subphase: Concurrent Mark Try Terminate                 0.000 / 0.000         4.470 / 12.345        4.470 / 12.345        4.470 / 12.345      ms
[2024-03-16T12:47:55.824+0800][gc,stats    ]    Subphase: Concurrent References Enqueue                 0.000 / 0.000         0.005 / 0.006         0.005 / 0.006         0.005 / 0.006       ms
[2024-03-16T12:47:55.824+0800][gc,stats    ]    Subphase: Concurrent References Process                 0.000 / 0.000         0.110 / 0.136         0.110 / 0.136         0.110 / 0.136       ms
[2024-03-16T12:47:55.824+0800][gc,stats    ]    Subphase: Concurrent Roots ClassLoaderDataGraph         0.000 / 0.000         0.100 / 0.469         0.100 / 0.469         0.100 / 0.469       ms
[2024-03-16T12:47:55.824+0800][gc,stats    ]    Subphase: Concurrent Roots CodeCache                    0.000 / 0.000         0.000 / 0.000         0.000 / 0.000         0.000 / 0.000       ms
[2024-03-16T12:47:55.824+0800][gc,stats    ]    Subphase: Concurrent Roots JavaThreads                  0.000 / 0.000         0.979 / 1.661         0.979 / 1.661         0.979 / 1.661       ms
[2024-03-16T12:47:55.824+0800][gc,stats    ]    Subphase: Concurrent Roots OopStorageSet                0.000 / 0.000         0.031 / 0.057         0.031 / 0.057         0.031 / 0.057       ms
[2024-03-16T12:47:55.824+0800][gc,stats    ]    Subphase: Concurrent Weak Roots OopStorageSet           0.000 / 0.000         0.428 / 0.629         0.428 / 0.629         0.428 / 0.629       ms
[2024-03-16T12:47:55.824+0800][gc,stats    ]    Subphase: Pause Mark Try Complete                       0.000 / 0.000         0.000 / 0.000         0.000 / 0.000         0.000 / 0.000       ms
[2024-03-16T12:47:55.824+0800][gc,stats    ]      System: Java Threads                                      0 / 0                34 / 48               34 / 48               34 / 48          threads
[2024-03-16T12:47:55.824+0800][gc,stats    ] =========================================================================================================================================================
[2024-03-16T12:48:05.815+0800][gc,stats    ] === Garbage Collection Statistics =======================================================================================================================
[2024-03-16T12:48:05.815+0800][gc,stats    ]                                                              Last 10s              Last 10m              Last 10h                Total
[2024-03-16T12:48:05.815+0800][gc,stats    ]                                                              Avg / Max             Avg / Max             Avg / Max             Avg / Max
[2024-03-16T12:48:05.815+0800][gc,stats    ]   Collector: Garbage Collection Cycle                      0.000 / 0.000        34.222 / 37.319       34.222 / 37.319       34.222 / 37.319      ms
[2024-03-16T12:48:05.815+0800][gc,stats    ]  Contention: Mark Segment Reset Contention                     0 / 0                 0 / 4                 0 / 4                 0 / 4           ops/s
[2024-03-16T12:48:05.815+0800][gc,stats    ]  Contention: Mark SeqNum Reset Contention                      0 / 0                 0 / 0                 0 / 0                 0 / 0           ops/s
[2024-03-16T12:48:05.815+0800][gc,stats    ]    Critical: Allocation Stall                                  0 / 0                 0 / 0                 0 / 0                 0 / 0           ops/s
[2024-03-16T12:48:05.815+0800][gc,stats    ]    Critical: Allocation Stall                              0.000 / 0.000         0.000 / 0.000         0.000 / 0.000         0.000 / 0.000       ms
[2024-03-16T12:48:05.815+0800][gc,stats    ]    Critical: GC Locker Stall                                   0 / 0                 0 / 0                 0 / 0                 0 / 0           ops/s
[2024-03-16T12:48:05.815+0800][gc,stats    ]    Critical: GC Locker Stall                               0.000 / 0.000         0.000 / 0.000         0.000 / 0.000         0.000 / 0.000       ms
[2024-03-16T12:48:05.815+0800][gc,stats    ]    Critical: Relocation Stall                                  0 / 0                 0 / 0                 0 / 0                 0 / 0           ops/s
[2024-03-16T12:48:05.815+0800][gc,stats    ]    Critical: Relocation Stall                              0.000 / 0.000         0.000 / 0.000         0.000 / 0.000         0.000 / 0.000       ms
[2024-03-16T12:48:05.815+0800][gc,stats    ]      Memory: Allocation Rate                                   0 / 0                 2 / 88                2 / 88                2 / 88          MB/s
[2024-03-16T12:48:05.815+0800][gc,stats    ]      Memory: Defragment                                        0 / 0                 0 / 0                 0 / 0                 0 / 0           ops/s
[2024-03-16T12:48:05.815+0800][gc,stats    ]      Memory: Out Of Memory                                     0 / 0                 0 / 0                 0 / 0                 0 / 0           ops/s
[2024-03-16T12:48:05.815+0800][gc,stats    ]      Memory: Page Cache Flush                                  0 / 0                 0 / 0                 0 / 0                 0 / 0           MB/s
[2024-03-16T12:48:05.815+0800][gc,stats    ]      Memory: Page Cache Hit L1                                 0 / 0                 0 / 39                0 / 39                0 / 39          ops/s
[2024-03-16T12:48:05.815+0800][gc,stats    ]      Memory: Page Cache Hit L2                                 0 / 0                 0 / 0                 0 / 0                 0 / 0           ops/s
[2024-03-16T12:48:05.815+0800][gc,stats    ]      Memory: Page Cache Hit L3                                 0 / 0                 0 / 44                0 / 44                0 / 44          ops/s
[2024-03-16T12:48:05.815+0800][gc,stats    ]      Memory: Page Cache Miss                                   0 / 0                 0 / 1                 0 / 1                 0 / 1           ops/s
[2024-03-16T12:48:05.815+0800][gc,stats    ]      Memory: Uncommit                                          0 / 0                 0 / 0                 0 / 0                 0 / 0           MB/s
[2024-03-16T12:48:05.815+0800][gc,stats    ]      Memory: Undo Object Allocation Failed                     0 / 0                 0 / 0                 0 / 0                 0 / 0           ops/s
[2024-03-16T12:48:05.815+0800][gc,stats    ]      Memory: Undo Object Allocation Succeeded                  0 / 0                 0 / 0                 0 / 0                 0 / 0           ops/s
[2024-03-16T12:48:05.815+0800][gc,stats    ]      Memory: Undo Page Allocation                              0 / 0                 0 / 0                 0 / 0                 0 / 0           ops/s
[2024-03-16T12:48:05.815+0800][gc,stats    ]       Phase: Concurrent Mark                               0.000 / 0.000        21.987 / 22.023       21.987 / 22.023       21.987 / 22.023      ms
[2024-03-16T12:48:05.815+0800][gc,stats    ]       Phase: Concurrent Mark Continue                      0.000 / 0.000         0.000 / 0.000         0.000 / 0.000         0.000 / 0.000       ms
[2024-03-16T12:48:05.815+0800][gc,stats    ]       Phase: Concurrent Mark Free                          0.000 / 0.000         0.001 / 0.001         0.001 / 0.001         0.001 / 0.001       ms
[2024-03-16T12:48:05.815+0800][gc,stats    ]       Phase: Concurrent Process Non-Strong References      0.000 / 0.000         2.263 / 2.984         2.263 / 2.984         2.263 / 2.984       ms
[2024-03-16T12:48:05.815+0800][gc,stats    ]       Phase: Concurrent Relocate                           0.000 / 0.000         3.162 / 3.562         3.162 / 3.562         3.162 / 3.562       ms
[2024-03-16T12:48:05.815+0800][gc,stats    ]       Phase: Concurrent Reset Relocation Set               0.000 / 0.000         0.004 / 0.007         0.004 / 0.007         0.004 / 0.007       ms
[2024-03-16T12:48:05.815+0800][gc,stats    ]       Phase: Concurrent Select Relocation Set              0.000 / 0.000         5.698 / 9.718         5.698 / 9.718         5.698 / 9.718       ms
[2024-03-16T12:48:05.815+0800][gc,stats    ]       Phase: Pause Mark End                                0.000 / 0.000         0.016 / 0.017         0.016 / 0.017         0.016 / 0.017       ms
[2024-03-16T12:48:05.815+0800][gc,stats    ]       Phase: Pause Mark Start                              0.000 / 0.000         0.013 / 0.017         0.013 / 0.017         0.013 / 0.017       ms
[2024-03-16T12:48:05.815+0800][gc,stats    ]       Phase: Pause Relocate Start                          0.000 / 0.000         0.009 / 0.009         0.009 / 0.009         0.009 / 0.009       ms
[2024-03-16T12:48:05.815+0800][gc,stats    ]    Subphase: Concurrent Classes Purge                      0.000 / 0.000         0.075 / 0.106         0.075 / 0.106         0.075 / 0.106       ms
[2024-03-16T12:48:05.815+0800][gc,stats    ]    Subphase: Concurrent Classes Unlink                     0.000 / 0.000         1.536 / 2.043         1.536 / 2.043         1.536 / 2.043       ms
[2024-03-16T12:48:05.815+0800][gc,stats    ]    Subphase: Concurrent Mark                               0.000 / 0.000        18.873 / 21.168       18.873 / 21.168       18.873 / 21.168      ms
[2024-03-16T12:48:05.815+0800][gc,stats    ]    Subphase: Concurrent Mark Try Flush                     0.000 / 0.000         0.084 / 0.158         0.084 / 0.158         0.084 / 0.158       ms
[2024-03-16T12:48:05.815+0800][gc,stats    ]    Subphase: Concurrent Mark Try Terminate                 0.000 / 0.000         4.470 / 12.345        4.470 / 12.345        4.470 / 12.345      ms
[2024-03-16T12:48:05.815+0800][gc,stats    ]    Subphase: Concurrent References Enqueue                 0.000 / 0.000         0.005 / 0.006         0.005 / 0.006         0.005 / 0.006       ms
[2024-03-16T12:48:05.815+0800][gc,stats    ]    Subphase: Concurrent References Process                 0.000 / 0.000         0.110 / 0.136         0.110 / 0.136         0.110 / 0.136       ms
[2024-03-16T12:48:05.815+0800][gc,stats    ]    Subphase: Concurrent Roots ClassLoaderDataGraph         0.000 / 0.000         0.100 / 0.469         0.100 / 0.469         0.100 / 0.469       ms
[2024-03-16T12:48:05.815+0800][gc,stats    ]    Subphase: Concurrent Roots CodeCache                    0.000 / 0.000         0.000 / 0.000         0.000 / 0.000         0.000 / 0.000       ms
[2024-03-16T12:48:05.815+0800][gc,stats    ]    Subphase: Concurrent Roots JavaThreads                  0.000 / 0.000         0.979 / 1.661         0.979 / 1.661         0.979 / 1.661       ms
[2024-03-16T12:48:05.815+0800][gc,stats    ]    Subphase: Concurrent Roots OopStorageSet                0.000 / 0.000         0.031 / 0.057         0.031 / 0.057         0.031 / 0.057       ms
[2024-03-16T12:48:05.815+0800][gc,stats    ]    Subphase: Concurrent Weak Roots OopStorageSet           0.000 / 0.000         0.428 / 0.629         0.428 / 0.629         0.428 / 0.629       ms
[2024-03-16T12:48:05.815+0800][gc,stats    ]    Subphase: Pause Mark Try Complete                       0.000 / 0.000         0.000 / 0.000         0.000 / 0.000         0.000 / 0.000       ms
[2024-03-16T12:48:05.815+0800][gc,stats    ]      System: Java Threads                                      0 / 0                34 / 48               34 / 48               34 / 48          threads
[2024-03-16T12:48:05.815+0800][gc,stats    ] =========================================================================================================================================================
[2024-03-16T12:48:15.821+0800][gc,stats    ] === Garbage Collection Statistics =======================================================================================================================
[2024-03-16T12:48:15.821+0800][gc,stats    ]                                                              Last 10s              Last 10m              Last 10h                Total
[2024-03-16T12:48:15.821+0800][gc,stats    ]                                                              Avg / Max             Avg / Max             Avg / Max             Avg / Max
[2024-03-16T12:48:15.821+0800][gc,stats    ]   Collector: Garbage Collection Cycle                      0.000 / 0.000        34.222 / 37.319       34.222 / 37.319       34.222 / 37.319      ms
[2024-03-16T12:48:15.821+0800][gc,stats    ]  Contention: Mark Segment Reset Contention                     0 / 0                 0 / 4                 0 / 4                 0 / 4           ops/s
[2024-03-16T12:48:15.821+0800][gc,stats    ]  Contention: Mark SeqNum Reset Contention                      0 / 0                 0 / 0                 0 / 0                 0 / 0           ops/s
[2024-03-16T12:48:15.821+0800][gc,stats    ]    Critical: Allocation Stall                                  0 / 0                 0 / 0                 0 / 0                 0 / 0           ops/s
[2024-03-16T12:48:15.821+0800][gc,stats    ]    Critical: Allocation Stall                              0.000 / 0.000         0.000 / 0.000         0.000 / 0.000         0.000 / 0.000       ms
[2024-03-16T12:48:15.821+0800][gc,stats    ]    Critical: GC Locker Stall                                   0 / 0                 0 / 0                 0 / 0                 0 / 0           ops/s
[2024-03-16T12:48:15.821+0800][gc,stats    ]    Critical: GC Locker Stall                               0.000 / 0.000         0.000 / 0.000         0.000 / 0.000         0.000 / 0.000       ms
[2024-03-16T12:48:15.821+0800][gc,stats    ]    Critical: Relocation Stall                                  0 / 0                 0 / 0                 0 / 0                 0 / 0           ops/s
[2024-03-16T12:48:15.821+0800][gc,stats    ]    Critical: Relocation Stall                              0.000 / 0.000         0.000 / 0.000         0.000 / 0.000         0.000 / 0.000       ms
[2024-03-16T12:48:15.821+0800][gc,stats    ]      Memory: Allocation Rate                                   0 / 0                 2 / 88                2 / 88                2 / 88          MB/s
[2024-03-16T12:48:15.821+0800][gc,stats    ]      Memory: Defragment                                        0 / 0                 0 / 0                 0 / 0                 0 / 0           ops/s
[2024-03-16T12:48:15.821+0800][gc,stats    ]      Memory: Out Of Memory                                     0 / 0                 0 / 0                 0 / 0                 0 / 0           ops/s
[2024-03-16T12:48:15.821+0800][gc,stats    ]      Memory: Page Cache Flush                                  0 / 0                 0 / 0                 0 / 0                 0 / 0           MB/s
[2024-03-16T12:48:15.821+0800][gc,stats    ]      Memory: Page Cache Hit L1                                 0 / 0                 0 / 39                0 / 39                0 / 39          ops/s
[2024-03-16T12:48:15.821+0800][gc,stats    ]      Memory: Page Cache Hit L2                                 0 / 0                 0 / 0                 0 / 0                 0 / 0           ops/s
[2024-03-16T12:48:15.821+0800][gc,stats    ]      Memory: Page Cache Hit L3                                 0 / 0                 0 / 44                0 / 44                0 / 44          ops/s
[2024-03-16T12:48:15.821+0800][gc,stats    ]      Memory: Page Cache Miss                                   0 / 0                 0 / 1                 0 / 1                 0 / 1           ops/s
[2024-03-16T12:48:15.821+0800][gc,stats    ]      Memory: Uncommit                                          0 / 0                 0 / 0                 0 / 0                 0 / 0           MB/s
[2024-03-16T12:48:15.821+0800][gc,stats    ]      Memory: Undo Object Allocation Failed                     0 / 0                 0 / 0                 0 / 0                 0 / 0           ops/s
[2024-03-16T12:48:15.821+0800][gc,stats    ]      Memory: Undo Object Allocation Succeeded                  0 / 0                 0 / 0                 0 / 0                 0 / 0           ops/s
[2024-03-16T12:48:15.821+0800][gc,stats    ]      Memory: Undo Page Allocation                              0 / 0                 0 / 0                 0 / 0                 0 / 0           ops/s
[2024-03-16T12:48:15.821+0800][gc,stats    ]       Phase: Concurrent Mark                               0.000 / 0.000        21.987 / 22.023       21.987 / 22.023       21.987 / 22.023      ms
[2024-03-16T12:48:15.821+0800][gc,stats    ]       Phase: Concurrent Mark Continue                      0.000 / 0.000         0.000 / 0.000         0.000 / 0.000         0.000 / 0.000       ms
[2024-03-16T12:48:15.821+0800][gc,stats    ]       Phase: Concurrent Mark Free                          0.000 / 0.000         0.001 / 0.001         0.001 / 0.001         0.001 / 0.001       ms
[2024-03-16T12:48:15.821+0800][gc,stats    ]       Phase: Concurrent Process Non-Strong References      0.000 / 0.000         2.263 / 2.984         2.263 / 2.984         2.263 / 2.984       ms
[2024-03-16T12:48:15.821+0800][gc,stats    ]       Phase: Concurrent Relocate                           0.000 / 0.000         3.162 / 3.562         3.162 / 3.562         3.162 / 3.562       ms
[2024-03-16T12:48:15.821+0800][gc,stats    ]       Phase: Concurrent Reset Relocation Set               0.000 / 0.000         0.004 / 0.007         0.004 / 0.007         0.004 / 0.007       ms
[2024-03-16T12:48:15.821+0800][gc,stats    ]       Phase: Concurrent Select Relocation Set              0.000 / 0.000         5.698 / 9.718         5.698 / 9.718         5.698 / 9.718       ms
[2024-03-16T12:48:15.821+0800][gc,stats    ]       Phase: Pause Mark End                                0.000 / 0.000         0.016 / 0.017         0.016 / 0.017         0.016 / 0.017       ms
[2024-03-16T12:48:15.821+0800][gc,stats    ]       Phase: Pause Mark Start                              0.000 / 0.000         0.013 / 0.017         0.013 / 0.017         0.013 / 0.017       ms
[2024-03-16T12:48:15.821+0800][gc,stats    ]       Phase: Pause Relocate Start                          0.000 / 0.000         0.009 / 0.009         0.009 / 0.009         0.009 / 0.009       ms
[2024-03-16T12:48:15.821+0800][gc,stats    ]    Subphase: Concurrent Classes Purge                      0.000 / 0.000         0.075 / 0.106         0.075 / 0.106         0.075 / 0.106       ms
[2024-03-16T12:48:15.821+0800][gc,stats    ]    Subphase: Concurrent Classes Unlink                     0.000 / 0.000         1.536 / 2.043         1.536 / 2.043         1.536 / 2.043       ms
[2024-03-16T12:48:15.821+0800][gc,stats    ]    Subphase: Concurrent Mark                               0.000 / 0.000        18.873 / 21.168       18.873 / 21.168       18.873 / 21.168      ms
[2024-03-16T12:48:15.821+0800][gc,stats    ]    Subphase: Concurrent Mark Try Flush                     0.000 / 0.000         0.084 / 0.158         0.084 / 0.158         0.084 / 0.158       ms
[2024-03-16T12:48:15.821+0800][gc,stats    ]    Subphase: Concurrent Mark Try Terminate                 0.000 / 0.000         4.470 / 12.345        4.470 / 12.345        4.470 / 12.345      ms
[2024-03-16T12:48:15.821+0800][gc,stats    ]    Subphase: Concurrent References Enqueue                 0.000 / 0.000         0.005 / 0.006         0.005 / 0.006         0.005 / 0.006       ms
[2024-03-16T12:48:15.821+0800][gc,stats    ]    Subphase: Concurrent References Process                 0.000 / 0.000         0.110 / 0.136         0.110 / 0.136         0.110 / 0.136       ms
[2024-03-16T12:48:15.821+0800][gc,stats    ]    Subphase: Concurrent Roots ClassLoaderDataGraph         0.000 / 0.000         0.100 / 0.469         0.100 / 0.469         0.100 / 0.469       ms
[2024-03-16T12:48:15.821+0800][gc,stats    ]    Subphase: Concurrent Roots CodeCache                    0.000 / 0.000         0.000 / 0.000         0.000 / 0.000         0.000 / 0.000       ms
[2024-03-16T12:48:15.821+0800][gc,stats    ]    Subphase: Concurrent Roots JavaThreads                  0.000 / 0.000         0.979 / 1.661         0.979 / 1.661         0.979 / 1.661       ms
[2024-03-16T12:48:15.821+0800][gc,stats    ]    Subphase: Concurrent Roots OopStorageSet                0.000 / 0.000         0.031 / 0.057         0.031 / 0.057         0.031 / 0.057       ms
[2024-03-16T12:48:15.821+0800][gc,stats    ]    Subphase: Concurrent Weak Roots OopStorageSet           0.000 / 0.000         0.428 / 0.629         0.428 / 0.629         0.428 / 0.629       ms
[2024-03-16T12:48:15.821+0800][gc,stats    ]    Subphase: Pause Mark Try Complete                       0.000 / 0.000         0.000 / 0.000         0.000 / 0.000         0.000 / 0.000       ms
[2024-03-16T12:48:15.821+0800][gc,stats    ]      System: Java Threads                                      0 / 0                34 / 48               34 / 48               34 / 48          threads
[2024-03-16T12:48:15.821+0800][gc,stats    ] =========================================================================================================================================================
[2024-03-16T12:48:25.569+0800][gc,heap,exit] Heap
[2024-03-16T12:48:25.569+0800][gc,heap,exit]  ZHeap           used 140M, capacity 10240M, max capacity 10240M
[2024-03-16T12:48:25.569+0800][gc,heap,exit]  Metaspace       used 40481K, committed 40896K, reserved 1114112K
[2024-03-16T12:48:25.569+0800][gc,heap,exit]   class space    used 4513K, committed 4736K, reserved 1048576K
