[2024-03-16T12:41:39.439+0800][gc,init] Initializing The Z Garbage Collector
[2024-03-16T12:41:39.439+0800][gc,init] Version: 19.0.2+7-44 (release)
[2024-03-16T12:41:39.439+0800][gc,init] NUMA Support: Disabled
[2024-03-16T12:41:39.439+0800][gc,init] CPUs: 16 total, 16 available
[2024-03-16T12:41:39.439+0800][gc,init] Memory: 15556M
[2024-03-16T12:41:39.439+0800][gc,init] Large Page Support: Disabled
[2024-03-16T12:41:39.439+0800][gc,init] GC Workers: 4 (dynamic)
[2024-03-16T12:41:39.439+0800][gc,init] Address Space Type: Contiguous/Unrestricted/Complete
[2024-03-16T12:41:39.439+0800][gc,init] Address Space Size: 163840M x 3 = 491520M
[2024-03-16T12:41:39.439+0800][gc,init] Min Capacity: 10240M
[2024-03-16T12:41:39.439+0800][gc,init] Initial Capacity: 10240M
[2024-03-16T12:41:39.439+0800][gc,init] Max Capacity: 10240M
[2024-03-16T12:41:39.439+0800][gc,init] Medium Page Size: 32M
[2024-03-16T12:41:39.439+0800][gc,init] Pre-touch: Disabled
[2024-03-16T12:41:39.439+0800][gc,init] Uncommit: Implicitly Disabled (-Xms equals -Xmx)
[2024-03-16T12:41:39.790+0800][gc,init] Runtime Workers: 10
[2024-03-16T12:41:39.790+0800][gc     ] Using The Z Garbage Collector
[2024-03-16T12:41:39.792+0800][gc,metaspace] CDS archive(s) mapped at: [0x0000000800000000-0x0000000800c40000-0x0000000800c40000), size 12845056, SharedBaseAddress: 0x0000000800000000, ArchiveRelocationMode: 0.
[2024-03-16T12:41:39.792+0800][gc,metaspace] Compressed class space mapped at: 0x0000000801000000-0x0000000841000000, reserved size: 1073741824
[2024-03-16T12:41:39.792+0800][gc,metaspace] Narrow klass base: 0x0000000800000000, Narrow klass shift: 0, Narrow klass range: 0x100000000
[2024-03-16T12:41:42.272+0800][gc,start    ] GC(0) Garbage Collection (Metadata GC Threshold)
[2024-03-16T12:41:42.272+0800][gc,task     ] GC(0) Using 4 workers
[2024-03-16T12:41:42.273+0800][gc,phases   ] GC(0) Pause Mark Start 0.482ms
[2024-03-16T12:41:42.296+0800][gc,phases   ] GC(0) Concurrent Mark 22.774ms
[2024-03-16T12:41:42.296+0800][gc,phases   ] GC(0) Pause Mark End 0.018ms
[2024-03-16T12:41:42.296+0800][gc,phases   ] GC(0) Concurrent Mark Free 0.001ms
[2024-03-16T12:41:42.298+0800][gc,phases   ] GC(0) Concurrent Process Non-Strong References 1.862ms
[2024-03-16T12:41:42.299+0800][gc,phases   ] GC(0) Concurrent Reset Relocation Set 0.001ms
[2024-03-16T12:41:42.311+0800][gc,phases   ] GC(0) Concurrent Select Relocation Set 12.447ms
[2024-03-16T12:41:42.311+0800][gc,phases   ] GC(0) Pause Relocate Start 0.009ms
[2024-03-16T12:41:42.315+0800][gc,phases   ] GC(0) Concurrent Relocate 4.378ms
[2024-03-16T12:41:42.315+0800][gc,load     ] GC(0) Load: 0.00/0.00/0.00
[2024-03-16T12:41:42.315+0800][gc,mmu      ] GC(0) MMU: 2ms/75.9%, 5ms/90.4%, 10ms/95.2%, 20ms/97.6%, 50ms/99.0%, 100ms/99.5%
[2024-03-16T12:41:42.315+0800][gc,marking  ] GC(0) Mark: 4 stripe(s), 2 proactive flush(es), 1 terminate flush(es), 0 completion(s), 0 continuation(s)
[2024-03-16T12:41:42.315+0800][gc,marking  ] GC(0) Mark Stack Usage: 32M
[2024-03-16T12:41:42.315+0800][gc,nmethod  ] GC(0) NMethods: 2477 registered, 0 unregistered
[2024-03-16T12:41:42.315+0800][gc,metaspace] GC(0) Metaspace: 20M used, 21M committed, 1088M reserved
[2024-03-16T12:41:42.315+0800][gc,ref      ] GC(0) Soft: 3708 encountered, 0 discovered, 0 enqueued
[2024-03-16T12:41:42.315+0800][gc,ref      ] GC(0) Weak: 1640 encountered, 697 discovered, 437 enqueued
[2024-03-16T12:41:42.315+0800][gc,ref      ] GC(0) Final: 0 encountered, 0 discovered, 0 enqueued
[2024-03-16T12:41:42.315+0800][gc,ref      ] GC(0) Phantom: 431 encountered, 311 discovered, 163 enqueued
[2024-03-16T12:41:42.315+0800][gc,reloc    ] GC(0) Small Pages: 76 / 152M, Empty: 18M, Relocated: 8M, In-Place: 0
[2024-03-16T12:41:42.315+0800][gc,reloc    ] GC(0) Medium Pages: 1 / 32M, Empty: 0M, Relocated: 0M, In-Place: 0
[2024-03-16T12:41:42.315+0800][gc,reloc    ] GC(0) Large Pages: 0 / 0M, Empty: 0M, Relocated: 0M, In-Place: 0
[2024-03-16T12:41:42.315+0800][gc,reloc    ] GC(0) Forwarding Usage: 2M
[2024-03-16T12:41:42.315+0800][gc,heap     ] GC(0) Min Capacity: 10240M(100%)
[2024-03-16T12:41:42.315+0800][gc,heap     ] GC(0) Max Capacity: 10240M(100%)
[2024-03-16T12:41:42.315+0800][gc,heap     ] GC(0) Soft Max Capacity: 10240M(100%)
[2024-03-16T12:41:42.315+0800][gc,heap     ] GC(0)                Mark Start          Mark End        Relocate Start      Relocate End           High               Low
[2024-03-16T12:41:42.315+0800][gc,heap     ] GC(0)  Capacity:    10240M (100%)      10240M (100%)      10240M (100%)      10240M (100%)      10240M (100%)      10240M (100%)
[2024-03-16T12:41:42.315+0800][gc,heap     ] GC(0)      Free:    10056M (98%)       10054M (98%)       10066M (98%)       10182M (99%)       10182M (99%)       10048M (98%)
[2024-03-16T12:41:42.315+0800][gc,heap     ] GC(0)      Used:      184M (2%)          186M (2%)          174M (2%)           58M (1%)          192M (2%)           58M (1%)
[2024-03-16T12:41:42.315+0800][gc,heap     ] GC(0)      Live:         -                12M (0%)           12M (0%)           12M (0%)             -                  -
[2024-03-16T12:41:42.316+0800][gc,heap     ] GC(0) Allocated:         -                 2M (0%)            8M (0%)            7M (0%)             -                  -
[2024-03-16T12:41:42.316+0800][gc,heap     ] GC(0)   Garbage:         -               171M (2%)          153M (1%)           37M (0%)             -                  -
[2024-03-16T12:41:42.316+0800][gc,heap     ] GC(0) Reclaimed:         -                  -                18M (0%)          133M (1%)             -                  -
[2024-03-16T12:41:42.316+0800][gc          ] GC(0) Garbage Collection (Metadata GC Threshold) 184M(2%)->58M(1%)
[2024-03-16T12:41:48.276+0800][gc,start    ] GC(1) Garbage Collection (Metadata GC Threshold)
[2024-03-16T12:41:48.276+0800][gc,task     ] GC(1) Using 4 workers
[2024-03-16T12:41:48.276+0800][gc,phases   ] GC(1) Pause Mark Start 0.007ms
[2024-03-16T12:41:48.298+0800][gc,phases   ] GC(1) Concurrent Mark 20.693ms
[2024-03-16T12:41:48.313+0800][gc,phases   ] GC(1) Pause Mark End 0.035ms
[2024-03-16T12:41:48.313+0800][gc,phases   ] GC(1) Concurrent Mark Free 0.001ms
[2024-03-16T12:41:48.315+0800][gc,phases   ] GC(1) Concurrent Process Non-Strong References 2.595ms
[2024-03-16T12:41:48.315+0800][gc,phases   ] GC(1) Concurrent Reset Relocation Set 0.007ms
[2024-03-16T12:41:48.317+0800][gc,phases   ] GC(1) Concurrent Select Relocation Set 1.378ms
[2024-03-16T12:41:48.328+0800][gc,phases   ] GC(1) Pause Relocate Start 0.013ms
[2024-03-16T12:41:48.331+0800][gc,phases   ] GC(1) Concurrent Relocate 2.202ms
[2024-03-16T12:41:48.331+0800][gc,load     ] GC(1) Load: 0.00/0.00/0.00
[2024-03-16T12:41:48.331+0800][gc,mmu      ] GC(1) MMU: 2ms/75.9%, 5ms/90.4%, 10ms/95.2%, 20ms/97.6%, 50ms/99.0%, 100ms/99.5%
[2024-03-16T12:41:48.331+0800][gc,marking  ] GC(1) Mark: 4 stripe(s), 2 proactive flush(es), 1 terminate flush(es), 0 completion(s), 0 continuation(s)
[2024-03-16T12:41:48.331+0800][gc,marking  ] GC(1) Mark Stack Usage: 32M
[2024-03-16T12:41:48.331+0800][gc,nmethod  ] GC(1) NMethods: 3030 registered, 0 unregistered
[2024-03-16T12:41:48.331+0800][gc,metaspace] GC(1) Metaspace: 35M used, 35M committed, 1088M reserved
[2024-03-16T12:41:48.331+0800][gc,ref      ] GC(1) Soft: 3977 encountered, 0 discovered, 0 enqueued
[2024-03-16T12:41:48.331+0800][gc,ref      ] GC(1) Weak: 1632 encountered, 677 discovered, 111 enqueued
[2024-03-16T12:41:48.331+0800][gc,ref      ] GC(1) Final: 140 encountered, 0 discovered, 0 enqueued
[2024-03-16T12:41:48.331+0800][gc,ref      ] GC(1) Phantom: 312 encountered, 258 discovered, 31 enqueued
[2024-03-16T12:41:48.331+0800][gc,reloc    ] GC(1) Small Pages: 53 / 106M, Empty: 0M, Relocated: 6M, In-Place: 0
[2024-03-16T12:41:48.331+0800][gc,reloc    ] GC(1) Medium Pages: 1 / 32M, Empty: 0M, Relocated: 0M, In-Place: 0
[2024-03-16T12:41:48.331+0800][gc,reloc    ] GC(1) Large Pages: 0 / 0M, Empty: 0M, Relocated: 0M, In-Place: 0
[2024-03-16T12:41:48.331+0800][gc,reloc    ] GC(1) Forwarding Usage: 1M
[2024-03-16T12:41:48.331+0800][gc,heap     ] GC(1) Min Capacity: 10240M(100%)
[2024-03-16T12:41:48.331+0800][gc,heap     ] GC(1) Max Capacity: 10240M(100%)
[2024-03-16T12:41:48.331+0800][gc,heap     ] GC(1) Soft Max Capacity: 10240M(100%)
[2024-03-16T12:41:48.331+0800][gc,heap     ] GC(1)                Mark Start          Mark End        Relocate Start      Relocate End           High               Low
[2024-03-16T12:41:48.331+0800][gc,heap     ] GC(1)  Capacity:    10240M (100%)      10240M (100%)      10240M (100%)      10240M (100%)      10240M (100%)      10240M (100%)
[2024-03-16T12:41:48.331+0800][gc,heap     ] GC(1)      Free:    10102M (99%)       10086M (98%)       10080M (98%)       10166M (99%)       10166M (99%)       10078M (98%)
[2024-03-16T12:41:48.331+0800][gc,heap     ] GC(1)      Used:      138M (1%)          154M (2%)          160M (2%)           74M (1%)          162M (2%)           74M (1%)
[2024-03-16T12:41:48.331+0800][gc,heap     ] GC(1)      Live:         -                18M (0%)           18M (0%)           18M (0%)             -                  -
[2024-03-16T12:41:48.331+0800][gc,heap     ] GC(1) Allocated:         -                16M (0%)           22M (0%)           21M (0%)             -                  -
[2024-03-16T12:41:48.331+0800][gc,heap     ] GC(1)   Garbage:         -               119M (1%)          119M (1%)           33M (0%)             -                  -
[2024-03-16T12:41:48.331+0800][gc,heap     ] GC(1) Reclaimed:         -                  -                 0M (0%)           85M (1%)             -                  -
[2024-03-16T12:41:48.331+0800][gc          ] GC(1) Garbage Collection (Metadata GC Threshold) 138M(1%)->74M(1%)
[2024-03-16T12:41:49.815+0800][gc,stats    ] === Garbage Collection Statistics =======================================================================================================================
[2024-03-16T12:41:49.815+0800][gc,stats    ]                                                              Last 10s              Last 10m              Last 10h                Total
[2024-03-16T12:41:49.815+0800][gc,stats    ]                                                              Avg / Max             Avg / Max             Avg / Max             Avg / Max
[2024-03-16T12:41:49.815+0800][gc,stats    ]   Collector: Garbage Collection Cycle                     48.519 / 54.067       48.519 / 54.067       48.519 / 54.067       48.519 / 54.067      ms
[2024-03-16T12:41:49.815+0800][gc,stats    ]  Contention: Mark Segment Reset Contention                     0 / 9                 0 / 9                 0 / 9                 0 / 9           ops/s
[2024-03-16T12:41:49.815+0800][gc,stats    ]  Contention: Mark SeqNum Reset Contention                      0 / 0                 0 / 0                 0 / 0                 0 / 0           ops/s
[2024-03-16T12:41:49.815+0800][gc,stats    ]    Critical: Allocation Stall                                  0 / 0                 0 / 0                 0 / 0                 0 / 0           ops/s
[2024-03-16T12:41:49.815+0800][gc,stats    ]    Critical: Allocation Stall                              0.000 / 0.000         0.000 / 0.000         0.000 / 0.000         0.000 / 0.000       ms
[2024-03-16T12:41:49.815+0800][gc,stats    ]    Critical: GC Locker Stall                                   0 / 0                 0 / 0                 0 / 0                 0 / 0           ops/s
[2024-03-16T12:41:49.815+0800][gc,stats    ]    Critical: GC Locker Stall                               0.000 / 0.000         0.000 / 0.000         0.000 / 0.000         0.000 / 0.000       ms
[2024-03-16T12:41:49.815+0800][gc,stats    ]    Critical: Relocation Stall                                  0 / 0                 0 / 0                 0 / 0                 0 / 0           ops/s
[2024-03-16T12:41:49.815+0800][gc,stats    ]    Critical: Relocation Stall                              0.000 / 0.000         0.000 / 0.000         0.000 / 0.000         0.000 / 0.000       ms
[2024-03-16T12:41:49.815+0800][gc,stats    ]      Memory: Allocation Rate                                  29 / 86               29 / 86               29 / 86               29 / 86          MB/s
[2024-03-16T12:41:49.815+0800][gc,stats    ]      Memory: Defragment                                        0 / 0                 0 / 0                 0 / 0                 0 / 0           ops/s
[2024-03-16T12:41:49.815+0800][gc,stats    ]      Memory: Out Of Memory                                     0 / 0                 0 / 0                 0 / 0                 0 / 0           ops/s
[2024-03-16T12:41:49.815+0800][gc,stats    ]      Memory: Page Cache Flush                                  0 / 0                 0 / 0                 0 / 0                 0 / 0           MB/s
[2024-03-16T12:41:49.815+0800][gc,stats    ]      Memory: Page Cache Hit L1                                 6 / 30                6 / 30                6 / 30                6 / 30          ops/s
[2024-03-16T12:41:49.815+0800][gc,stats    ]      Memory: Page Cache Hit L2                                 0 / 0                 0 / 0                 0 / 0                 0 / 0           ops/s
[2024-03-16T12:41:49.815+0800][gc,stats    ]      Memory: Page Cache Hit L3                                 8 / 43                8 / 43                8 / 43                8 / 43          ops/s
[2024-03-16T12:41:49.815+0800][gc,stats    ]      Memory: Page Cache Miss                                   0 / 1                 0 / 1                 0 / 1                 0 / 1           ops/s
[2024-03-16T12:41:49.815+0800][gc,stats    ]      Memory: Uncommit                                          0 / 0                 0 / 0                 0 / 0                 0 / 0           MB/s
[2024-03-16T12:41:49.815+0800][gc,stats    ]      Memory: Undo Object Allocation Failed                     0 / 0                 0 / 0                 0 / 0                 0 / 0           ops/s
[2024-03-16T12:41:49.815+0800][gc,stats    ]      Memory: Undo Object Allocation Succeeded                  0 / 1                 0 / 1                 0 / 1                 0 / 1           ops/s
[2024-03-16T12:41:49.815+0800][gc,stats    ]      Memory: Undo Page Allocation                              0 / 0                 0 / 0                 0 / 0                 0 / 0           ops/s
[2024-03-16T12:41:49.815+0800][gc,stats    ]       Phase: Concurrent Mark                              21.733 / 22.774       21.733 / 22.774       21.733 / 22.774       21.733 / 22.774      ms
[2024-03-16T12:41:49.815+0800][gc,stats    ]       Phase: Concurrent Mark Continue                      0.000 / 0.000         0.000 / 0.000         0.000 / 0.000         0.000 / 0.000       ms
[2024-03-16T12:41:49.815+0800][gc,stats    ]       Phase: Concurrent Mark Free                          0.001 / 0.001         0.001 / 0.001         0.001 / 0.001         0.001 / 0.001       ms
[2024-03-16T12:41:49.815+0800][gc,stats    ]       Phase: Concurrent Process Non-Strong References      2.228 / 2.595         2.228 / 2.595         2.228 / 2.595         2.228 / 2.595       ms
[2024-03-16T12:41:49.815+0800][gc,stats    ]       Phase: Concurrent Relocate                           3.290 / 4.378         3.290 / 4.378         3.290 / 4.378         3.290 / 4.378       ms
[2024-03-16T12:41:49.815+0800][gc,stats    ]       Phase: Concurrent Reset Relocation Set               0.004 / 0.007         0.004 / 0.007         0.004 / 0.007         0.004 / 0.007       ms
[2024-03-16T12:41:49.815+0800][gc,stats    ]       Phase: Concurrent Select Relocation Set              6.913 / 12.447        6.913 / 12.447        6.913 / 12.447        6.913 / 12.447      ms
[2024-03-16T12:41:49.815+0800][gc,stats    ]       Phase: Pause Mark End                                0.026 / 0.035         0.026 / 0.035         0.026 / 0.035         0.026 / 0.035       ms
[2024-03-16T12:41:49.815+0800][gc,stats    ]       Phase: Pause Mark Start                              0.245 / 0.482         0.245 / 0.482         0.245 / 0.482         0.245 / 0.482       ms
[2024-03-16T12:41:49.815+0800][gc,stats    ]       Phase: Pause Relocate Start                          0.011 / 0.013         0.011 / 0.013         0.011 / 0.013         0.011 / 0.013       ms
[2024-03-16T12:41:49.815+0800][gc,stats    ]    Subphase: Concurrent Classes Purge                      0.081 / 0.089         0.081 / 0.089         0.081 / 0.089         0.081 / 0.089       ms
[2024-03-16T12:41:49.815+0800][gc,stats    ]    Subphase: Concurrent Classes Unlink                     1.366 / 1.398         1.366 / 1.398         1.366 / 1.398         1.366 / 1.398       ms
[2024-03-16T12:41:49.815+0800][gc,stats    ]    Subphase: Concurrent Mark                              18.029 / 21.893       18.029 / 21.893       18.029 / 21.893       18.029 / 21.893      ms
[2024-03-16T12:41:49.815+0800][gc,stats    ]    Subphase: Concurrent Mark Try Flush                     0.083 / 0.231         0.083 / 0.231         0.083 / 0.231         0.083 / 0.231       ms
[2024-03-16T12:41:49.815+0800][gc,stats    ]    Subphase: Concurrent Mark Try Terminate                 5.323 / 11.636        5.323 / 11.636        5.323 / 11.636        5.323 / 11.636      ms
[2024-03-16T12:41:49.815+0800][gc,stats    ]    Subphase: Concurrent References Enqueue                 0.003 / 0.004         0.003 / 0.004         0.003 / 0.004         0.003 / 0.004       ms
[2024-03-16T12:41:49.815+0800][gc,stats    ]    Subphase: Concurrent References Process                 0.144 / 0.170         0.144 / 0.170         0.144 / 0.170         0.144 / 0.170       ms
[2024-03-16T12:41:49.815+0800][gc,stats    ]    Subphase: Concurrent Roots ClassLoaderDataGraph         0.130 / 0.416         0.130 / 0.416         0.130 / 0.416         0.130 / 0.416       ms
[2024-03-16T12:41:49.815+0800][gc,stats    ]    Subphase: Concurrent Roots CodeCache                    0.000 / 0.000         0.000 / 0.000         0.000 / 0.000         0.000 / 0.000       ms
[2024-03-16T12:41:49.815+0800][gc,stats    ]    Subphase: Concurrent Roots JavaThreads                  1.138 / 2.107         1.138 / 2.107         1.138 / 2.107         1.138 / 2.107       ms
[2024-03-16T12:41:49.815+0800][gc,stats    ]    Subphase: Concurrent Roots OopStorageSet                0.159 / 0.239         0.159 / 0.239         0.159 / 0.239         0.159 / 0.239       ms
[2024-03-16T12:41:49.815+0800][gc,stats    ]    Subphase: Concurrent Weak Roots OopStorageSet           0.515 / 0.802         0.515 / 0.802         0.515 / 0.802         0.515 / 0.802       ms
[2024-03-16T12:41:49.815+0800][gc,stats    ]    Subphase: Pause Mark Try Complete                       0.000 / 0.000         0.000 / 0.000         0.000 / 0.000         0.000 / 0.000       ms
[2024-03-16T12:41:49.816+0800][gc,stats    ]      System: Java Threads                                     35 / 50               35 / 50               35 / 50               35 / 50          threads
[2024-03-16T12:41:49.816+0800][gc,stats    ] =========================================================================================================================================================
[2024-03-16T12:41:59.827+0800][gc,stats    ] === Garbage Collection Statistics =======================================================================================================================
[2024-03-16T12:41:59.827+0800][gc,stats    ]                                                              Last 10s              Last 10m              Last 10h                Total
[2024-03-16T12:41:59.827+0800][gc,stats    ]                                                              Avg / Max             Avg / Max             Avg / Max             Avg / Max
[2024-03-16T12:41:59.827+0800][gc,stats    ]   Collector: Garbage Collection Cycle                      0.000 / 0.000        48.519 / 54.067       48.519 / 54.067       48.519 / 54.067      ms
[2024-03-16T12:41:59.827+0800][gc,stats    ]  Contention: Mark Segment Reset Contention                     0 / 0                 0 / 9                 0 / 9                 0 / 9           ops/s
[2024-03-16T12:41:59.827+0800][gc,stats    ]  Contention: Mark SeqNum Reset Contention                      0 / 0                 0 / 0                 0 / 0                 0 / 0           ops/s
[2024-03-16T12:41:59.827+0800][gc,stats    ]    Critical: Allocation Stall                                  0 / 0                 0 / 0                 0 / 0                 0 / 0           ops/s
[2024-03-16T12:41:59.827+0800][gc,stats    ]    Critical: Allocation Stall                              0.000 / 0.000         0.000 / 0.000         0.000 / 0.000         0.000 / 0.000       ms
[2024-03-16T12:41:59.827+0800][gc,stats    ]    Critical: GC Locker Stall                                   0 / 0                 0 / 0                 0 / 0                 0 / 0           ops/s
[2024-03-16T12:41:59.827+0800][gc,stats    ]    Critical: GC Locker Stall                               0.000 / 0.000         0.000 / 0.000         0.000 / 0.000         0.000 / 0.000       ms
[2024-03-16T12:41:59.827+0800][gc,stats    ]    Critical: Relocation Stall                                  0 / 0                 0 / 0                 0 / 0                 0 / 0           ops/s
[2024-03-16T12:41:59.827+0800][gc,stats    ]    Critical: Relocation Stall                              0.000 / 0.000         0.000 / 0.000         0.000 / 0.000         0.000 / 0.000       ms
[2024-03-16T12:41:59.827+0800][gc,stats    ]      Memory: Allocation Rate                                   0 / 2                14 / 86               14 / 86               14 / 86          MB/s
[2024-03-16T12:41:59.827+0800][gc,stats    ]      Memory: Defragment                                        0 / 0                 0 / 0                 0 / 0                 0 / 0           ops/s
[2024-03-16T12:41:59.827+0800][gc,stats    ]      Memory: Out Of Memory                                     0 / 0                 0 / 0                 0 / 0                 0 / 0           ops/s
[2024-03-16T12:41:59.827+0800][gc,stats    ]      Memory: Page Cache Flush                                  0 / 0                 0 / 0                 0 / 0                 0 / 0           MB/s
[2024-03-16T12:41:59.827+0800][gc,stats    ]      Memory: Page Cache Hit L1                                 0 / 1                 3 / 30                3 / 30                3 / 30          ops/s
[2024-03-16T12:41:59.827+0800][gc,stats    ]      Memory: Page Cache Hit L2                                 0 / 0                 0 / 0                 0 / 0                 0 / 0           ops/s
[2024-03-16T12:41:59.827+0800][gc,stats    ]      Memory: Page Cache Hit L3                                 0 / 0                 4 / 43                4 / 43                4 / 43          ops/s
[2024-03-16T12:41:59.827+0800][gc,stats    ]      Memory: Page Cache Miss                                   0 / 0                 0 / 1                 0 / 1                 0 / 1           ops/s
[2024-03-16T12:41:59.827+0800][gc,stats    ]      Memory: Uncommit                                          0 / 0                 0 / 0                 0 / 0                 0 / 0           MB/s
[2024-03-16T12:41:59.827+0800][gc,stats    ]      Memory: Undo Object Allocation Failed                     0 / 0                 0 / 0                 0 / 0                 0 / 0           ops/s
[2024-03-16T12:41:59.827+0800][gc,stats    ]      Memory: Undo Object Allocation Succeeded                  0 / 0                 0 / 1                 0 / 1                 0 / 1           ops/s
[2024-03-16T12:41:59.827+0800][gc,stats    ]      Memory: Undo Page Allocation                              0 / 0                 0 / 0                 0 / 0                 0 / 0           ops/s
[2024-03-16T12:41:59.827+0800][gc,stats    ]       Phase: Concurrent Mark                               0.000 / 0.000        21.733 / 22.774       21.733 / 22.774       21.733 / 22.774      ms
[2024-03-16T12:41:59.827+0800][gc,stats    ]       Phase: Concurrent Mark Continue                      0.000 / 0.000         0.000 / 0.000         0.000 / 0.000         0.000 / 0.000       ms
[2024-03-16T12:41:59.827+0800][gc,stats    ]       Phase: Concurrent Mark Free                          0.000 / 0.000         0.001 / 0.001         0.001 / 0.001         0.001 / 0.001       ms
[2024-03-16T12:41:59.827+0800][gc,stats    ]       Phase: Concurrent Process Non-Strong References      0.000 / 0.000         2.228 / 2.595         2.228 / 2.595         2.228 / 2.595       ms
[2024-03-16T12:41:59.827+0800][gc,stats    ]       Phase: Concurrent Relocate                           0.000 / 0.000         3.290 / 4.378         3.290 / 4.378         3.290 / 4.378       ms
[2024-03-16T12:41:59.827+0800][gc,stats    ]       Phase: Concurrent Reset Relocation Set               0.000 / 0.000         0.004 / 0.007         0.004 / 0.007         0.004 / 0.007       ms
[2024-03-16T12:41:59.827+0800][gc,stats    ]       Phase: Concurrent Select Relocation Set              0.000 / 0.000         6.913 / 12.447        6.913 / 12.447        6.913 / 12.447      ms
[2024-03-16T12:41:59.827+0800][gc,stats    ]       Phase: Pause Mark End                                0.000 / 0.000         0.026 / 0.035         0.026 / 0.035         0.026 / 0.035       ms
[2024-03-16T12:41:59.827+0800][gc,stats    ]       Phase: Pause Mark Start                              0.000 / 0.000         0.245 / 0.482         0.245 / 0.482         0.245 / 0.482       ms
[2024-03-16T12:41:59.827+0800][gc,stats    ]       Phase: Pause Relocate Start                          0.000 / 0.000         0.011 / 0.013         0.011 / 0.013         0.011 / 0.013       ms
[2024-03-16T12:41:59.827+0800][gc,stats    ]    Subphase: Concurrent Classes Purge                      0.000 / 0.000         0.081 / 0.089         0.081 / 0.089         0.081 / 0.089       ms
[2024-03-16T12:41:59.827+0800][gc,stats    ]    Subphase: Concurrent Classes Unlink                     0.000 / 0.000         1.366 / 1.398         1.366 / 1.398         1.366 / 1.398       ms
[2024-03-16T12:41:59.827+0800][gc,stats    ]    Subphase: Concurrent Mark                               0.000 / 0.000        18.029 / 21.893       18.029 / 21.893       18.029 / 21.893      ms
[2024-03-16T12:41:59.827+0800][gc,stats    ]    Subphase: Concurrent Mark Try Flush                     0.000 / 0.000         0.083 / 0.231         0.083 / 0.231         0.083 / 0.231       ms
[2024-03-16T12:41:59.827+0800][gc,stats    ]    Subphase: Concurrent Mark Try Terminate                 0.000 / 0.000         5.323 / 11.636        5.323 / 11.636        5.323 / 11.636      ms
[2024-03-16T12:41:59.827+0800][gc,stats    ]    Subphase: Concurrent References Enqueue                 0.000 / 0.000         0.003 / 0.004         0.003 / 0.004         0.003 / 0.004       ms
[2024-03-16T12:41:59.827+0800][gc,stats    ]    Subphase: Concurrent References Process                 0.000 / 0.000         0.144 / 0.170         0.144 / 0.170         0.144 / 0.170       ms
[2024-03-16T12:41:59.827+0800][gc,stats    ]    Subphase: Concurrent Roots ClassLoaderDataGraph         0.000 / 0.000         0.130 / 0.416         0.130 / 0.416         0.130 / 0.416       ms
[2024-03-16T12:41:59.828+0800][gc,stats    ]    Subphase: Concurrent Roots CodeCache                    0.000 / 0.000         0.000 / 0.000         0.000 / 0.000         0.000 / 0.000       ms
[2024-03-16T12:41:59.828+0800][gc,stats    ]    Subphase: Concurrent Roots JavaThreads                  0.000 / 0.000         1.138 / 2.107         1.138 / 2.107         1.138 / 2.107       ms
[2024-03-16T12:41:59.828+0800][gc,stats    ]    Subphase: Concurrent Roots OopStorageSet                0.000 / 0.000         0.159 / 0.239         0.159 / 0.239         0.159 / 0.239       ms
[2024-03-16T12:41:59.828+0800][gc,stats    ]    Subphase: Concurrent Weak Roots OopStorageSet           0.000 / 0.000         0.515 / 0.802         0.515 / 0.802         0.515 / 0.802       ms
[2024-03-16T12:41:59.828+0800][gc,stats    ]    Subphase: Pause Mark Try Complete                       0.000 / 0.000         0.000 / 0.000         0.000 / 0.000         0.000 / 0.000       ms
[2024-03-16T12:41:59.828+0800][gc,stats    ]      System: Java Threads                                      0 / 0                35 / 50               35 / 50               35 / 50          threads
[2024-03-16T12:41:59.828+0800][gc,stats    ] =========================================================================================================================================================
[2024-03-16T12:42:09.822+0800][gc,stats    ] === Garbage Collection Statistics =======================================================================================================================
[2024-03-16T12:42:09.822+0800][gc,stats    ]                                                              Last 10s              Last 10m              Last 10h                Total
[2024-03-16T12:42:09.822+0800][gc,stats    ]                                                              Avg / Max             Avg / Max             Avg / Max             Avg / Max
[2024-03-16T12:42:09.822+0800][gc,stats    ]   Collector: Garbage Collection Cycle                      0.000 / 0.000        48.519 / 54.067       48.519 / 54.067       48.519 / 54.067      ms
[2024-03-16T12:42:09.822+0800][gc,stats    ]  Contention: Mark Segment Reset Contention                     0 / 0                 0 / 9                 0 / 9                 0 / 9           ops/s
[2024-03-16T12:42:09.822+0800][gc,stats    ]  Contention: Mark SeqNum Reset Contention                      0 / 0                 0 / 0                 0 / 0                 0 / 0           ops/s
[2024-03-16T12:42:09.822+0800][gc,stats    ]    Critical: Allocation Stall                                  0 / 0                 0 / 0                 0 / 0                 0 / 0           ops/s
[2024-03-16T12:42:09.822+0800][gc,stats    ]    Critical: Allocation Stall                              0.000 / 0.000         0.000 / 0.000         0.000 / 0.000         0.000 / 0.000       ms
[2024-03-16T12:42:09.822+0800][gc,stats    ]    Critical: GC Locker Stall                                   0 / 0                 0 / 0                 0 / 0                 0 / 0           ops/s
[2024-03-16T12:42:09.822+0800][gc,stats    ]    Critical: GC Locker Stall                               0.000 / 0.000         0.000 / 0.000         0.000 / 0.000         0.000 / 0.000       ms
[2024-03-16T12:42:09.822+0800][gc,stats    ]    Critical: Relocation Stall                                  0 / 0                 0 / 0                 0 / 0                 0 / 0           ops/s
[2024-03-16T12:42:09.822+0800][gc,stats    ]    Critical: Relocation Stall                              0.000 / 0.000         0.000 / 0.000         0.000 / 0.000         0.000 / 0.000       ms
[2024-03-16T12:42:09.822+0800][gc,stats    ]      Memory: Allocation Rate                                   0 / 0                 9 / 86                9 / 86                9 / 86          MB/s
[2024-03-16T12:42:09.822+0800][gc,stats    ]      Memory: Defragment                                        0 / 0                 0 / 0                 0 / 0                 0 / 0           ops/s
[2024-03-16T12:42:09.822+0800][gc,stats    ]      Memory: Out Of Memory                                     0 / 0                 0 / 0                 0 / 0                 0 / 0           ops/s
[2024-03-16T12:42:09.822+0800][gc,stats    ]      Memory: Page Cache Flush                                  0 / 0                 0 / 0                 0 / 0                 0 / 0           MB/s
[2024-03-16T12:42:09.822+0800][gc,stats    ]      Memory: Page Cache Hit L1                                 0 / 0                 2 / 30                2 / 30                2 / 30          ops/s
[2024-03-16T12:42:09.822+0800][gc,stats    ]      Memory: Page Cache Hit L2                                 0 / 0                 0 / 0                 0 / 0                 0 / 0           ops/s
[2024-03-16T12:42:09.822+0800][gc,stats    ]      Memory: Page Cache Hit L3                                 0 / 0                 2 / 43                2 / 43                2 / 43          ops/s
[2024-03-16T12:42:09.823+0800][gc,stats    ]      Memory: Page Cache Miss                                   0 / 0                 0 / 1                 0 / 1                 0 / 1           ops/s
[2024-03-16T12:42:09.823+0800][gc,stats    ]      Memory: Uncommit                                          0 / 0                 0 / 0                 0 / 0                 0 / 0           MB/s
[2024-03-16T12:42:09.823+0800][gc,stats    ]      Memory: Undo Object Allocation Failed                     0 / 0                 0 / 0                 0 / 0                 0 / 0           ops/s
[2024-03-16T12:42:09.823+0800][gc,stats    ]      Memory: Undo Object Allocation Succeeded                  0 / 0                 0 / 1                 0 / 1                 0 / 1           ops/s
[2024-03-16T12:42:09.824+0800][gc,stats    ]      Memory: Undo Page Allocation                              0 / 0                 0 / 0                 0 / 0                 0 / 0           ops/s
[2024-03-16T12:42:09.824+0800][gc,stats    ]       Phase: Concurrent Mark                               0.000 / 0.000        21.733 / 22.774       21.733 / 22.774       21.733 / 22.774      ms
[2024-03-16T12:42:09.824+0800][gc,stats    ]       Phase: Concurrent Mark Continue                      0.000 / 0.000         0.000 / 0.000         0.000 / 0.000         0.000 / 0.000       ms
[2024-03-16T12:42:09.824+0800][gc,stats    ]       Phase: Concurrent Mark Free                          0.000 / 0.000         0.001 / 0.001         0.001 / 0.001         0.001 / 0.001       ms
[2024-03-16T12:42:09.824+0800][gc,stats    ]       Phase: Concurrent Process Non-Strong References      0.000 / 0.000         2.228 / 2.595         2.228 / 2.595         2.228 / 2.595       ms
[2024-03-16T12:42:09.824+0800][gc,stats    ]       Phase: Concurrent Relocate                           0.000 / 0.000         3.290 / 4.378         3.290 / 4.378         3.290 / 4.378       ms
[2024-03-16T12:42:09.824+0800][gc,stats    ]       Phase: Concurrent Reset Relocation Set               0.000 / 0.000         0.004 / 0.007         0.004 / 0.007         0.004 / 0.007       ms
[2024-03-16T12:42:09.824+0800][gc,stats    ]       Phase: Concurrent Select Relocation Set              0.000 / 0.000         6.913 / 12.447        6.913 / 12.447        6.913 / 12.447      ms
[2024-03-16T12:42:09.824+0800][gc,stats    ]       Phase: Pause Mark End                                0.000 / 0.000         0.026 / 0.035         0.026 / 0.035         0.026 / 0.035       ms
[2024-03-16T12:42:09.824+0800][gc,stats    ]       Phase: Pause Mark Start                              0.000 / 0.000         0.245 / 0.482         0.245 / 0.482         0.245 / 0.482       ms
[2024-03-16T12:42:09.824+0800][gc,stats    ]       Phase: Pause Relocate Start                          0.000 / 0.000         0.011 / 0.013         0.011 / 0.013         0.011 / 0.013       ms
[2024-03-16T12:42:09.824+0800][gc,stats    ]    Subphase: Concurrent Classes Purge                      0.000 / 0.000         0.081 / 0.089         0.081 / 0.089         0.081 / 0.089       ms
[2024-03-16T12:42:09.824+0800][gc,stats    ]    Subphase: Concurrent Classes Unlink                     0.000 / 0.000         1.366 / 1.398         1.366 / 1.398         1.366 / 1.398       ms
[2024-03-16T12:42:09.824+0800][gc,stats    ]    Subphase: Concurrent Mark                               0.000 / 0.000        18.029 / 21.893       18.029 / 21.893       18.029 / 21.893      ms
[2024-03-16T12:42:09.824+0800][gc,stats    ]    Subphase: Concurrent Mark Try Flush                     0.000 / 0.000         0.083 / 0.231         0.083 / 0.231         0.083 / 0.231       ms
[2024-03-16T12:42:09.824+0800][gc,stats    ]    Subphase: Concurrent Mark Try Terminate                 0.000 / 0.000         5.323 / 11.636        5.323 / 11.636        5.323 / 11.636      ms
[2024-03-16T12:42:09.824+0800][gc,stats    ]    Subphase: Concurrent References Enqueue                 0.000 / 0.000         0.003 / 0.004         0.003 / 0.004         0.003 / 0.004       ms
[2024-03-16T12:42:09.824+0800][gc,stats    ]    Subphase: Concurrent References Process                 0.000 / 0.000         0.144 / 0.170         0.144 / 0.170         0.144 / 0.170       ms
[2024-03-16T12:42:09.824+0800][gc,stats    ]    Subphase: Concurrent Roots ClassLoaderDataGraph         0.000 / 0.000         0.130 / 0.416         0.130 / 0.416         0.130 / 0.416       ms
[2024-03-16T12:42:09.824+0800][gc,stats    ]    Subphase: Concurrent Roots CodeCache                    0.000 / 0.000         0.000 / 0.000         0.000 / 0.000         0.000 / 0.000       ms
[2024-03-16T12:42:09.824+0800][gc,stats    ]    Subphase: Concurrent Roots JavaThreads                  0.000 / 0.000         1.138 / 2.107         1.138 / 2.107         1.138 / 2.107       ms
[2024-03-16T12:42:09.824+0800][gc,stats    ]    Subphase: Concurrent Roots OopStorageSet                0.000 / 0.000         0.159 / 0.239         0.159 / 0.239         0.159 / 0.239       ms
[2024-03-16T12:42:09.824+0800][gc,stats    ]    Subphase: Concurrent Weak Roots OopStorageSet           0.000 / 0.000         0.515 / 0.802         0.515 / 0.802         0.515 / 0.802       ms
[2024-03-16T12:42:09.824+0800][gc,stats    ]    Subphase: Pause Mark Try Complete                       0.000 / 0.000         0.000 / 0.000         0.000 / 0.000         0.000 / 0.000       ms
[2024-03-16T12:42:09.824+0800][gc,stats    ]      System: Java Threads                                      0 / 0                35 / 50               35 / 50               35 / 50          threads
[2024-03-16T12:42:09.824+0800][gc,stats    ] =========================================================================================================================================================
[2024-03-16T12:42:19.815+0800][gc,stats    ] === Garbage Collection Statistics =======================================================================================================================
[2024-03-16T12:42:19.815+0800][gc,stats    ]                                                              Last 10s              Last 10m              Last 10h                Total
[2024-03-16T12:42:19.815+0800][gc,stats    ]                                                              Avg / Max             Avg / Max             Avg / Max             Avg / Max
[2024-03-16T12:42:19.815+0800][gc,stats    ]   Collector: Garbage Collection Cycle                      0.000 / 0.000        48.519 / 54.067       48.519 / 54.067       48.519 / 54.067      ms
[2024-03-16T12:42:19.815+0800][gc,stats    ]  Contention: Mark Segment Reset Contention                     0 / 0                 0 / 9                 0 / 9                 0 / 9           ops/s
[2024-03-16T12:42:19.815+0800][gc,stats    ]  Contention: Mark SeqNum Reset Contention                      0 / 0                 0 / 0                 0 / 0                 0 / 0           ops/s
[2024-03-16T12:42:19.815+0800][gc,stats    ]    Critical: Allocation Stall                                  0 / 0                 0 / 0                 0 / 0                 0 / 0           ops/s
[2024-03-16T12:42:19.815+0800][gc,stats    ]    Critical: Allocation Stall                              0.000 / 0.000         0.000 / 0.000         0.000 / 0.000         0.000 / 0.000       ms
[2024-03-16T12:42:19.815+0800][gc,stats    ]    Critical: GC Locker Stall                                   0 / 0                 0 / 0                 0 / 0                 0 / 0           ops/s
[2024-03-16T12:42:19.815+0800][gc,stats    ]    Critical: GC Locker Stall                               0.000 / 0.000         0.000 / 0.000         0.000 / 0.000         0.000 / 0.000       ms
[2024-03-16T12:42:19.815+0800][gc,stats    ]    Critical: Relocation Stall                                  0 / 0                 0 / 0                 0 / 0                 0 / 0           ops/s
[2024-03-16T12:42:19.815+0800][gc,stats    ]    Critical: Relocation Stall                              0.000 / 0.000         0.000 / 0.000         0.000 / 0.000         0.000 / 0.000       ms
[2024-03-16T12:42:19.815+0800][gc,stats    ]      Memory: Allocation Rate                                   1 / 10                7 / 86                7 / 86                7 / 86          MB/s
[2024-03-16T12:42:19.815+0800][gc,stats    ]      Memory: Defragment                                        0 / 0                 0 / 0                 0 / 0                 0 / 0           ops/s
[2024-03-16T12:42:19.815+0800][gc,stats    ]      Memory: Out Of Memory                                     0 / 0                 0 / 0                 0 / 0                 0 / 0           ops/s
[2024-03-16T12:42:19.815+0800][gc,stats    ]      Memory: Page Cache Flush                                  0 / 0                 0 / 0                 0 / 0                 0 / 0           MB/s
[2024-03-16T12:42:19.815+0800][gc,stats    ]      Memory: Page Cache Hit L1                                 0 / 5                 1 / 30                1 / 30                1 / 30          ops/s
[2024-03-16T12:42:19.815+0800][gc,stats    ]      Memory: Page Cache Hit L2                                 0 / 0                 0 / 0                 0 / 0                 0 / 0           ops/s
[2024-03-16T12:42:19.815+0800][gc,stats    ]      Memory: Page Cache Hit L3                                 0 / 0                 2 / 43                2 / 43                2 / 43          ops/s
[2024-03-16T12:42:19.815+0800][gc,stats    ]      Memory: Page Cache Miss                                   0 / 0                 0 / 1                 0 / 1                 0 / 1           ops/s
[2024-03-16T12:42:19.815+0800][gc,stats    ]      Memory: Uncommit                                          0 / 0                 0 / 0                 0 / 0                 0 / 0           MB/s
[2024-03-16T12:42:19.815+0800][gc,stats    ]      Memory: Undo Object Allocation Failed                     0 / 0                 0 / 0                 0 / 0                 0 / 0           ops/s
[2024-03-16T12:42:19.815+0800][gc,stats    ]      Memory: Undo Object Allocation Succeeded                  0 / 0                 0 / 1                 0 / 1                 0 / 1           ops/s
[2024-03-16T12:42:19.815+0800][gc,stats    ]      Memory: Undo Page Allocation                              0 / 0                 0 / 0                 0 / 0                 0 / 0           ops/s
[2024-03-16T12:42:19.815+0800][gc,stats    ]       Phase: Concurrent Mark                               0.000 / 0.000        21.733 / 22.774       21.733 / 22.774       21.733 / 22.774      ms
[2024-03-16T12:42:19.815+0800][gc,stats    ]       Phase: Concurrent Mark Continue                      0.000 / 0.000         0.000 / 0.000         0.000 / 0.000         0.000 / 0.000       ms
[2024-03-16T12:42:19.815+0800][gc,stats    ]       Phase: Concurrent Mark Free                          0.000 / 0.000         0.001 / 0.001         0.001 / 0.001         0.001 / 0.001       ms
[2024-03-16T12:42:19.815+0800][gc,stats    ]       Phase: Concurrent Process Non-Strong References      0.000 / 0.000         2.228 / 2.595         2.228 / 2.595         2.228 / 2.595       ms
[2024-03-16T12:42:19.815+0800][gc,stats    ]       Phase: Concurrent Relocate                           0.000 / 0.000         3.290 / 4.378         3.290 / 4.378         3.290 / 4.378       ms
[2024-03-16T12:42:19.815+0800][gc,stats    ]       Phase: Concurrent Reset Relocation Set               0.000 / 0.000         0.004 / 0.007         0.004 / 0.007         0.004 / 0.007       ms
[2024-03-16T12:42:19.815+0800][gc,stats    ]       Phase: Concurrent Select Relocation Set              0.000 / 0.000         6.913 / 12.447        6.913 / 12.447        6.913 / 12.447      ms
[2024-03-16T12:42:19.815+0800][gc,stats    ]       Phase: Pause Mark End                                0.000 / 0.000         0.026 / 0.035         0.026 / 0.035         0.026 / 0.035       ms
[2024-03-16T12:42:19.815+0800][gc,stats    ]       Phase: Pause Mark Start                              0.000 / 0.000         0.245 / 0.482         0.245 / 0.482         0.245 / 0.482       ms
[2024-03-16T12:42:19.815+0800][gc,stats    ]       Phase: Pause Relocate Start                          0.000 / 0.000         0.011 / 0.013         0.011 / 0.013         0.011 / 0.013       ms
[2024-03-16T12:42:19.815+0800][gc,stats    ]    Subphase: Concurrent Classes Purge                      0.000 / 0.000         0.081 / 0.089         0.081 / 0.089         0.081 / 0.089       ms
[2024-03-16T12:42:19.815+0800][gc,stats    ]    Subphase: Concurrent Classes Unlink                     0.000 / 0.000         1.366 / 1.398         1.366 / 1.398         1.366 / 1.398       ms
[2024-03-16T12:42:19.815+0800][gc,stats    ]    Subphase: Concurrent Mark                               0.000 / 0.000        18.029 / 21.893       18.029 / 21.893       18.029 / 21.893      ms
[2024-03-16T12:42:19.815+0800][gc,stats    ]    Subphase: Concurrent Mark Try Flush                     0.000 / 0.000         0.083 / 0.231         0.083 / 0.231         0.083 / 0.231       ms
[2024-03-16T12:42:19.815+0800][gc,stats    ]    Subphase: Concurrent Mark Try Terminate                 0.000 / 0.000         5.323 / 11.636        5.323 / 11.636        5.323 / 11.636      ms
[2024-03-16T12:42:19.815+0800][gc,stats    ]    Subphase: Concurrent References Enqueue                 0.000 / 0.000         0.003 / 0.004         0.003 / 0.004         0.003 / 0.004       ms
[2024-03-16T12:42:19.815+0800][gc,stats    ]    Subphase: Concurrent References Process                 0.000 / 0.000         0.144 / 0.170         0.144 / 0.170         0.144 / 0.170       ms
[2024-03-16T12:42:19.815+0800][gc,stats    ]    Subphase: Concurrent Roots ClassLoaderDataGraph         0.000 / 0.000         0.130 / 0.416         0.130 / 0.416         0.130 / 0.416       ms
[2024-03-16T12:42:19.815+0800][gc,stats    ]    Subphase: Concurrent Roots CodeCache                    0.000 / 0.000         0.000 / 0.000         0.000 / 0.000         0.000 / 0.000       ms
[2024-03-16T12:42:19.815+0800][gc,stats    ]    Subphase: Concurrent Roots JavaThreads                  0.000 / 0.000         1.138 / 2.107         1.138 / 2.107         1.138 / 2.107       ms
[2024-03-16T12:42:19.815+0800][gc,stats    ]    Subphase: Concurrent Roots OopStorageSet                0.000 / 0.000         0.159 / 0.239         0.159 / 0.239         0.159 / 0.239       ms
[2024-03-16T12:42:19.815+0800][gc,stats    ]    Subphase: Concurrent Weak Roots OopStorageSet           0.000 / 0.000         0.515 / 0.802         0.515 / 0.802         0.515 / 0.802       ms
[2024-03-16T12:42:19.815+0800][gc,stats    ]    Subphase: Pause Mark Try Complete                       0.000 / 0.000         0.000 / 0.000         0.000 / 0.000         0.000 / 0.000       ms
[2024-03-16T12:42:19.815+0800][gc,stats    ]      System: Java Threads                                      0 / 0                35 / 50               35 / 50               35 / 50          threads
[2024-03-16T12:42:19.815+0800][gc,stats    ] =========================================================================================================================================================
[2024-03-16T12:42:29.815+0800][gc,stats    ] === Garbage Collection Statistics =======================================================================================================================
[2024-03-16T12:42:29.815+0800][gc,stats    ]                                                              Last 10s              Last 10m              Last 10h                Total
[2024-03-16T12:42:29.815+0800][gc,stats    ]                                                              Avg / Max             Avg / Max             Avg / Max             Avg / Max
[2024-03-16T12:42:29.815+0800][gc,stats    ]   Collector: Garbage Collection Cycle                      0.000 / 0.000        48.519 / 54.067       48.519 / 54.067       48.519 / 54.067      ms
[2024-03-16T12:42:29.815+0800][gc,stats    ]  Contention: Mark Segment Reset Contention                     0 / 0                 0 / 9                 0 / 9                 0 / 9           ops/s
[2024-03-16T12:42:29.815+0800][gc,stats    ]  Contention: Mark SeqNum Reset Contention                      0 / 0                 0 / 0                 0 / 0                 0 / 0           ops/s
[2024-03-16T12:42:29.815+0800][gc,stats    ]    Critical: Allocation Stall                                  0 / 0                 0 / 0                 0 / 0                 0 / 0           ops/s
[2024-03-16T12:42:29.815+0800][gc,stats    ]    Critical: Allocation Stall                              0.000 / 0.000         0.000 / 0.000         0.000 / 0.000         0.000 / 0.000       ms
[2024-03-16T12:42:29.815+0800][gc,stats    ]    Critical: GC Locker Stall                                   0 / 0                 0 / 0                 0 / 0                 0 / 0           ops/s
[2024-03-16T12:42:29.815+0800][gc,stats    ]    Critical: GC Locker Stall                               0.000 / 0.000         0.000 / 0.000         0.000 / 0.000         0.000 / 0.000       ms
[2024-03-16T12:42:29.815+0800][gc,stats    ]    Critical: Relocation Stall                                  0 / 0                 0 / 0                 0 / 0                 0 / 0           ops/s
[2024-03-16T12:42:29.815+0800][gc,stats    ]    Critical: Relocation Stall                              0.000 / 0.000         0.000 / 0.000         0.000 / 0.000         0.000 / 0.000       ms
[2024-03-16T12:42:29.815+0800][gc,stats    ]      Memory: Allocation Rate                                   0 / 6                 6 / 86                6 / 86                6 / 86          MB/s
[2024-03-16T12:42:29.815+0800][gc,stats    ]      Memory: Defragment                                        0 / 0                 0 / 0                 0 / 0                 0 / 0           ops/s
[2024-03-16T12:42:29.815+0800][gc,stats    ]      Memory: Out Of Memory                                     0 / 0                 0 / 0                 0 / 0                 0 / 0           ops/s
[2024-03-16T12:42:29.815+0800][gc,stats    ]      Memory: Page Cache Flush                                  0 / 0                 0 / 0                 0 / 0                 0 / 0           MB/s
[2024-03-16T12:42:29.815+0800][gc,stats    ]      Memory: Page Cache Hit L1                                 0 / 3                 1 / 30                1 / 30                1 / 30          ops/s
[2024-03-16T12:42:29.815+0800][gc,stats    ]      Memory: Page Cache Hit L2                                 0 / 0                 0 / 0                 0 / 0                 0 / 0           ops/s
[2024-03-16T12:42:29.815+0800][gc,stats    ]      Memory: Page Cache Hit L3                                 0 / 0                 1 / 43                1 / 43                1 / 43          ops/s
[2024-03-16T12:42:29.815+0800][gc,stats    ]      Memory: Page Cache Miss                                   0 / 0                 0 / 1                 0 / 1                 0 / 1           ops/s
[2024-03-16T12:42:29.815+0800][gc,stats    ]      Memory: Uncommit                                          0 / 0                 0 / 0                 0 / 0                 0 / 0           MB/s
[2024-03-16T12:42:29.815+0800][gc,stats    ]      Memory: Undo Object Allocation Failed                     0 / 0                 0 / 0                 0 / 0                 0 / 0           ops/s
[2024-03-16T12:42:29.815+0800][gc,stats    ]      Memory: Undo Object Allocation Succeeded                  0 / 0                 0 / 1                 0 / 1                 0 / 1           ops/s
[2024-03-16T12:42:29.815+0800][gc,stats    ]      Memory: Undo Page Allocation                              0 / 0                 0 / 0                 0 / 0                 0 / 0           ops/s
[2024-03-16T12:42:29.815+0800][gc,stats    ]       Phase: Concurrent Mark                               0.000 / 0.000        21.733 / 22.774       21.733 / 22.774       21.733 / 22.774      ms
[2024-03-16T12:42:29.815+0800][gc,stats    ]       Phase: Concurrent Mark Continue                      0.000 / 0.000         0.000 / 0.000         0.000 / 0.000         0.000 / 0.000       ms
[2024-03-16T12:42:29.815+0800][gc,stats    ]       Phase: Concurrent Mark Free                          0.000 / 0.000         0.001 / 0.001         0.001 / 0.001         0.001 / 0.001       ms
[2024-03-16T12:42:29.815+0800][gc,stats    ]       Phase: Concurrent Process Non-Strong References      0.000 / 0.000         2.228 / 2.595         2.228 / 2.595         2.228 / 2.595       ms
[2024-03-16T12:42:29.815+0800][gc,stats    ]       Phase: Concurrent Relocate                           0.000 / 0.000         3.290 / 4.378         3.290 / 4.378         3.290 / 4.378       ms
[2024-03-16T12:42:29.815+0800][gc,stats    ]       Phase: Concurrent Reset Relocation Set               0.000 / 0.000         0.004 / 0.007         0.004 / 0.007         0.004 / 0.007       ms
[2024-03-16T12:42:29.815+0800][gc,stats    ]       Phase: Concurrent Select Relocation Set              0.000 / 0.000         6.913 / 12.447        6.913 / 12.447        6.913 / 12.447      ms
[2024-03-16T12:42:29.815+0800][gc,stats    ]       Phase: Pause Mark End                                0.000 / 0.000         0.026 / 0.035         0.026 / 0.035         0.026 / 0.035       ms
[2024-03-16T12:42:29.815+0800][gc,stats    ]       Phase: Pause Mark Start                              0.000 / 0.000         0.245 / 0.482         0.245 / 0.482         0.245 / 0.482       ms
[2024-03-16T12:42:29.815+0800][gc,stats    ]       Phase: Pause Relocate Start                          0.000 / 0.000         0.011 / 0.013         0.011 / 0.013         0.011 / 0.013       ms
[2024-03-16T12:42:29.815+0800][gc,stats    ]    Subphase: Concurrent Classes Purge                      0.000 / 0.000         0.081 / 0.089         0.081 / 0.089         0.081 / 0.089       ms
[2024-03-16T12:42:29.815+0800][gc,stats    ]    Subphase: Concurrent Classes Unlink                     0.000 / 0.000         1.366 / 1.398         1.366 / 1.398         1.366 / 1.398       ms
[2024-03-16T12:42:29.815+0800][gc,stats    ]    Subphase: Concurrent Mark                               0.000 / 0.000        18.029 / 21.893       18.029 / 21.893       18.029 / 21.893      ms
[2024-03-16T12:42:29.815+0800][gc,stats    ]    Subphase: Concurrent Mark Try Flush                     0.000 / 0.000         0.083 / 0.231         0.083 / 0.231         0.083 / 0.231       ms
[2024-03-16T12:42:29.815+0800][gc,stats    ]    Subphase: Concurrent Mark Try Terminate                 0.000 / 0.000         5.323 / 11.636        5.323 / 11.636        5.323 / 11.636      ms
[2024-03-16T12:42:29.815+0800][gc,stats    ]    Subphase: Concurrent References Enqueue                 0.000 / 0.000         0.003 / 0.004         0.003 / 0.004         0.003 / 0.004       ms
[2024-03-16T12:42:29.815+0800][gc,stats    ]    Subphase: Concurrent References Process                 0.000 / 0.000         0.144 / 0.170         0.144 / 0.170         0.144 / 0.170       ms
[2024-03-16T12:42:29.815+0800][gc,stats    ]    Subphase: Concurrent Roots ClassLoaderDataGraph         0.000 / 0.000         0.130 / 0.416         0.130 / 0.416         0.130 / 0.416       ms
[2024-03-16T12:42:29.815+0800][gc,stats    ]    Subphase: Concurrent Roots CodeCache                    0.000 / 0.000         0.000 / 0.000         0.000 / 0.000         0.000 / 0.000       ms
[2024-03-16T12:42:29.815+0800][gc,stats    ]    Subphase: Concurrent Roots JavaThreads                  0.000 / 0.000         1.138 / 2.107         1.138 / 2.107         1.138 / 2.107       ms
[2024-03-16T12:42:29.815+0800][gc,stats    ]    Subphase: Concurrent Roots OopStorageSet                0.000 / 0.000         0.159 / 0.239         0.159 / 0.239         0.159 / 0.239       ms
[2024-03-16T12:42:29.815+0800][gc,stats    ]    Subphase: Concurrent Weak Roots OopStorageSet           0.000 / 0.000         0.515 / 0.802         0.515 / 0.802         0.515 / 0.802       ms
[2024-03-16T12:42:29.815+0800][gc,stats    ]    Subphase: Pause Mark Try Complete                       0.000 / 0.000         0.000 / 0.000         0.000 / 0.000         0.000 / 0.000       ms
[2024-03-16T12:42:29.815+0800][gc,stats    ]      System: Java Threads                                      0 / 0                35 / 50               35 / 50               35 / 50          threads
[2024-03-16T12:42:29.815+0800][gc,stats    ] =========================================================================================================================================================
[2024-03-16T12:42:39.815+0800][gc,stats    ] === Garbage Collection Statistics =======================================================================================================================
[2024-03-16T12:42:39.815+0800][gc,stats    ]                                                              Last 10s              Last 10m              Last 10h                Total
[2024-03-16T12:42:39.815+0800][gc,stats    ]                                                              Avg / Max             Avg / Max             Avg / Max             Avg / Max
[2024-03-16T12:42:39.815+0800][gc,stats    ]   Collector: Garbage Collection Cycle                      0.000 / 0.000        48.519 / 54.067       48.519 / 54.067       48.519 / 54.067      ms
[2024-03-16T12:42:39.815+0800][gc,stats    ]  Contention: Mark Segment Reset Contention                     0 / 0                 0 / 9                 0 / 9                 0 / 9           ops/s
[2024-03-16T12:42:39.815+0800][gc,stats    ]  Contention: Mark SeqNum Reset Contention                      0 / 0                 0 / 0                 0 / 0                 0 / 0           ops/s
[2024-03-16T12:42:39.815+0800][gc,stats    ]    Critical: Allocation Stall                                  0 / 0                 0 / 0                 0 / 0                 0 / 0           ops/s
[2024-03-16T12:42:39.815+0800][gc,stats    ]    Critical: Allocation Stall                              0.000 / 0.000         0.000 / 0.000         0.000 / 0.000         0.000 / 0.000       ms
[2024-03-16T12:42:39.815+0800][gc,stats    ]    Critical: GC Locker Stall                                   0 / 0                 0 / 0                 0 / 0                 0 / 0           ops/s
[2024-03-16T12:42:39.815+0800][gc,stats    ]    Critical: GC Locker Stall                               0.000 / 0.000         0.000 / 0.000         0.000 / 0.000         0.000 / 0.000       ms
[2024-03-16T12:42:39.815+0800][gc,stats    ]    Critical: Relocation Stall                                  0 / 0                 0 / 0                 0 / 0                 0 / 0           ops/s
[2024-03-16T12:42:39.815+0800][gc,stats    ]    Critical: Relocation Stall                              0.000 / 0.000         0.000 / 0.000         0.000 / 0.000         0.000 / 0.000       ms
[2024-03-16T12:42:39.815+0800][gc,stats    ]      Memory: Allocation Rate                                   0 / 0                 5 / 86                5 / 86                5 / 86          MB/s
[2024-03-16T12:42:39.815+0800][gc,stats    ]      Memory: Defragment                                        0 / 0                 0 / 0                 0 / 0                 0 / 0           ops/s
[2024-03-16T12:42:39.815+0800][gc,stats    ]      Memory: Out Of Memory                                     0 / 0                 0 / 0                 0 / 0                 0 / 0           ops/s
[2024-03-16T12:42:39.815+0800][gc,stats    ]      Memory: Page Cache Flush                                  0 / 0                 0 / 0                 0 / 0                 0 / 0           MB/s
[2024-03-16T12:42:39.815+0800][gc,stats    ]      Memory: Page Cache Hit L1                                 0 / 0                 1 / 30                1 / 30                1 / 30          ops/s
[2024-03-16T12:42:39.815+0800][gc,stats    ]      Memory: Page Cache Hit L2                                 0 / 0                 0 / 0                 0 / 0                 0 / 0           ops/s
[2024-03-16T12:42:39.815+0800][gc,stats    ]      Memory: Page Cache Hit L3                                 0 / 0                 1 / 43                1 / 43                1 / 43          ops/s
[2024-03-16T12:42:39.815+0800][gc,stats    ]      Memory: Page Cache Miss                                   0 / 0                 0 / 1                 0 / 1                 0 / 1           ops/s
[2024-03-16T12:42:39.815+0800][gc,stats    ]      Memory: Uncommit                                          0 / 0                 0 / 0                 0 / 0                 0 / 0           MB/s
[2024-03-16T12:42:39.815+0800][gc,stats    ]      Memory: Undo Object Allocation Failed                     0 / 0                 0 / 0                 0 / 0                 0 / 0           ops/s
[2024-03-16T12:42:39.815+0800][gc,stats    ]      Memory: Undo Object Allocation Succeeded                  0 / 0                 0 / 1                 0 / 1                 0 / 1           ops/s
[2024-03-16T12:42:39.815+0800][gc,stats    ]      Memory: Undo Page Allocation                              0 / 0                 0 / 0                 0 / 0                 0 / 0           ops/s
[2024-03-16T12:42:39.815+0800][gc,stats    ]       Phase: Concurrent Mark                               0.000 / 0.000        21.733 / 22.774       21.733 / 22.774       21.733 / 22.774      ms
[2024-03-16T12:42:39.815+0800][gc,stats    ]       Phase: Concurrent Mark Continue                      0.000 / 0.000         0.000 / 0.000         0.000 / 0.000         0.000 / 0.000       ms
[2024-03-16T12:42:39.815+0800][gc,stats    ]       Phase: Concurrent Mark Free                          0.000 / 0.000         0.001 / 0.001         0.001 / 0.001         0.001 / 0.001       ms
[2024-03-16T12:42:39.815+0800][gc,stats    ]       Phase: Concurrent Process Non-Strong References      0.000 / 0.000         2.228 / 2.595         2.228 / 2.595         2.228 / 2.595       ms
[2024-03-16T12:42:39.815+0800][gc,stats    ]       Phase: Concurrent Relocate                           0.000 / 0.000         3.290 / 4.378         3.290 / 4.378         3.290 / 4.378       ms
[2024-03-16T12:42:39.815+0800][gc,stats    ]       Phase: Concurrent Reset Relocation Set               0.000 / 0.000         0.004 / 0.007         0.004 / 0.007         0.004 / 0.007       ms
[2024-03-16T12:42:39.815+0800][gc,stats    ]       Phase: Concurrent Select Relocation Set              0.000 / 0.000         6.913 / 12.447        6.913 / 12.447        6.913 / 12.447      ms
[2024-03-16T12:42:39.815+0800][gc,stats    ]       Phase: Pause Mark End                                0.000 / 0.000         0.026 / 0.035         0.026 / 0.035         0.026 / 0.035       ms
[2024-03-16T12:42:39.815+0800][gc,stats    ]       Phase: Pause Mark Start                              0.000 / 0.000         0.245 / 0.482         0.245 / 0.482         0.245 / 0.482       ms
[2024-03-16T12:42:39.815+0800][gc,stats    ]       Phase: Pause Relocate Start                          0.000 / 0.000         0.011 / 0.013         0.011 / 0.013         0.011 / 0.013       ms
[2024-03-16T12:42:39.815+0800][gc,stats    ]    Subphase: Concurrent Classes Purge                      0.000 / 0.000         0.081 / 0.089         0.081 / 0.089         0.081 / 0.089       ms
[2024-03-16T12:42:39.815+0800][gc,stats    ]    Subphase: Concurrent Classes Unlink                     0.000 / 0.000         1.366 / 1.398         1.366 / 1.398         1.366 / 1.398       ms
[2024-03-16T12:42:39.815+0800][gc,stats    ]    Subphase: Concurrent Mark                               0.000 / 0.000        18.029 / 21.893       18.029 / 21.893       18.029 / 21.893      ms
[2024-03-16T12:42:39.815+0800][gc,stats    ]    Subphase: Concurrent Mark Try Flush                     0.000 / 0.000         0.083 / 0.231         0.083 / 0.231         0.083 / 0.231       ms
[2024-03-16T12:42:39.815+0800][gc,stats    ]    Subphase: Concurrent Mark Try Terminate                 0.000 / 0.000         5.323 / 11.636        5.323 / 11.636        5.323 / 11.636      ms
[2024-03-16T12:42:39.815+0800][gc,stats    ]    Subphase: Concurrent References Enqueue                 0.000 / 0.000         0.003 / 0.004         0.003 / 0.004         0.003 / 0.004       ms
[2024-03-16T12:42:39.815+0800][gc,stats    ]    Subphase: Concurrent References Process                 0.000 / 0.000         0.144 / 0.170         0.144 / 0.170         0.144 / 0.170       ms
[2024-03-16T12:42:39.815+0800][gc,stats    ]    Subphase: Concurrent Roots ClassLoaderDataGraph         0.000 / 0.000         0.130 / 0.416         0.130 / 0.416         0.130 / 0.416       ms
[2024-03-16T12:42:39.815+0800][gc,stats    ]    Subphase: Concurrent Roots CodeCache                    0.000 / 0.000         0.000 / 0.000         0.000 / 0.000         0.000 / 0.000       ms
[2024-03-16T12:42:39.815+0800][gc,stats    ]    Subphase: Concurrent Roots JavaThreads                  0.000 / 0.000         1.138 / 2.107         1.138 / 2.107         1.138 / 2.107       ms
[2024-03-16T12:42:39.815+0800][gc,stats    ]    Subphase: Concurrent Roots OopStorageSet                0.000 / 0.000         0.159 / 0.239         0.159 / 0.239         0.159 / 0.239       ms
[2024-03-16T12:42:39.815+0800][gc,stats    ]    Subphase: Concurrent Weak Roots OopStorageSet           0.000 / 0.000         0.515 / 0.802         0.515 / 0.802         0.515 / 0.802       ms
[2024-03-16T12:42:39.815+0800][gc,stats    ]    Subphase: Pause Mark Try Complete                       0.000 / 0.000         0.000 / 0.000         0.000 / 0.000         0.000 / 0.000       ms
[2024-03-16T12:42:39.815+0800][gc,stats    ]      System: Java Threads                                      0 / 0                35 / 50               35 / 50               35 / 50          threads
[2024-03-16T12:42:39.815+0800][gc,stats    ] =========================================================================================================================================================
[2024-03-16T12:42:49.815+0800][gc,stats    ] === Garbage Collection Statistics =======================================================================================================================
[2024-03-16T12:42:49.815+0800][gc,stats    ]                                                              Last 10s              Last 10m              Last 10h                Total
[2024-03-16T12:42:49.815+0800][gc,stats    ]                                                              Avg / Max             Avg / Max             Avg / Max             Avg / Max
[2024-03-16T12:42:49.815+0800][gc,stats    ]   Collector: Garbage Collection Cycle                      0.000 / 0.000        48.519 / 54.067       48.519 / 54.067       48.519 / 54.067      ms
[2024-03-16T12:42:49.815+0800][gc,stats    ]  Contention: Mark Segment Reset Contention                     0 / 0                 0 / 9                 0 / 9                 0 / 9           ops/s
[2024-03-16T12:42:49.815+0800][gc,stats    ]  Contention: Mark SeqNum Reset Contention                      0 / 0                 0 / 0                 0 / 0                 0 / 0           ops/s
[2024-03-16T12:42:49.815+0800][gc,stats    ]    Critical: Allocation Stall                                  0 / 0                 0 / 0                 0 / 0                 0 / 0           ops/s
[2024-03-16T12:42:49.815+0800][gc,stats    ]    Critical: Allocation Stall                              0.000 / 0.000         0.000 / 0.000         0.000 / 0.000         0.000 / 0.000       ms
[2024-03-16T12:42:49.815+0800][gc,stats    ]    Critical: GC Locker Stall                                   0 / 0                 0 / 0                 0 / 0                 0 / 0           ops/s
[2024-03-16T12:42:49.815+0800][gc,stats    ]    Critical: GC Locker Stall                               0.000 / 0.000         0.000 / 0.000         0.000 / 0.000         0.000 / 0.000       ms
[2024-03-16T12:42:49.815+0800][gc,stats    ]    Critical: Relocation Stall                                  0 / 0                 0 / 0                 0 / 0                 0 / 0           ops/s
[2024-03-16T12:42:49.815+0800][gc,stats    ]    Critical: Relocation Stall                              0.000 / 0.000         0.000 / 0.000         0.000 / 0.000         0.000 / 0.000       ms
[2024-03-16T12:42:49.815+0800][gc,stats    ]      Memory: Allocation Rate                                   0 / 2                 4 / 86                4 / 86                4 / 86          MB/s
[2024-03-16T12:42:49.815+0800][gc,stats    ]      Memory: Defragment                                        0 / 0                 0 / 0                 0 / 0                 0 / 0           ops/s
[2024-03-16T12:42:49.815+0800][gc,stats    ]      Memory: Out Of Memory                                     0 / 0                 0 / 0                 0 / 0                 0 / 0           ops/s
[2024-03-16T12:42:49.815+0800][gc,stats    ]      Memory: Page Cache Flush                                  0 / 0                 0 / 0                 0 / 0                 0 / 0           MB/s
[2024-03-16T12:42:49.815+0800][gc,stats    ]      Memory: Page Cache Hit L1                                 0 / 1                 1 / 30                1 / 30                1 / 30          ops/s
[2024-03-16T12:42:49.815+0800][gc,stats    ]      Memory: Page Cache Hit L2                                 0 / 0                 0 / 0                 0 / 0                 0 / 0           ops/s
[2024-03-16T12:42:49.815+0800][gc,stats    ]      Memory: Page Cache Hit L3                                 0 / 0                 1 / 43                1 / 43                1 / 43          ops/s
[2024-03-16T12:42:49.815+0800][gc,stats    ]      Memory: Page Cache Miss                                   0 / 0                 0 / 1                 0 / 1                 0 / 1           ops/s
[2024-03-16T12:42:49.815+0800][gc,stats    ]      Memory: Uncommit                                          0 / 0                 0 / 0                 0 / 0                 0 / 0           MB/s
[2024-03-16T12:42:49.815+0800][gc,stats    ]      Memory: Undo Object Allocation Failed                     0 / 0                 0 / 0                 0 / 0                 0 / 0           ops/s
[2024-03-16T12:42:49.815+0800][gc,stats    ]      Memory: Undo Object Allocation Succeeded                  0 / 0                 0 / 1                 0 / 1                 0 / 1           ops/s
[2024-03-16T12:42:49.815+0800][gc,stats    ]      Memory: Undo Page Allocation                              0 / 0                 0 / 0                 0 / 0                 0 / 0           ops/s
[2024-03-16T12:42:49.815+0800][gc,stats    ]       Phase: Concurrent Mark                               0.000 / 0.000        21.733 / 22.774       21.733 / 22.774       21.733 / 22.774      ms
[2024-03-16T12:42:49.815+0800][gc,stats    ]       Phase: Concurrent Mark Continue                      0.000 / 0.000         0.000 / 0.000         0.000 / 0.000         0.000 / 0.000       ms
[2024-03-16T12:42:49.815+0800][gc,stats    ]       Phase: Concurrent Mark Free                          0.000 / 0.000         0.001 / 0.001         0.001 / 0.001         0.001 / 0.001       ms
[2024-03-16T12:42:49.815+0800][gc,stats    ]       Phase: Concurrent Process Non-Strong References      0.000 / 0.000         2.228 / 2.595         2.228 / 2.595         2.228 / 2.595       ms
[2024-03-16T12:42:49.815+0800][gc,stats    ]       Phase: Concurrent Relocate                           0.000 / 0.000         3.290 / 4.378         3.290 / 4.378         3.290 / 4.378       ms
[2024-03-16T12:42:49.815+0800][gc,stats    ]       Phase: Concurrent Reset Relocation Set               0.000 / 0.000         0.004 / 0.007         0.004 / 0.007         0.004 / 0.007       ms
[2024-03-16T12:42:49.815+0800][gc,stats    ]       Phase: Concurrent Select Relocation Set              0.000 / 0.000         6.913 / 12.447        6.913 / 12.447        6.913 / 12.447      ms
[2024-03-16T12:42:49.815+0800][gc,stats    ]       Phase: Pause Mark End                                0.000 / 0.000         0.026 / 0.035         0.026 / 0.035         0.026 / 0.035       ms
[2024-03-16T12:42:49.815+0800][gc,stats    ]       Phase: Pause Mark Start                              0.000 / 0.000         0.245 / 0.482         0.245 / 0.482         0.245 / 0.482       ms
[2024-03-16T12:42:49.815+0800][gc,stats    ]       Phase: Pause Relocate Start                          0.000 / 0.000         0.011 / 0.013         0.011 / 0.013         0.011 / 0.013       ms
[2024-03-16T12:42:49.815+0800][gc,stats    ]    Subphase: Concurrent Classes Purge                      0.000 / 0.000         0.081 / 0.089         0.081 / 0.089         0.081 / 0.089       ms
[2024-03-16T12:42:49.815+0800][gc,stats    ]    Subphase: Concurrent Classes Unlink                     0.000 / 0.000         1.366 / 1.398         1.366 / 1.398         1.366 / 1.398       ms
[2024-03-16T12:42:49.815+0800][gc,stats    ]    Subphase: Concurrent Mark                               0.000 / 0.000        18.029 / 21.893       18.029 / 21.893       18.029 / 21.893      ms
[2024-03-16T12:42:49.815+0800][gc,stats    ]    Subphase: Concurrent Mark Try Flush                     0.000 / 0.000         0.083 / 0.231         0.083 / 0.231         0.083 / 0.231       ms
[2024-03-16T12:42:49.815+0800][gc,stats    ]    Subphase: Concurrent Mark Try Terminate                 0.000 / 0.000         5.323 / 11.636        5.323 / 11.636        5.323 / 11.636      ms
[2024-03-16T12:42:49.815+0800][gc,stats    ]    Subphase: Concurrent References Enqueue                 0.000 / 0.000         0.003 / 0.004         0.003 / 0.004         0.003 / 0.004       ms
[2024-03-16T12:42:49.815+0800][gc,stats    ]    Subphase: Concurrent References Process                 0.000 / 0.000         0.144 / 0.170         0.144 / 0.170         0.144 / 0.170       ms
[2024-03-16T12:42:49.815+0800][gc,stats    ]    Subphase: Concurrent Roots ClassLoaderDataGraph         0.000 / 0.000         0.130 / 0.416         0.130 / 0.416         0.130 / 0.416       ms
[2024-03-16T12:42:49.815+0800][gc,stats    ]    Subphase: Concurrent Roots CodeCache                    0.000 / 0.000         0.000 / 0.000         0.000 / 0.000         0.000 / 0.000       ms
[2024-03-16T12:42:49.815+0800][gc,stats    ]    Subphase: Concurrent Roots JavaThreads                  0.000 / 0.000         1.138 / 2.107         1.138 / 2.107         1.138 / 2.107       ms
[2024-03-16T12:42:49.815+0800][gc,stats    ]    Subphase: Concurrent Roots OopStorageSet                0.000 / 0.000         0.159 / 0.239         0.159 / 0.239         0.159 / 0.239       ms
[2024-03-16T12:42:49.815+0800][gc,stats    ]    Subphase: Concurrent Weak Roots OopStorageSet           0.000 / 0.000         0.515 / 0.802         0.515 / 0.802         0.515 / 0.802       ms
[2024-03-16T12:42:49.815+0800][gc,stats    ]    Subphase: Pause Mark Try Complete                       0.000 / 0.000         0.000 / 0.000         0.000 / 0.000         0.000 / 0.000       ms
[2024-03-16T12:42:49.815+0800][gc,stats    ]      System: Java Threads                                      0 / 0                35 / 50               35 / 50               35 / 50          threads
[2024-03-16T12:42:49.815+0800][gc,stats    ] =========================================================================================================================================================
[2024-03-16T12:42:59.815+0800][gc,stats    ] === Garbage Collection Statistics =======================================================================================================================
[2024-03-16T12:42:59.815+0800][gc,stats    ]                                                              Last 10s              Last 10m              Last 10h                Total
[2024-03-16T12:42:59.815+0800][gc,stats    ]                                                              Avg / Max             Avg / Max             Avg / Max             Avg / Max
[2024-03-16T12:42:59.815+0800][gc,stats    ]   Collector: Garbage Collection Cycle                      0.000 / 0.000        48.519 / 54.067       48.519 / 54.067       48.519 / 54.067      ms
[2024-03-16T12:42:59.815+0800][gc,stats    ]  Contention: Mark Segment Reset Contention                     0 / 0                 0 / 9                 0 / 9                 0 / 9           ops/s
[2024-03-16T12:42:59.815+0800][gc,stats    ]  Contention: Mark SeqNum Reset Contention                      0 / 0                 0 / 0                 0 / 0                 0 / 0           ops/s
[2024-03-16T12:42:59.815+0800][gc,stats    ]    Critical: Allocation Stall                                  0 / 0                 0 / 0                 0 / 0                 0 / 0           ops/s
[2024-03-16T12:42:59.815+0800][gc,stats    ]    Critical: Allocation Stall                              0.000 / 0.000         0.000 / 0.000         0.000 / 0.000         0.000 / 0.000       ms
[2024-03-16T12:42:59.815+0800][gc,stats    ]    Critical: GC Locker Stall                                   0 / 0                 0 / 0                 0 / 0                 0 / 0           ops/s
[2024-03-16T12:42:59.815+0800][gc,stats    ]    Critical: GC Locker Stall                               0.000 / 0.000         0.000 / 0.000         0.000 / 0.000         0.000 / 0.000       ms
[2024-03-16T12:42:59.815+0800][gc,stats    ]    Critical: Relocation Stall                                  0 / 0                 0 / 0                 0 / 0                 0 / 0           ops/s
[2024-03-16T12:42:59.815+0800][gc,stats    ]    Critical: Relocation Stall                              0.000 / 0.000         0.000 / 0.000         0.000 / 0.000         0.000 / 0.000       ms
[2024-03-16T12:42:59.815+0800][gc,stats    ]      Memory: Allocation Rate                                   0 / 2                 4 / 86                4 / 86                4 / 86          MB/s
[2024-03-16T12:42:59.815+0800][gc,stats    ]      Memory: Defragment                                        0 / 0                 0 / 0                 0 / 0                 0 / 0           ops/s
[2024-03-16T12:42:59.815+0800][gc,stats    ]      Memory: Out Of Memory                                     0 / 0                 0 / 0                 0 / 0                 0 / 0           ops/s
[2024-03-16T12:42:59.815+0800][gc,stats    ]      Memory: Page Cache Flush                                  0 / 0                 0 / 0                 0 / 0                 0 / 0           MB/s
[2024-03-16T12:42:59.815+0800][gc,stats    ]      Memory: Page Cache Hit L1                                 0 / 1                 1 / 30                1 / 30                1 / 30          ops/s
[2024-03-16T12:42:59.815+0800][gc,stats    ]      Memory: Page Cache Hit L2                                 0 / 0                 0 / 0                 0 / 0                 0 / 0           ops/s
[2024-03-16T12:42:59.815+0800][gc,stats    ]      Memory: Page Cache Hit L3                                 0 / 0                 1 / 43                1 / 43                1 / 43          ops/s
[2024-03-16T12:42:59.815+0800][gc,stats    ]      Memory: Page Cache Miss                                   0 / 0                 0 / 1                 0 / 1                 0 / 1           ops/s
[2024-03-16T12:42:59.815+0800][gc,stats    ]      Memory: Uncommit                                          0 / 0                 0 / 0                 0 / 0                 0 / 0           MB/s
[2024-03-16T12:42:59.815+0800][gc,stats    ]      Memory: Undo Object Allocation Failed                     0 / 0                 0 / 0                 0 / 0                 0 / 0           ops/s
[2024-03-16T12:42:59.815+0800][gc,stats    ]      Memory: Undo Object Allocation Succeeded                  0 / 0                 0 / 1                 0 / 1                 0 / 1           ops/s
[2024-03-16T12:42:59.815+0800][gc,stats    ]      Memory: Undo Page Allocation                              0 / 0                 0 / 0                 0 / 0                 0 / 0           ops/s
[2024-03-16T12:42:59.815+0800][gc,stats    ]       Phase: Concurrent Mark                               0.000 / 0.000        21.733 / 22.774       21.733 / 22.774       21.733 / 22.774      ms
[2024-03-16T12:42:59.815+0800][gc,stats    ]       Phase: Concurrent Mark Continue                      0.000 / 0.000         0.000 / 0.000         0.000 / 0.000         0.000 / 0.000       ms
[2024-03-16T12:42:59.815+0800][gc,stats    ]       Phase: Concurrent Mark Free                          0.000 / 0.000         0.001 / 0.001         0.001 / 0.001         0.001 / 0.001       ms
[2024-03-16T12:42:59.815+0800][gc,stats    ]       Phase: Concurrent Process Non-Strong References      0.000 / 0.000         2.228 / 2.595         2.228 / 2.595         2.228 / 2.595       ms
[2024-03-16T12:42:59.815+0800][gc,stats    ]       Phase: Concurrent Relocate                           0.000 / 0.000         3.290 / 4.378         3.290 / 4.378         3.290 / 4.378       ms
[2024-03-16T12:42:59.815+0800][gc,stats    ]       Phase: Concurrent Reset Relocation Set               0.000 / 0.000         0.004 / 0.007         0.004 / 0.007         0.004 / 0.007       ms
[2024-03-16T12:42:59.815+0800][gc,stats    ]       Phase: Concurrent Select Relocation Set              0.000 / 0.000         6.913 / 12.447        6.913 / 12.447        6.913 / 12.447      ms
[2024-03-16T12:42:59.815+0800][gc,stats    ]       Phase: Pause Mark End                                0.000 / 0.000         0.026 / 0.035         0.026 / 0.035         0.026 / 0.035       ms
[2024-03-16T12:42:59.815+0800][gc,stats    ]       Phase: Pause Mark Start                              0.000 / 0.000         0.245 / 0.482         0.245 / 0.482         0.245 / 0.482       ms
[2024-03-16T12:42:59.815+0800][gc,stats    ]       Phase: Pause Relocate Start                          0.000 / 0.000         0.011 / 0.013         0.011 / 0.013         0.011 / 0.013       ms
[2024-03-16T12:42:59.815+0800][gc,stats    ]    Subphase: Concurrent Classes Purge                      0.000 / 0.000         0.081 / 0.089         0.081 / 0.089         0.081 / 0.089       ms
[2024-03-16T12:42:59.815+0800][gc,stats    ]    Subphase: Concurrent Classes Unlink                     0.000 / 0.000         1.366 / 1.398         1.366 / 1.398         1.366 / 1.398       ms
[2024-03-16T12:42:59.815+0800][gc,stats    ]    Subphase: Concurrent Mark                               0.000 / 0.000        18.029 / 21.893       18.029 / 21.893       18.029 / 21.893      ms
[2024-03-16T12:42:59.815+0800][gc,stats    ]    Subphase: Concurrent Mark Try Flush                     0.000 / 0.000         0.083 / 0.231         0.083 / 0.231         0.083 / 0.231       ms
[2024-03-16T12:42:59.815+0800][gc,stats    ]    Subphase: Concurrent Mark Try Terminate                 0.000 / 0.000         5.323 / 11.636        5.323 / 11.636        5.323 / 11.636      ms
[2024-03-16T12:42:59.815+0800][gc,stats    ]    Subphase: Concurrent References Enqueue                 0.000 / 0.000         0.003 / 0.004         0.003 / 0.004         0.003 / 0.004       ms
[2024-03-16T12:42:59.815+0800][gc,stats    ]    Subphase: Concurrent References Process                 0.000 / 0.000         0.144 / 0.170         0.144 / 0.170         0.144 / 0.170       ms
[2024-03-16T12:42:59.815+0800][gc,stats    ]    Subphase: Concurrent Roots ClassLoaderDataGraph         0.000 / 0.000         0.130 / 0.416         0.130 / 0.416         0.130 / 0.416       ms
[2024-03-16T12:42:59.815+0800][gc,stats    ]    Subphase: Concurrent Roots CodeCache                    0.000 / 0.000         0.000 / 0.000         0.000 / 0.000         0.000 / 0.000       ms
[2024-03-16T12:42:59.815+0800][gc,stats    ]    Subphase: Concurrent Roots JavaThreads                  0.000 / 0.000         1.138 / 2.107         1.138 / 2.107         1.138 / 2.107       ms
[2024-03-16T12:42:59.815+0800][gc,stats    ]    Subphase: Concurrent Roots OopStorageSet                0.000 / 0.000         0.159 / 0.239         0.159 / 0.239         0.159 / 0.239       ms
[2024-03-16T12:42:59.815+0800][gc,stats    ]    Subphase: Concurrent Weak Roots OopStorageSet           0.000 / 0.000         0.515 / 0.802         0.515 / 0.802         0.515 / 0.802       ms
[2024-03-16T12:42:59.815+0800][gc,stats    ]    Subphase: Pause Mark Try Complete                       0.000 / 0.000         0.000 / 0.000         0.000 / 0.000         0.000 / 0.000       ms
[2024-03-16T12:42:59.815+0800][gc,stats    ]      System: Java Threads                                      0 / 0                35 / 50               35 / 50               35 / 50          threads
[2024-03-16T12:42:59.815+0800][gc,stats    ] =========================================================================================================================================================
[2024-03-16T12:43:09.815+0800][gc,stats    ] === Garbage Collection Statistics =======================================================================================================================
[2024-03-16T12:43:09.815+0800][gc,stats    ]                                                              Last 10s              Last 10m              Last 10h                Total
[2024-03-16T12:43:09.815+0800][gc,stats    ]                                                              Avg / Max             Avg / Max             Avg / Max             Avg / Max
[2024-03-16T12:43:09.815+0800][gc,stats    ]   Collector: Garbage Collection Cycle                      0.000 / 0.000        48.519 / 54.067       48.519 / 54.067       48.519 / 54.067      ms
[2024-03-16T12:43:09.815+0800][gc,stats    ]  Contention: Mark Segment Reset Contention                     0 / 0                 0 / 9                 0 / 9                 0 / 9           ops/s
[2024-03-16T12:43:09.815+0800][gc,stats    ]  Contention: Mark SeqNum Reset Contention                      0 / 0                 0 / 0                 0 / 0                 0 / 0           ops/s
[2024-03-16T12:43:09.815+0800][gc,stats    ]    Critical: Allocation Stall                                  0 / 0                 0 / 0                 0 / 0                 0 / 0           ops/s
[2024-03-16T12:43:09.815+0800][gc,stats    ]    Critical: Allocation Stall                              0.000 / 0.000         0.000 / 0.000         0.000 / 0.000         0.000 / 0.000       ms
[2024-03-16T12:43:09.815+0800][gc,stats    ]    Critical: GC Locker Stall                                   0 / 0                 0 / 0                 0 / 0                 0 / 0           ops/s
[2024-03-16T12:43:09.815+0800][gc,stats    ]    Critical: GC Locker Stall                               0.000 / 0.000         0.000 / 0.000         0.000 / 0.000         0.000 / 0.000       ms
[2024-03-16T12:43:09.815+0800][gc,stats    ]    Critical: Relocation Stall                                  0 / 0                 0 / 0                 0 / 0                 0 / 0           ops/s
[2024-03-16T12:43:09.815+0800][gc,stats    ]    Critical: Relocation Stall                              0.000 / 0.000         0.000 / 0.000         0.000 / 0.000         0.000 / 0.000       ms
[2024-03-16T12:43:09.815+0800][gc,stats    ]      Memory: Allocation Rate                                   0 / 2                 3 / 86                3 / 86                3 / 86          MB/s
[2024-03-16T12:43:09.815+0800][gc,stats    ]      Memory: Defragment                                        0 / 0                 0 / 0                 0 / 0                 0 / 0           ops/s
[2024-03-16T12:43:09.815+0800][gc,stats    ]      Memory: Out Of Memory                                     0 / 0                 0 / 0                 0 / 0                 0 / 0           ops/s
[2024-03-16T12:43:09.815+0800][gc,stats    ]      Memory: Page Cache Flush                                  0 / 0                 0 / 0                 0 / 0                 0 / 0           MB/s
[2024-03-16T12:43:09.815+0800][gc,stats    ]      Memory: Page Cache Hit L1                                 0 / 1                 0 / 30                0 / 30                0 / 30          ops/s
[2024-03-16T12:43:09.815+0800][gc,stats    ]      Memory: Page Cache Hit L2                                 0 / 0                 0 / 0                 0 / 0                 0 / 0           ops/s
[2024-03-16T12:43:09.815+0800][gc,stats    ]      Memory: Page Cache Hit L3                                 0 / 0                 0 / 43                0 / 43                0 / 43          ops/s
[2024-03-16T12:43:09.815+0800][gc,stats    ]      Memory: Page Cache Miss                                   0 / 0                 0 / 1                 0 / 1                 0 / 1           ops/s
[2024-03-16T12:43:09.815+0800][gc,stats    ]      Memory: Uncommit                                          0 / 0                 0 / 0                 0 / 0                 0 / 0           MB/s
[2024-03-16T12:43:09.815+0800][gc,stats    ]      Memory: Undo Object Allocation Failed                     0 / 0                 0 / 0                 0 / 0                 0 / 0           ops/s
[2024-03-16T12:43:09.815+0800][gc,stats    ]      Memory: Undo Object Allocation Succeeded                  0 / 0                 0 / 1                 0 / 1                 0 / 1           ops/s
[2024-03-16T12:43:09.815+0800][gc,stats    ]      Memory: Undo Page Allocation                              0 / 0                 0 / 0                 0 / 0                 0 / 0           ops/s
[2024-03-16T12:43:09.815+0800][gc,stats    ]       Phase: Concurrent Mark                               0.000 / 0.000        21.733 / 22.774       21.733 / 22.774       21.733 / 22.774      ms
[2024-03-16T12:43:09.815+0800][gc,stats    ]       Phase: Concurrent Mark Continue                      0.000 / 0.000         0.000 / 0.000         0.000 / 0.000         0.000 / 0.000       ms
[2024-03-16T12:43:09.815+0800][gc,stats    ]       Phase: Concurrent Mark Free                          0.000 / 0.000         0.001 / 0.001         0.001 / 0.001         0.001 / 0.001       ms
[2024-03-16T12:43:09.815+0800][gc,stats    ]       Phase: Concurrent Process Non-Strong References      0.000 / 0.000         2.228 / 2.595         2.228 / 2.595         2.228 / 2.595       ms
[2024-03-16T12:43:09.815+0800][gc,stats    ]       Phase: Concurrent Relocate                           0.000 / 0.000         3.290 / 4.378         3.290 / 4.378         3.290 / 4.378       ms
[2024-03-16T12:43:09.815+0800][gc,stats    ]       Phase: Concurrent Reset Relocation Set               0.000 / 0.000         0.004 / 0.007         0.004 / 0.007         0.004 / 0.007       ms
[2024-03-16T12:43:09.815+0800][gc,stats    ]       Phase: Concurrent Select Relocation Set              0.000 / 0.000         6.913 / 12.447        6.913 / 12.447        6.913 / 12.447      ms
[2024-03-16T12:43:09.815+0800][gc,stats    ]       Phase: Pause Mark End                                0.000 / 0.000         0.026 / 0.035         0.026 / 0.035         0.026 / 0.035       ms
[2024-03-16T12:43:09.815+0800][gc,stats    ]       Phase: Pause Mark Start                              0.000 / 0.000         0.245 / 0.482         0.245 / 0.482         0.245 / 0.482       ms
[2024-03-16T12:43:09.815+0800][gc,stats    ]       Phase: Pause Relocate Start                          0.000 / 0.000         0.011 / 0.013         0.011 / 0.013         0.011 / 0.013       ms
[2024-03-16T12:43:09.815+0800][gc,stats    ]    Subphase: Concurrent Classes Purge                      0.000 / 0.000         0.081 / 0.089         0.081 / 0.089         0.081 / 0.089       ms
[2024-03-16T12:43:09.815+0800][gc,stats    ]    Subphase: Concurrent Classes Unlink                     0.000 / 0.000         1.366 / 1.398         1.366 / 1.398         1.366 / 1.398       ms
[2024-03-16T12:43:09.815+0800][gc,stats    ]    Subphase: Concurrent Mark                               0.000 / 0.000        18.029 / 21.893       18.029 / 21.893       18.029 / 21.893      ms
[2024-03-16T12:43:09.815+0800][gc,stats    ]    Subphase: Concurrent Mark Try Flush                     0.000 / 0.000         0.083 / 0.231         0.083 / 0.231         0.083 / 0.231       ms
[2024-03-16T12:43:09.815+0800][gc,stats    ]    Subphase: Concurrent Mark Try Terminate                 0.000 / 0.000         5.323 / 11.636        5.323 / 11.636        5.323 / 11.636      ms
[2024-03-16T12:43:09.815+0800][gc,stats    ]    Subphase: Concurrent References Enqueue                 0.000 / 0.000         0.003 / 0.004         0.003 / 0.004         0.003 / 0.004       ms
[2024-03-16T12:43:09.815+0800][gc,stats    ]    Subphase: Concurrent References Process                 0.000 / 0.000         0.144 / 0.170         0.144 / 0.170         0.144 / 0.170       ms
[2024-03-16T12:43:09.815+0800][gc,stats    ]    Subphase: Concurrent Roots ClassLoaderDataGraph         0.000 / 0.000         0.130 / 0.416         0.130 / 0.416         0.130 / 0.416       ms
[2024-03-16T12:43:09.815+0800][gc,stats    ]    Subphase: Concurrent Roots CodeCache                    0.000 / 0.000         0.000 / 0.000         0.000 / 0.000         0.000 / 0.000       ms
[2024-03-16T12:43:09.815+0800][gc,stats    ]    Subphase: Concurrent Roots JavaThreads                  0.000 / 0.000         1.138 / 2.107         1.138 / 2.107         1.138 / 2.107       ms
[2024-03-16T12:43:09.815+0800][gc,stats    ]    Subphase: Concurrent Roots OopStorageSet                0.000 / 0.000         0.159 / 0.239         0.159 / 0.239         0.159 / 0.239       ms
[2024-03-16T12:43:09.815+0800][gc,stats    ]    Subphase: Concurrent Weak Roots OopStorageSet           0.000 / 0.000         0.515 / 0.802         0.515 / 0.802         0.515 / 0.802       ms
[2024-03-16T12:43:09.815+0800][gc,stats    ]    Subphase: Pause Mark Try Complete                       0.000 / 0.000         0.000 / 0.000         0.000 / 0.000         0.000 / 0.000       ms
[2024-03-16T12:43:09.815+0800][gc,stats    ]      System: Java Threads                                      0 / 0                35 / 50               35 / 50               35 / 50          threads
[2024-03-16T12:43:09.815+0800][gc,stats    ] =========================================================================================================================================================
[2024-03-16T12:43:19.815+0800][gc,stats    ] === Garbage Collection Statistics =======================================================================================================================
[2024-03-16T12:43:19.815+0800][gc,stats    ]                                                              Last 10s              Last 10m              Last 10h                Total
[2024-03-16T12:43:19.815+0800][gc,stats    ]                                                              Avg / Max             Avg / Max             Avg / Max             Avg / Max
[2024-03-16T12:43:19.815+0800][gc,stats    ]   Collector: Garbage Collection Cycle                      0.000 / 0.000        48.519 / 54.067       48.519 / 54.067       48.519 / 54.067      ms
[2024-03-16T12:43:19.815+0800][gc,stats    ]  Contention: Mark Segment Reset Contention                     0 / 0                 0 / 9                 0 / 9                 0 / 9           ops/s
[2024-03-16T12:43:19.815+0800][gc,stats    ]  Contention: Mark SeqNum Reset Contention                      0 / 0                 0 / 0                 0 / 0                 0 / 0           ops/s
[2024-03-16T12:43:19.815+0800][gc,stats    ]    Critical: Allocation Stall                                  0 / 0                 0 / 0                 0 / 0                 0 / 0           ops/s
[2024-03-16T12:43:19.815+0800][gc,stats    ]    Critical: Allocation Stall                              0.000 / 0.000         0.000 / 0.000         0.000 / 0.000         0.000 / 0.000       ms
[2024-03-16T12:43:19.815+0800][gc,stats    ]    Critical: GC Locker Stall                                   0 / 0                 0 / 0                 0 / 0                 0 / 0           ops/s
[2024-03-16T12:43:19.815+0800][gc,stats    ]    Critical: GC Locker Stall                               0.000 / 0.000         0.000 / 0.000         0.000 / 0.000         0.000 / 0.000       ms
[2024-03-16T12:43:19.815+0800][gc,stats    ]    Critical: Relocation Stall                                  0 / 0                 0 / 0                 0 / 0                 0 / 0           ops/s
[2024-03-16T12:43:19.815+0800][gc,stats    ]    Critical: Relocation Stall                              0.000 / 0.000         0.000 / 0.000         0.000 / 0.000         0.000 / 0.000       ms
[2024-03-16T12:43:19.815+0800][gc,stats    ]      Memory: Allocation Rate                                   0 / 2                 3 / 86                3 / 86                3 / 86          MB/s
[2024-03-16T12:43:19.815+0800][gc,stats    ]      Memory: Defragment                                        0 / 0                 0 / 0                 0 / 0                 0 / 0           ops/s
[2024-03-16T12:43:19.815+0800][gc,stats    ]      Memory: Out Of Memory                                     0 / 0                 0 / 0                 0 / 0                 0 / 0           ops/s
[2024-03-16T12:43:19.815+0800][gc,stats    ]      Memory: Page Cache Flush                                  0 / 0                 0 / 0                 0 / 0                 0 / 0           MB/s
[2024-03-16T12:43:19.815+0800][gc,stats    ]      Memory: Page Cache Hit L1                                 0 / 1                 0 / 30                0 / 30                0 / 30          ops/s
[2024-03-16T12:43:19.815+0800][gc,stats    ]      Memory: Page Cache Hit L2                                 0 / 0                 0 / 0                 0 / 0                 0 / 0           ops/s
[2024-03-16T12:43:19.815+0800][gc,stats    ]      Memory: Page Cache Hit L3                                 0 / 0                 0 / 43                0 / 43                0 / 43          ops/s
[2024-03-16T12:43:19.815+0800][gc,stats    ]      Memory: Page Cache Miss                                   0 / 0                 0 / 1                 0 / 1                 0 / 1           ops/s
[2024-03-16T12:43:19.815+0800][gc,stats    ]      Memory: Uncommit                                          0 / 0                 0 / 0                 0 / 0                 0 / 0           MB/s
[2024-03-16T12:43:19.815+0800][gc,stats    ]      Memory: Undo Object Allocation Failed                     0 / 0                 0 / 0                 0 / 0                 0 / 0           ops/s
[2024-03-16T12:43:19.815+0800][gc,stats    ]      Memory: Undo Object Allocation Succeeded                  0 / 0                 0 / 1                 0 / 1                 0 / 1           ops/s
[2024-03-16T12:43:19.815+0800][gc,stats    ]      Memory: Undo Page Allocation                              0 / 0                 0 / 0                 0 / 0                 0 / 0           ops/s
[2024-03-16T12:43:19.815+0800][gc,stats    ]       Phase: Concurrent Mark                               0.000 / 0.000        21.733 / 22.774       21.733 / 22.774       21.733 / 22.774      ms
[2024-03-16T12:43:19.815+0800][gc,stats    ]       Phase: Concurrent Mark Continue                      0.000 / 0.000         0.000 / 0.000         0.000 / 0.000         0.000 / 0.000       ms
[2024-03-16T12:43:19.815+0800][gc,stats    ]       Phase: Concurrent Mark Free                          0.000 / 0.000         0.001 / 0.001         0.001 / 0.001         0.001 / 0.001       ms
[2024-03-16T12:43:19.815+0800][gc,stats    ]       Phase: Concurrent Process Non-Strong References      0.000 / 0.000         2.228 / 2.595         2.228 / 2.595         2.228 / 2.595       ms
[2024-03-16T12:43:19.815+0800][gc,stats    ]       Phase: Concurrent Relocate                           0.000 / 0.000         3.290 / 4.378         3.290 / 4.378         3.290 / 4.378       ms
[2024-03-16T12:43:19.815+0800][gc,stats    ]       Phase: Concurrent Reset Relocation Set               0.000 / 0.000         0.004 / 0.007         0.004 / 0.007         0.004 / 0.007       ms
[2024-03-16T12:43:19.815+0800][gc,stats    ]       Phase: Concurrent Select Relocation Set              0.000 / 0.000         6.913 / 12.447        6.913 / 12.447        6.913 / 12.447      ms
[2024-03-16T12:43:19.815+0800][gc,stats    ]       Phase: Pause Mark End                                0.000 / 0.000         0.026 / 0.035         0.026 / 0.035         0.026 / 0.035       ms
[2024-03-16T12:43:19.815+0800][gc,stats    ]       Phase: Pause Mark Start                              0.000 / 0.000         0.245 / 0.482         0.245 / 0.482         0.245 / 0.482       ms
[2024-03-16T12:43:19.815+0800][gc,stats    ]       Phase: Pause Relocate Start                          0.000 / 0.000         0.011 / 0.013         0.011 / 0.013         0.011 / 0.013       ms
[2024-03-16T12:43:19.815+0800][gc,stats    ]    Subphase: Concurrent Classes Purge                      0.000 / 0.000         0.081 / 0.089         0.081 / 0.089         0.081 / 0.089       ms
[2024-03-16T12:43:19.815+0800][gc,stats    ]    Subphase: Concurrent Classes Unlink                     0.000 / 0.000         1.366 / 1.398         1.366 / 1.398         1.366 / 1.398       ms
[2024-03-16T12:43:19.815+0800][gc,stats    ]    Subphase: Concurrent Mark                               0.000 / 0.000        18.029 / 21.893       18.029 / 21.893       18.029 / 21.893      ms
[2024-03-16T12:43:19.815+0800][gc,stats    ]    Subphase: Concurrent Mark Try Flush                     0.000 / 0.000         0.083 / 0.231         0.083 / 0.231         0.083 / 0.231       ms
[2024-03-16T12:43:19.815+0800][gc,stats    ]    Subphase: Concurrent Mark Try Terminate                 0.000 / 0.000         5.323 / 11.636        5.323 / 11.636        5.323 / 11.636      ms
[2024-03-16T12:43:19.815+0800][gc,stats    ]    Subphase: Concurrent References Enqueue                 0.000 / 0.000         0.003 / 0.004         0.003 / 0.004         0.003 / 0.004       ms
[2024-03-16T12:43:19.815+0800][gc,stats    ]    Subphase: Concurrent References Process                 0.000 / 0.000         0.144 / 0.170         0.144 / 0.170         0.144 / 0.170       ms
[2024-03-16T12:43:19.815+0800][gc,stats    ]    Subphase: Concurrent Roots ClassLoaderDataGraph         0.000 / 0.000         0.130 / 0.416         0.130 / 0.416         0.130 / 0.416       ms
[2024-03-16T12:43:19.815+0800][gc,stats    ]    Subphase: Concurrent Roots CodeCache                    0.000 / 0.000         0.000 / 0.000         0.000 / 0.000         0.000 / 0.000       ms
[2024-03-16T12:43:19.815+0800][gc,stats    ]    Subphase: Concurrent Roots JavaThreads                  0.000 / 0.000         1.138 / 2.107         1.138 / 2.107         1.138 / 2.107       ms
[2024-03-16T12:43:19.815+0800][gc,stats    ]    Subphase: Concurrent Roots OopStorageSet                0.000 / 0.000         0.159 / 0.239         0.159 / 0.239         0.159 / 0.239       ms
[2024-03-16T12:43:19.815+0800][gc,stats    ]    Subphase: Concurrent Weak Roots OopStorageSet           0.000 / 0.000         0.515 / 0.802         0.515 / 0.802         0.515 / 0.802       ms
[2024-03-16T12:43:19.815+0800][gc,stats    ]    Subphase: Pause Mark Try Complete                       0.000 / 0.000         0.000 / 0.000         0.000 / 0.000         0.000 / 0.000       ms
[2024-03-16T12:43:19.815+0800][gc,stats    ]      System: Java Threads                                      0 / 0                35 / 50               35 / 50               35 / 50          threads
[2024-03-16T12:43:19.815+0800][gc,stats    ] =========================================================================================================================================================
[2024-03-16T12:43:29.815+0800][gc,stats    ] === Garbage Collection Statistics =======================================================================================================================
[2024-03-16T12:43:29.815+0800][gc,stats    ]                                                              Last 10s              Last 10m              Last 10h                Total
[2024-03-16T12:43:29.815+0800][gc,stats    ]                                                              Avg / Max             Avg / Max             Avg / Max             Avg / Max
[2024-03-16T12:43:29.815+0800][gc,stats    ]   Collector: Garbage Collection Cycle                      0.000 / 0.000        48.519 / 54.067       48.519 / 54.067       48.519 / 54.067      ms
[2024-03-16T12:43:29.815+0800][gc,stats    ]  Contention: Mark Segment Reset Contention                     0 / 0                 0 / 9                 0 / 9                 0 / 9           ops/s
[2024-03-16T12:43:29.815+0800][gc,stats    ]  Contention: Mark SeqNum Reset Contention                      0 / 0                 0 / 0                 0 / 0                 0 / 0           ops/s
[2024-03-16T12:43:29.815+0800][gc,stats    ]    Critical: Allocation Stall                                  0 / 0                 0 / 0                 0 / 0                 0 / 0           ops/s
[2024-03-16T12:43:29.815+0800][gc,stats    ]    Critical: Allocation Stall                              0.000 / 0.000         0.000 / 0.000         0.000 / 0.000         0.000 / 0.000       ms
[2024-03-16T12:43:29.815+0800][gc,stats    ]    Critical: GC Locker Stall                                   0 / 0                 0 / 0                 0 / 0                 0 / 0           ops/s
[2024-03-16T12:43:29.815+0800][gc,stats    ]    Critical: GC Locker Stall                               0.000 / 0.000         0.000 / 0.000         0.000 / 0.000         0.000 / 0.000       ms
[2024-03-16T12:43:29.815+0800][gc,stats    ]    Critical: Relocation Stall                                  0 / 0                 0 / 0                 0 / 0                 0 / 0           ops/s
[2024-03-16T12:43:29.815+0800][gc,stats    ]    Critical: Relocation Stall                              0.000 / 0.000         0.000 / 0.000         0.000 / 0.000         0.000 / 0.000       ms
[2024-03-16T12:43:29.815+0800][gc,stats    ]      Memory: Allocation Rate                                   0 / 2                 3 / 86                3 / 86                3 / 86          MB/s
[2024-03-16T12:43:29.815+0800][gc,stats    ]      Memory: Defragment                                        0 / 0                 0 / 0                 0 / 0                 0 / 0           ops/s
[2024-03-16T12:43:29.815+0800][gc,stats    ]      Memory: Out Of Memory                                     0 / 0                 0 / 0                 0 / 0                 0 / 0           ops/s
[2024-03-16T12:43:29.815+0800][gc,stats    ]      Memory: Page Cache Flush                                  0 / 0                 0 / 0                 0 / 0                 0 / 0           MB/s
[2024-03-16T12:43:29.815+0800][gc,stats    ]      Memory: Page Cache Hit L1                                 0 / 1                 0 / 30                0 / 30                0 / 30          ops/s
[2024-03-16T12:43:29.815+0800][gc,stats    ]      Memory: Page Cache Hit L2                                 0 / 0                 0 / 0                 0 / 0                 0 / 0           ops/s
[2024-03-16T12:43:29.815+0800][gc,stats    ]      Memory: Page Cache Hit L3                                 0 / 0                 0 / 43                0 / 43                0 / 43          ops/s
[2024-03-16T12:43:29.815+0800][gc,stats    ]      Memory: Page Cache Miss                                   0 / 0                 0 / 1                 0 / 1                 0 / 1           ops/s
[2024-03-16T12:43:29.815+0800][gc,stats    ]      Memory: Uncommit                                          0 / 0                 0 / 0                 0 / 0                 0 / 0           MB/s
[2024-03-16T12:43:29.815+0800][gc,stats    ]      Memory: Undo Object Allocation Failed                     0 / 0                 0 / 0                 0 / 0                 0 / 0           ops/s
[2024-03-16T12:43:29.815+0800][gc,stats    ]      Memory: Undo Object Allocation Succeeded                  0 / 0                 0 / 1                 0 / 1                 0 / 1           ops/s
[2024-03-16T12:43:29.815+0800][gc,stats    ]      Memory: Undo Page Allocation                              0 / 0                 0 / 0                 0 / 0                 0 / 0           ops/s
[2024-03-16T12:43:29.816+0800][gc,stats    ]       Phase: Concurrent Mark                               0.000 / 0.000        21.733 / 22.774       21.733 / 22.774       21.733 / 22.774      ms
[2024-03-16T12:43:29.816+0800][gc,stats    ]       Phase: Concurrent Mark Continue                      0.000 / 0.000         0.000 / 0.000         0.000 / 0.000         0.000 / 0.000       ms
[2024-03-16T12:43:29.816+0800][gc,stats    ]       Phase: Concurrent Mark Free                          0.000 / 0.000         0.001 / 0.001         0.001 / 0.001         0.001 / 0.001       ms
[2024-03-16T12:43:29.816+0800][gc,stats    ]       Phase: Concurrent Process Non-Strong References      0.000 / 0.000         2.228 / 2.595         2.228 / 2.595         2.228 / 2.595       ms
[2024-03-16T12:43:29.816+0800][gc,stats    ]       Phase: Concurrent Relocate                           0.000 / 0.000         3.290 / 4.378         3.290 / 4.378         3.290 / 4.378       ms
[2024-03-16T12:43:29.816+0800][gc,stats    ]       Phase: Concurrent Reset Relocation Set               0.000 / 0.000         0.004 / 0.007         0.004 / 0.007         0.004 / 0.007       ms
[2024-03-16T12:43:29.816+0800][gc,stats    ]       Phase: Concurrent Select Relocation Set              0.000 / 0.000         6.913 / 12.447        6.913 / 12.447        6.913 / 12.447      ms
[2024-03-16T12:43:29.816+0800][gc,stats    ]       Phase: Pause Mark End                                0.000 / 0.000         0.026 / 0.035         0.026 / 0.035         0.026 / 0.035       ms
[2024-03-16T12:43:29.816+0800][gc,stats    ]       Phase: Pause Mark Start                              0.000 / 0.000         0.245 / 0.482         0.245 / 0.482         0.245 / 0.482       ms
[2024-03-16T12:43:29.816+0800][gc,stats    ]       Phase: Pause Relocate Start                          0.000 / 0.000         0.011 / 0.013         0.011 / 0.013         0.011 / 0.013       ms
[2024-03-16T12:43:29.816+0800][gc,stats    ]    Subphase: Concurrent Classes Purge                      0.000 / 0.000         0.081 / 0.089         0.081 / 0.089         0.081 / 0.089       ms
[2024-03-16T12:43:29.816+0800][gc,stats    ]    Subphase: Concurrent Classes Unlink                     0.000 / 0.000         1.366 / 1.398         1.366 / 1.398         1.366 / 1.398       ms
[2024-03-16T12:43:29.816+0800][gc,stats    ]    Subphase: Concurrent Mark                               0.000 / 0.000        18.029 / 21.893       18.029 / 21.893       18.029 / 21.893      ms
[2024-03-16T12:43:29.816+0800][gc,stats    ]    Subphase: Concurrent Mark Try Flush                     0.000 / 0.000         0.083 / 0.231         0.083 / 0.231         0.083 / 0.231       ms
[2024-03-16T12:43:29.816+0800][gc,stats    ]    Subphase: Concurrent Mark Try Terminate                 0.000 / 0.000         5.323 / 11.636        5.323 / 11.636        5.323 / 11.636      ms
[2024-03-16T12:43:29.816+0800][gc,stats    ]    Subphase: Concurrent References Enqueue                 0.000 / 0.000         0.003 / 0.004         0.003 / 0.004         0.003 / 0.004       ms
[2024-03-16T12:43:29.816+0800][gc,stats    ]    Subphase: Concurrent References Process                 0.000 / 0.000         0.144 / 0.170         0.144 / 0.170         0.144 / 0.170       ms
[2024-03-16T12:43:29.816+0800][gc,stats    ]    Subphase: Concurrent Roots ClassLoaderDataGraph         0.000 / 0.000         0.130 / 0.416         0.130 / 0.416         0.130 / 0.416       ms
[2024-03-16T12:43:29.816+0800][gc,stats    ]    Subphase: Concurrent Roots CodeCache                    0.000 / 0.000         0.000 / 0.000         0.000 / 0.000         0.000 / 0.000       ms
[2024-03-16T12:43:29.816+0800][gc,stats    ]    Subphase: Concurrent Roots JavaThreads                  0.000 / 0.000         1.138 / 2.107         1.138 / 2.107         1.138 / 2.107       ms
[2024-03-16T12:43:29.816+0800][gc,stats    ]    Subphase: Concurrent Roots OopStorageSet                0.000 / 0.000         0.159 / 0.239         0.159 / 0.239         0.159 / 0.239       ms
[2024-03-16T12:43:29.816+0800][gc,stats    ]    Subphase: Concurrent Weak Roots OopStorageSet           0.000 / 0.000         0.515 / 0.802         0.515 / 0.802         0.515 / 0.802       ms
[2024-03-16T12:43:29.816+0800][gc,stats    ]    Subphase: Pause Mark Try Complete                       0.000 / 0.000         0.000 / 0.000         0.000 / 0.000         0.000 / 0.000       ms
[2024-03-16T12:43:29.816+0800][gc,stats    ]      System: Java Threads                                      0 / 0                35 / 50               35 / 50               35 / 50          threads
[2024-03-16T12:43:29.816+0800][gc,stats    ] =========================================================================================================================================================
[2024-03-16T12:43:39.815+0800][gc,stats    ] === Garbage Collection Statistics =======================================================================================================================
[2024-03-16T12:43:39.815+0800][gc,stats    ]                                                              Last 10s              Last 10m              Last 10h                Total
[2024-03-16T12:43:39.815+0800][gc,stats    ]                                                              Avg / Max             Avg / Max             Avg / Max             Avg / Max
[2024-03-16T12:43:39.815+0800][gc,stats    ]   Collector: Garbage Collection Cycle                      0.000 / 0.000        48.519 / 54.067       48.519 / 54.067       48.519 / 54.067      ms
[2024-03-16T12:43:39.815+0800][gc,stats    ]  Contention: Mark Segment Reset Contention                     0 / 0                 0 / 9                 0 / 9                 0 / 9           ops/s
[2024-03-16T12:43:39.815+0800][gc,stats    ]  Contention: Mark SeqNum Reset Contention                      0 / 0                 0 / 0                 0 / 0                 0 / 0           ops/s
[2024-03-16T12:43:39.815+0800][gc,stats    ]    Critical: Allocation Stall                                  0 / 0                 0 / 0                 0 / 0                 0 / 0           ops/s
[2024-03-16T12:43:39.815+0800][gc,stats    ]    Critical: Allocation Stall                              0.000 / 0.000         0.000 / 0.000         0.000 / 0.000         0.000 / 0.000       ms
[2024-03-16T12:43:39.815+0800][gc,stats    ]    Critical: GC Locker Stall                                   0 / 0                 0 / 0                 0 / 0                 0 / 0           ops/s
[2024-03-16T12:43:39.815+0800][gc,stats    ]    Critical: GC Locker Stall                               0.000 / 0.000         0.000 / 0.000         0.000 / 0.000         0.000 / 0.000       ms
[2024-03-16T12:43:39.815+0800][gc,stats    ]    Critical: Relocation Stall                                  0 / 0                 0 / 0                 0 / 0                 0 / 0           ops/s
[2024-03-16T12:43:39.815+0800][gc,stats    ]    Critical: Relocation Stall                              0.000 / 0.000         0.000 / 0.000         0.000 / 0.000         0.000 / 0.000       ms
[2024-03-16T12:43:39.815+0800][gc,stats    ]      Memory: Allocation Rate                                   0 / 2                 2 / 86                2 / 86                2 / 86          MB/s
[2024-03-16T12:43:39.815+0800][gc,stats    ]      Memory: Defragment                                        0 / 0                 0 / 0                 0 / 0                 0 / 0           ops/s
[2024-03-16T12:43:39.815+0800][gc,stats    ]      Memory: Out Of Memory                                     0 / 0                 0 / 0                 0 / 0                 0 / 0           ops/s
[2024-03-16T12:43:39.815+0800][gc,stats    ]      Memory: Page Cache Flush                                  0 / 0                 0 / 0                 0 / 0                 0 / 0           MB/s
[2024-03-16T12:43:39.815+0800][gc,stats    ]      Memory: Page Cache Hit L1                                 0 / 1                 0 / 30                0 / 30                0 / 30          ops/s
[2024-03-16T12:43:39.815+0800][gc,stats    ]      Memory: Page Cache Hit L2                                 0 / 0                 0 / 0                 0 / 0                 0 / 0           ops/s
[2024-03-16T12:43:39.815+0800][gc,stats    ]      Memory: Page Cache Hit L3                                 0 / 0                 0 / 43                0 / 43                0 / 43          ops/s
[2024-03-16T12:43:39.815+0800][gc,stats    ]      Memory: Page Cache Miss                                   0 / 0                 0 / 1                 0 / 1                 0 / 1           ops/s
[2024-03-16T12:43:39.815+0800][gc,stats    ]      Memory: Uncommit                                          0 / 0                 0 / 0                 0 / 0                 0 / 0           MB/s
[2024-03-16T12:43:39.815+0800][gc,stats    ]      Memory: Undo Object Allocation Failed                     0 / 0                 0 / 0                 0 / 0                 0 / 0           ops/s
[2024-03-16T12:43:39.815+0800][gc,stats    ]      Memory: Undo Object Allocation Succeeded                  0 / 0                 0 / 1                 0 / 1                 0 / 1           ops/s
[2024-03-16T12:43:39.815+0800][gc,stats    ]      Memory: Undo Page Allocation                              0 / 0                 0 / 0                 0 / 0                 0 / 0           ops/s
[2024-03-16T12:43:39.815+0800][gc,stats    ]       Phase: Concurrent Mark                               0.000 / 0.000        21.733 / 22.774       21.733 / 22.774       21.733 / 22.774      ms
[2024-03-16T12:43:39.815+0800][gc,stats    ]       Phase: Concurrent Mark Continue                      0.000 / 0.000         0.000 / 0.000         0.000 / 0.000         0.000 / 0.000       ms
[2024-03-16T12:43:39.815+0800][gc,stats    ]       Phase: Concurrent Mark Free                          0.000 / 0.000         0.001 / 0.001         0.001 / 0.001         0.001 / 0.001       ms
[2024-03-16T12:43:39.815+0800][gc,stats    ]       Phase: Concurrent Process Non-Strong References      0.000 / 0.000         2.228 / 2.595         2.228 / 2.595         2.228 / 2.595       ms
[2024-03-16T12:43:39.815+0800][gc,stats    ]       Phase: Concurrent Relocate                           0.000 / 0.000         3.290 / 4.378         3.290 / 4.378         3.290 / 4.378       ms
[2024-03-16T12:43:39.815+0800][gc,stats    ]       Phase: Concurrent Reset Relocation Set               0.000 / 0.000         0.004 / 0.007         0.004 / 0.007         0.004 / 0.007       ms
[2024-03-16T12:43:39.815+0800][gc,stats    ]       Phase: Concurrent Select Relocation Set              0.000 / 0.000         6.913 / 12.447        6.913 / 12.447        6.913 / 12.447      ms
[2024-03-16T12:43:39.815+0800][gc,stats    ]       Phase: Pause Mark End                                0.000 / 0.000         0.026 / 0.035         0.026 / 0.035         0.026 / 0.035       ms
[2024-03-16T12:43:39.815+0800][gc,stats    ]       Phase: Pause Mark Start                              0.000 / 0.000         0.245 / 0.482         0.245 / 0.482         0.245 / 0.482       ms
[2024-03-16T12:43:39.815+0800][gc,stats    ]       Phase: Pause Relocate Start                          0.000 / 0.000         0.011 / 0.013         0.011 / 0.013         0.011 / 0.013       ms
[2024-03-16T12:43:39.815+0800][gc,stats    ]    Subphase: Concurrent Classes Purge                      0.000 / 0.000         0.081 / 0.089         0.081 / 0.089         0.081 / 0.089       ms
[2024-03-16T12:43:39.815+0800][gc,stats    ]    Subphase: Concurrent Classes Unlink                     0.000 / 0.000         1.366 / 1.398         1.366 / 1.398         1.366 / 1.398       ms
[2024-03-16T12:43:39.815+0800][gc,stats    ]    Subphase: Concurrent Mark                               0.000 / 0.000        18.029 / 21.893       18.029 / 21.893       18.029 / 21.893      ms
[2024-03-16T12:43:39.815+0800][gc,stats    ]    Subphase: Concurrent Mark Try Flush                     0.000 / 0.000         0.083 / 0.231         0.083 / 0.231         0.083 / 0.231       ms
[2024-03-16T12:43:39.815+0800][gc,stats    ]    Subphase: Concurrent Mark Try Terminate                 0.000 / 0.000         5.323 / 11.636        5.323 / 11.636        5.323 / 11.636      ms
[2024-03-16T12:43:39.815+0800][gc,stats    ]    Subphase: Concurrent References Enqueue                 0.000 / 0.000         0.003 / 0.004         0.003 / 0.004         0.003 / 0.004       ms
[2024-03-16T12:43:39.815+0800][gc,stats    ]    Subphase: Concurrent References Process                 0.000 / 0.000         0.144 / 0.170         0.144 / 0.170         0.144 / 0.170       ms
[2024-03-16T12:43:39.815+0800][gc,stats    ]    Subphase: Concurrent Roots ClassLoaderDataGraph         0.000 / 0.000         0.130 / 0.416         0.130 / 0.416         0.130 / 0.416       ms
[2024-03-16T12:43:39.815+0800][gc,stats    ]    Subphase: Concurrent Roots CodeCache                    0.000 / 0.000         0.000 / 0.000         0.000 / 0.000         0.000 / 0.000       ms
[2024-03-16T12:43:39.815+0800][gc,stats    ]    Subphase: Concurrent Roots JavaThreads                  0.000 / 0.000         1.138 / 2.107         1.138 / 2.107         1.138 / 2.107       ms
[2024-03-16T12:43:39.815+0800][gc,stats    ]    Subphase: Concurrent Roots OopStorageSet                0.000 / 0.000         0.159 / 0.239         0.159 / 0.239         0.159 / 0.239       ms
[2024-03-16T12:43:39.815+0800][gc,stats    ]    Subphase: Concurrent Weak Roots OopStorageSet           0.000 / 0.000         0.515 / 0.802         0.515 / 0.802         0.515 / 0.802       ms
[2024-03-16T12:43:39.815+0800][gc,stats    ]    Subphase: Pause Mark Try Complete                       0.000 / 0.000         0.000 / 0.000         0.000 / 0.000         0.000 / 0.000       ms
[2024-03-16T12:43:39.815+0800][gc,stats    ]      System: Java Threads                                      0 / 0                35 / 50               35 / 50               35 / 50          threads
[2024-03-16T12:43:39.815+0800][gc,stats    ] =========================================================================================================================================================
[2024-03-16T12:43:49.815+0800][gc,stats    ] === Garbage Collection Statistics =======================================================================================================================
[2024-03-16T12:43:49.815+0800][gc,stats    ]                                                              Last 10s              Last 10m              Last 10h                Total
[2024-03-16T12:43:49.815+0800][gc,stats    ]                                                              Avg / Max             Avg / Max             Avg / Max             Avg / Max
[2024-03-16T12:43:49.815+0800][gc,stats    ]   Collector: Garbage Collection Cycle                      0.000 / 0.000        48.519 / 54.067       48.519 / 54.067       48.519 / 54.067      ms
[2024-03-16T12:43:49.815+0800][gc,stats    ]  Contention: Mark Segment Reset Contention                     0 / 0                 0 / 9                 0 / 9                 0 / 9           ops/s
[2024-03-16T12:43:49.815+0800][gc,stats    ]  Contention: Mark SeqNum Reset Contention                      0 / 0                 0 / 0                 0 / 0                 0 / 0           ops/s
[2024-03-16T12:43:49.815+0800][gc,stats    ]    Critical: Allocation Stall                                  0 / 0                 0 / 0                 0 / 0                 0 / 0           ops/s
[2024-03-16T12:43:49.815+0800][gc,stats    ]    Critical: Allocation Stall                              0.000 / 0.000         0.000 / 0.000         0.000 / 0.000         0.000 / 0.000       ms
[2024-03-16T12:43:49.815+0800][gc,stats    ]    Critical: GC Locker Stall                                   0 / 0                 0 / 0                 0 / 0                 0 / 0           ops/s
[2024-03-16T12:43:49.815+0800][gc,stats    ]    Critical: GC Locker Stall                               0.000 / 0.000         0.000 / 0.000         0.000 / 0.000         0.000 / 0.000       ms
[2024-03-16T12:43:49.815+0800][gc,stats    ]    Critical: Relocation Stall                                  0 / 0                 0 / 0                 0 / 0                 0 / 0           ops/s
[2024-03-16T12:43:49.815+0800][gc,stats    ]    Critical: Relocation Stall                              0.000 / 0.000         0.000 / 0.000         0.000 / 0.000         0.000 / 0.000       ms
[2024-03-16T12:43:49.815+0800][gc,stats    ]      Memory: Allocation Rate                                   0 / 2                 2 / 86                2 / 86                2 / 86          MB/s
[2024-03-16T12:43:49.815+0800][gc,stats    ]      Memory: Defragment                                        0 / 0                 0 / 0                 0 / 0                 0 / 0           ops/s
[2024-03-16T12:43:49.815+0800][gc,stats    ]      Memory: Out Of Memory                                     0 / 0                 0 / 0                 0 / 0                 0 / 0           ops/s
[2024-03-16T12:43:49.815+0800][gc,stats    ]      Memory: Page Cache Flush                                  0 / 0                 0 / 0                 0 / 0                 0 / 0           MB/s
[2024-03-16T12:43:49.815+0800][gc,stats    ]      Memory: Page Cache Hit L1                                 0 / 1                 0 / 30                0 / 30                0 / 30          ops/s
[2024-03-16T12:43:49.815+0800][gc,stats    ]      Memory: Page Cache Hit L2                                 0 / 0                 0 / 0                 0 / 0                 0 / 0           ops/s
[2024-03-16T12:43:49.815+0800][gc,stats    ]      Memory: Page Cache Hit L3                                 0 / 0                 0 / 43                0 / 43                0 / 43          ops/s
[2024-03-16T12:43:49.815+0800][gc,stats    ]      Memory: Page Cache Miss                                   0 / 0                 0 / 1                 0 / 1                 0 / 1           ops/s
[2024-03-16T12:43:49.815+0800][gc,stats    ]      Memory: Uncommit                                          0 / 0                 0 / 0                 0 / 0                 0 / 0           MB/s
[2024-03-16T12:43:49.815+0800][gc,stats    ]      Memory: Undo Object Allocation Failed                     0 / 0                 0 / 0                 0 / 0                 0 / 0           ops/s
[2024-03-16T12:43:49.815+0800][gc,stats    ]      Memory: Undo Object Allocation Succeeded                  0 / 0                 0 / 1                 0 / 1                 0 / 1           ops/s
[2024-03-16T12:43:49.815+0800][gc,stats    ]      Memory: Undo Page Allocation                              0 / 0                 0 / 0                 0 / 0                 0 / 0           ops/s
[2024-03-16T12:43:49.815+0800][gc,stats    ]       Phase: Concurrent Mark                               0.000 / 0.000        21.733 / 22.774       21.733 / 22.774       21.733 / 22.774      ms
[2024-03-16T12:43:49.815+0800][gc,stats    ]       Phase: Concurrent Mark Continue                      0.000 / 0.000         0.000 / 0.000         0.000 / 0.000         0.000 / 0.000       ms
[2024-03-16T12:43:49.815+0800][gc,stats    ]       Phase: Concurrent Mark Free                          0.000 / 0.000         0.001 / 0.001         0.001 / 0.001         0.001 / 0.001       ms
[2024-03-16T12:43:49.815+0800][gc,stats    ]       Phase: Concurrent Process Non-Strong References      0.000 / 0.000         2.228 / 2.595         2.228 / 2.595         2.228 / 2.595       ms
[2024-03-16T12:43:49.815+0800][gc,stats    ]       Phase: Concurrent Relocate                           0.000 / 0.000         3.290 / 4.378         3.290 / 4.378         3.290 / 4.378       ms
[2024-03-16T12:43:49.815+0800][gc,stats    ]       Phase: Concurrent Reset Relocation Set               0.000 / 0.000         0.004 / 0.007         0.004 / 0.007         0.004 / 0.007       ms
[2024-03-16T12:43:49.815+0800][gc,stats    ]       Phase: Concurrent Select Relocation Set              0.000 / 0.000         6.913 / 12.447        6.913 / 12.447        6.913 / 12.447      ms
[2024-03-16T12:43:49.815+0800][gc,stats    ]       Phase: Pause Mark End                                0.000 / 0.000         0.026 / 0.035         0.026 / 0.035         0.026 / 0.035       ms
[2024-03-16T12:43:49.815+0800][gc,stats    ]       Phase: Pause Mark Start                              0.000 / 0.000         0.245 / 0.482         0.245 / 0.482         0.245 / 0.482       ms
[2024-03-16T12:43:49.815+0800][gc,stats    ]       Phase: Pause Relocate Start                          0.000 / 0.000         0.011 / 0.013         0.011 / 0.013         0.011 / 0.013       ms
[2024-03-16T12:43:49.815+0800][gc,stats    ]    Subphase: Concurrent Classes Purge                      0.000 / 0.000         0.081 / 0.089         0.081 / 0.089         0.081 / 0.089       ms
[2024-03-16T12:43:49.815+0800][gc,stats    ]    Subphase: Concurrent Classes Unlink                     0.000 / 0.000         1.366 / 1.398         1.366 / 1.398         1.366 / 1.398       ms
[2024-03-16T12:43:49.815+0800][gc,stats    ]    Subphase: Concurrent Mark                               0.000 / 0.000        18.029 / 21.893       18.029 / 21.893       18.029 / 21.893      ms
[2024-03-16T12:43:49.815+0800][gc,stats    ]    Subphase: Concurrent Mark Try Flush                     0.000 / 0.000         0.083 / 0.231         0.083 / 0.231         0.083 / 0.231       ms
[2024-03-16T12:43:49.815+0800][gc,stats    ]    Subphase: Concurrent Mark Try Terminate                 0.000 / 0.000         5.323 / 11.636        5.323 / 11.636        5.323 / 11.636      ms
[2024-03-16T12:43:49.815+0800][gc,stats    ]    Subphase: Concurrent References Enqueue                 0.000 / 0.000         0.003 / 0.004         0.003 / 0.004         0.003 / 0.004       ms
[2024-03-16T12:43:49.815+0800][gc,stats    ]    Subphase: Concurrent References Process                 0.000 / 0.000         0.144 / 0.170         0.144 / 0.170         0.144 / 0.170       ms
[2024-03-16T12:43:49.815+0800][gc,stats    ]    Subphase: Concurrent Roots ClassLoaderDataGraph         0.000 / 0.000         0.130 / 0.416         0.130 / 0.416         0.130 / 0.416       ms
[2024-03-16T12:43:49.815+0800][gc,stats    ]    Subphase: Concurrent Roots CodeCache                    0.000 / 0.000         0.000 / 0.000         0.000 / 0.000         0.000 / 0.000       ms
[2024-03-16T12:43:49.815+0800][gc,stats    ]    Subphase: Concurrent Roots JavaThreads                  0.000 / 0.000         1.138 / 2.107         1.138 / 2.107         1.138 / 2.107       ms
[2024-03-16T12:43:49.815+0800][gc,stats    ]    Subphase: Concurrent Roots OopStorageSet                0.000 / 0.000         0.159 / 0.239         0.159 / 0.239         0.159 / 0.239       ms
[2024-03-16T12:43:49.815+0800][gc,stats    ]    Subphase: Concurrent Weak Roots OopStorageSet           0.000 / 0.000         0.515 / 0.802         0.515 / 0.802         0.515 / 0.802       ms
[2024-03-16T12:43:49.815+0800][gc,stats    ]    Subphase: Pause Mark Try Complete                       0.000 / 0.000         0.000 / 0.000         0.000 / 0.000         0.000 / 0.000       ms
[2024-03-16T12:43:49.815+0800][gc,stats    ]      System: Java Threads                                      0 / 0                35 / 50               35 / 50               35 / 50          threads
[2024-03-16T12:43:49.815+0800][gc,stats    ] =========================================================================================================================================================
[2024-03-16T12:43:59.815+0800][gc,stats    ] === Garbage Collection Statistics =======================================================================================================================
[2024-03-16T12:43:59.815+0800][gc,stats    ]                                                              Last 10s              Last 10m              Last 10h                Total
[2024-03-16T12:43:59.815+0800][gc,stats    ]                                                              Avg / Max             Avg / Max             Avg / Max             Avg / Max
[2024-03-16T12:43:59.815+0800][gc,stats    ]   Collector: Garbage Collection Cycle                      0.000 / 0.000        48.519 / 54.067       48.519 / 54.067       48.519 / 54.067      ms
[2024-03-16T12:43:59.815+0800][gc,stats    ]  Contention: Mark Segment Reset Contention                     0 / 0                 0 / 9                 0 / 9                 0 / 9           ops/s
[2024-03-16T12:43:59.815+0800][gc,stats    ]  Contention: Mark SeqNum Reset Contention                      0 / 0                 0 / 0                 0 / 0                 0 / 0           ops/s
[2024-03-16T12:43:59.815+0800][gc,stats    ]    Critical: Allocation Stall                                  0 / 0                 0 / 0                 0 / 0                 0 / 0           ops/s
[2024-03-16T12:43:59.815+0800][gc,stats    ]    Critical: Allocation Stall                              0.000 / 0.000         0.000 / 0.000         0.000 / 0.000         0.000 / 0.000       ms
[2024-03-16T12:43:59.815+0800][gc,stats    ]    Critical: GC Locker Stall                                   0 / 0                 0 / 0                 0 / 0                 0 / 0           ops/s
[2024-03-16T12:43:59.815+0800][gc,stats    ]    Critical: GC Locker Stall                               0.000 / 0.000         0.000 / 0.000         0.000 / 0.000         0.000 / 0.000       ms
[2024-03-16T12:43:59.815+0800][gc,stats    ]    Critical: Relocation Stall                                  0 / 0                 0 / 0                 0 / 0                 0 / 0           ops/s
[2024-03-16T12:43:59.815+0800][gc,stats    ]    Critical: Relocation Stall                              0.000 / 0.000         0.000 / 0.000         0.000 / 0.000         0.000 / 0.000       ms
[2024-03-16T12:43:59.815+0800][gc,stats    ]      Memory: Allocation Rate                                   0 / 0                 2 / 86                2 / 86                2 / 86          MB/s
[2024-03-16T12:43:59.815+0800][gc,stats    ]      Memory: Defragment                                        0 / 0                 0 / 0                 0 / 0                 0 / 0           ops/s
[2024-03-16T12:43:59.815+0800][gc,stats    ]      Memory: Out Of Memory                                     0 / 0                 0 / 0                 0 / 0                 0 / 0           ops/s
[2024-03-16T12:43:59.815+0800][gc,stats    ]      Memory: Page Cache Flush                                  0 / 0                 0 / 0                 0 / 0                 0 / 0           MB/s
[2024-03-16T12:43:59.815+0800][gc,stats    ]      Memory: Page Cache Hit L1                                 0 / 0                 0 / 30                0 / 30                0 / 30          ops/s
[2024-03-16T12:43:59.815+0800][gc,stats    ]      Memory: Page Cache Hit L2                                 0 / 0                 0 / 0                 0 / 0                 0 / 0           ops/s
[2024-03-16T12:43:59.815+0800][gc,stats    ]      Memory: Page Cache Hit L3                                 0 / 0                 0 / 43                0 / 43                0 / 43          ops/s
[2024-03-16T12:43:59.815+0800][gc,stats    ]      Memory: Page Cache Miss                                   0 / 0                 0 / 1                 0 / 1                 0 / 1           ops/s
[2024-03-16T12:43:59.815+0800][gc,stats    ]      Memory: Uncommit                                          0 / 0                 0 / 0                 0 / 0                 0 / 0           MB/s
[2024-03-16T12:43:59.815+0800][gc,stats    ]      Memory: Undo Object Allocation Failed                     0 / 0                 0 / 0                 0 / 0                 0 / 0           ops/s
[2024-03-16T12:43:59.815+0800][gc,stats    ]      Memory: Undo Object Allocation Succeeded                  0 / 0                 0 / 1                 0 / 1                 0 / 1           ops/s
[2024-03-16T12:43:59.815+0800][gc,stats    ]      Memory: Undo Page Allocation                              0 / 0                 0 / 0                 0 / 0                 0 / 0           ops/s
[2024-03-16T12:43:59.815+0800][gc,stats    ]       Phase: Concurrent Mark                               0.000 / 0.000        21.733 / 22.774       21.733 / 22.774       21.733 / 22.774      ms
[2024-03-16T12:43:59.815+0800][gc,stats    ]       Phase: Concurrent Mark Continue                      0.000 / 0.000         0.000 / 0.000         0.000 / 0.000         0.000 / 0.000       ms
[2024-03-16T12:43:59.815+0800][gc,stats    ]       Phase: Concurrent Mark Free                          0.000 / 0.000         0.001 / 0.001         0.001 / 0.001         0.001 / 0.001       ms
[2024-03-16T12:43:59.815+0800][gc,stats    ]       Phase: Concurrent Process Non-Strong References      0.000 / 0.000         2.228 / 2.595         2.228 / 2.595         2.228 / 2.595       ms
[2024-03-16T12:43:59.815+0800][gc,stats    ]       Phase: Concurrent Relocate                           0.000 / 0.000         3.290 / 4.378         3.290 / 4.378         3.290 / 4.378       ms
[2024-03-16T12:43:59.815+0800][gc,stats    ]       Phase: Concurrent Reset Relocation Set               0.000 / 0.000         0.004 / 0.007         0.004 / 0.007         0.004 / 0.007       ms
[2024-03-16T12:43:59.815+0800][gc,stats    ]       Phase: Concurrent Select Relocation Set              0.000 / 0.000         6.913 / 12.447        6.913 / 12.447        6.913 / 12.447      ms
[2024-03-16T12:43:59.815+0800][gc,stats    ]       Phase: Pause Mark End                                0.000 / 0.000         0.026 / 0.035         0.026 / 0.035         0.026 / 0.035       ms
[2024-03-16T12:43:59.815+0800][gc,stats    ]       Phase: Pause Mark Start                              0.000 / 0.000         0.245 / 0.482         0.245 / 0.482         0.245 / 0.482       ms
[2024-03-16T12:43:59.815+0800][gc,stats    ]       Phase: Pause Relocate Start                          0.000 / 0.000         0.011 / 0.013         0.011 / 0.013         0.011 / 0.013       ms
[2024-03-16T12:43:59.815+0800][gc,stats    ]    Subphase: Concurrent Classes Purge                      0.000 / 0.000         0.081 / 0.089         0.081 / 0.089         0.081 / 0.089       ms
[2024-03-16T12:43:59.815+0800][gc,stats    ]    Subphase: Concurrent Classes Unlink                     0.000 / 0.000         1.366 / 1.398         1.366 / 1.398         1.366 / 1.398       ms
[2024-03-16T12:43:59.815+0800][gc,stats    ]    Subphase: Concurrent Mark                               0.000 / 0.000        18.029 / 21.893       18.029 / 21.893       18.029 / 21.893      ms
[2024-03-16T12:43:59.815+0800][gc,stats    ]    Subphase: Concurrent Mark Try Flush                     0.000 / 0.000         0.083 / 0.231         0.083 / 0.231         0.083 / 0.231       ms
[2024-03-16T12:43:59.815+0800][gc,stats    ]    Subphase: Concurrent Mark Try Terminate                 0.000 / 0.000         5.323 / 11.636        5.323 / 11.636        5.323 / 11.636      ms
[2024-03-16T12:43:59.815+0800][gc,stats    ]    Subphase: Concurrent References Enqueue                 0.000 / 0.000         0.003 / 0.004         0.003 / 0.004         0.003 / 0.004       ms
[2024-03-16T12:43:59.815+0800][gc,stats    ]    Subphase: Concurrent References Process                 0.000 / 0.000         0.144 / 0.170         0.144 / 0.170         0.144 / 0.170       ms
[2024-03-16T12:43:59.815+0800][gc,stats    ]    Subphase: Concurrent Roots ClassLoaderDataGraph         0.000 / 0.000         0.130 / 0.416         0.130 / 0.416         0.130 / 0.416       ms
[2024-03-16T12:43:59.815+0800][gc,stats    ]    Subphase: Concurrent Roots CodeCache                    0.000 / 0.000         0.000 / 0.000         0.000 / 0.000         0.000 / 0.000       ms
[2024-03-16T12:43:59.815+0800][gc,stats    ]    Subphase: Concurrent Roots JavaThreads                  0.000 / 0.000         1.138 / 2.107         1.138 / 2.107         1.138 / 2.107       ms
[2024-03-16T12:43:59.815+0800][gc,stats    ]    Subphase: Concurrent Roots OopStorageSet                0.000 / 0.000         0.159 / 0.239         0.159 / 0.239         0.159 / 0.239       ms
[2024-03-16T12:43:59.815+0800][gc,stats    ]    Subphase: Concurrent Weak Roots OopStorageSet           0.000 / 0.000         0.515 / 0.802         0.515 / 0.802         0.515 / 0.802       ms
[2024-03-16T12:43:59.815+0800][gc,stats    ]    Subphase: Pause Mark Try Complete                       0.000 / 0.000         0.000 / 0.000         0.000 / 0.000         0.000 / 0.000       ms
[2024-03-16T12:43:59.815+0800][gc,stats    ]      System: Java Threads                                      0 / 0                35 / 50               35 / 50               35 / 50          threads
[2024-03-16T12:43:59.815+0800][gc,stats    ] =========================================================================================================================================================
[2024-03-16T12:44:09.815+0800][gc,stats    ] === Garbage Collection Statistics =======================================================================================================================
[2024-03-16T12:44:09.815+0800][gc,stats    ]                                                              Last 10s              Last 10m              Last 10h                Total
[2024-03-16T12:44:09.815+0800][gc,stats    ]                                                              Avg / Max             Avg / Max             Avg / Max             Avg / Max
[2024-03-16T12:44:09.815+0800][gc,stats    ]   Collector: Garbage Collection Cycle                      0.000 / 0.000        48.519 / 54.067       48.519 / 54.067       48.519 / 54.067      ms
[2024-03-16T12:44:09.815+0800][gc,stats    ]  Contention: Mark Segment Reset Contention                     0 / 0                 0 / 9                 0 / 9                 0 / 9           ops/s
[2024-03-16T12:44:09.815+0800][gc,stats    ]  Contention: Mark SeqNum Reset Contention                      0 / 0                 0 / 0                 0 / 0                 0 / 0           ops/s
[2024-03-16T12:44:09.815+0800][gc,stats    ]    Critical: Allocation Stall                                  0 / 0                 0 / 0                 0 / 0                 0 / 0           ops/s
[2024-03-16T12:44:09.815+0800][gc,stats    ]    Critical: Allocation Stall                              0.000 / 0.000         0.000 / 0.000         0.000 / 0.000         0.000 / 0.000       ms
[2024-03-16T12:44:09.815+0800][gc,stats    ]    Critical: GC Locker Stall                                   0 / 0                 0 / 0                 0 / 0                 0 / 0           ops/s
[2024-03-16T12:44:09.815+0800][gc,stats    ]    Critical: GC Locker Stall                               0.000 / 0.000         0.000 / 0.000         0.000 / 0.000         0.000 / 0.000       ms
[2024-03-16T12:44:09.815+0800][gc,stats    ]    Critical: Relocation Stall                                  0 / 0                 0 / 0                 0 / 0                 0 / 0           ops/s
[2024-03-16T12:44:09.815+0800][gc,stats    ]    Critical: Relocation Stall                              0.000 / 0.000         0.000 / 0.000         0.000 / 0.000         0.000 / 0.000       ms
[2024-03-16T12:44:09.815+0800][gc,stats    ]      Memory: Allocation Rate                                   0 / 2                 2 / 86                2 / 86                2 / 86          MB/s
[2024-03-16T12:44:09.815+0800][gc,stats    ]      Memory: Defragment                                        0 / 0                 0 / 0                 0 / 0                 0 / 0           ops/s
[2024-03-16T12:44:09.815+0800][gc,stats    ]      Memory: Out Of Memory                                     0 / 0                 0 / 0                 0 / 0                 0 / 0           ops/s
[2024-03-16T12:44:09.815+0800][gc,stats    ]      Memory: Page Cache Flush                                  0 / 0                 0 / 0                 0 / 0                 0 / 0           MB/s
[2024-03-16T12:44:09.815+0800][gc,stats    ]      Memory: Page Cache Hit L1                                 0 / 1                 0 / 30                0 / 30                0 / 30          ops/s
[2024-03-16T12:44:09.815+0800][gc,stats    ]      Memory: Page Cache Hit L2                                 0 / 0                 0 / 0                 0 / 0                 0 / 0           ops/s
[2024-03-16T12:44:09.815+0800][gc,stats    ]      Memory: Page Cache Hit L3                                 0 / 0                 0 / 43                0 / 43                0 / 43          ops/s
[2024-03-16T12:44:09.815+0800][gc,stats    ]      Memory: Page Cache Miss                                   0 / 0                 0 / 1                 0 / 1                 0 / 1           ops/s
[2024-03-16T12:44:09.815+0800][gc,stats    ]      Memory: Uncommit                                          0 / 0                 0 / 0                 0 / 0                 0 / 0           MB/s
[2024-03-16T12:44:09.815+0800][gc,stats    ]      Memory: Undo Object Allocation Failed                     0 / 0                 0 / 0                 0 / 0                 0 / 0           ops/s
[2024-03-16T12:44:09.815+0800][gc,stats    ]      Memory: Undo Object Allocation Succeeded                  0 / 0                 0 / 1                 0 / 1                 0 / 1           ops/s
[2024-03-16T12:44:09.815+0800][gc,stats    ]      Memory: Undo Page Allocation                              0 / 0                 0 / 0                 0 / 0                 0 / 0           ops/s
[2024-03-16T12:44:09.815+0800][gc,stats    ]       Phase: Concurrent Mark                               0.000 / 0.000        21.733 / 22.774       21.733 / 22.774       21.733 / 22.774      ms
[2024-03-16T12:44:09.815+0800][gc,stats    ]       Phase: Concurrent Mark Continue                      0.000 / 0.000         0.000 / 0.000         0.000 / 0.000         0.000 / 0.000       ms
[2024-03-16T12:44:09.815+0800][gc,stats    ]       Phase: Concurrent Mark Free                          0.000 / 0.000         0.001 / 0.001         0.001 / 0.001         0.001 / 0.001       ms
[2024-03-16T12:44:09.815+0800][gc,stats    ]       Phase: Concurrent Process Non-Strong References      0.000 / 0.000         2.228 / 2.595         2.228 / 2.595         2.228 / 2.595       ms
[2024-03-16T12:44:09.815+0800][gc,stats    ]       Phase: Concurrent Relocate                           0.000 / 0.000         3.290 / 4.378         3.290 / 4.378         3.290 / 4.378       ms
[2024-03-16T12:44:09.815+0800][gc,stats    ]       Phase: Concurrent Reset Relocation Set               0.000 / 0.000         0.004 / 0.007         0.004 / 0.007         0.004 / 0.007       ms
[2024-03-16T12:44:09.815+0800][gc,stats    ]       Phase: Concurrent Select Relocation Set              0.000 / 0.000         6.913 / 12.447        6.913 / 12.447        6.913 / 12.447      ms
[2024-03-16T12:44:09.815+0800][gc,stats    ]       Phase: Pause Mark End                                0.000 / 0.000         0.026 / 0.035         0.026 / 0.035         0.026 / 0.035       ms
[2024-03-16T12:44:09.815+0800][gc,stats    ]       Phase: Pause Mark Start                              0.000 / 0.000         0.245 / 0.482         0.245 / 0.482         0.245 / 0.482       ms
[2024-03-16T12:44:09.815+0800][gc,stats    ]       Phase: Pause Relocate Start                          0.000 / 0.000         0.011 / 0.013         0.011 / 0.013         0.011 / 0.013       ms
[2024-03-16T12:44:09.815+0800][gc,stats    ]    Subphase: Concurrent Classes Purge                      0.000 / 0.000         0.081 / 0.089         0.081 / 0.089         0.081 / 0.089       ms
[2024-03-16T12:44:09.815+0800][gc,stats    ]    Subphase: Concurrent Classes Unlink                     0.000 / 0.000         1.366 / 1.398         1.366 / 1.398         1.366 / 1.398       ms
[2024-03-16T12:44:09.815+0800][gc,stats    ]    Subphase: Concurrent Mark                               0.000 / 0.000        18.029 / 21.893       18.029 / 21.893       18.029 / 21.893      ms
[2024-03-16T12:44:09.815+0800][gc,stats    ]    Subphase: Concurrent Mark Try Flush                     0.000 / 0.000         0.083 / 0.231         0.083 / 0.231         0.083 / 0.231       ms
[2024-03-16T12:44:09.815+0800][gc,stats    ]    Subphase: Concurrent Mark Try Terminate                 0.000 / 0.000         5.323 / 11.636        5.323 / 11.636        5.323 / 11.636      ms
[2024-03-16T12:44:09.815+0800][gc,stats    ]    Subphase: Concurrent References Enqueue                 0.000 / 0.000         0.003 / 0.004         0.003 / 0.004         0.003 / 0.004       ms
[2024-03-16T12:44:09.815+0800][gc,stats    ]    Subphase: Concurrent References Process                 0.000 / 0.000         0.144 / 0.170         0.144 / 0.170         0.144 / 0.170       ms
[2024-03-16T12:44:09.815+0800][gc,stats    ]    Subphase: Concurrent Roots ClassLoaderDataGraph         0.000 / 0.000         0.130 / 0.416         0.130 / 0.416         0.130 / 0.416       ms
[2024-03-16T12:44:09.815+0800][gc,stats    ]    Subphase: Concurrent Roots CodeCache                    0.000 / 0.000         0.000 / 0.000         0.000 / 0.000         0.000 / 0.000       ms
[2024-03-16T12:44:09.815+0800][gc,stats    ]    Subphase: Concurrent Roots JavaThreads                  0.000 / 0.000         1.138 / 2.107         1.138 / 2.107         1.138 / 2.107       ms
[2024-03-16T12:44:09.815+0800][gc,stats    ]    Subphase: Concurrent Roots OopStorageSet                0.000 / 0.000         0.159 / 0.239         0.159 / 0.239         0.159 / 0.239       ms
[2024-03-16T12:44:09.815+0800][gc,stats    ]    Subphase: Concurrent Weak Roots OopStorageSet           0.000 / 0.000         0.515 / 0.802         0.515 / 0.802         0.515 / 0.802       ms
[2024-03-16T12:44:09.815+0800][gc,stats    ]    Subphase: Pause Mark Try Complete                       0.000 / 0.000         0.000 / 0.000         0.000 / 0.000         0.000 / 0.000       ms
[2024-03-16T12:44:09.815+0800][gc,stats    ]      System: Java Threads                                      0 / 0                35 / 50               35 / 50               35 / 50          threads
[2024-03-16T12:44:09.815+0800][gc,stats    ] =========================================================================================================================================================
[2024-03-16T12:44:19.828+0800][gc,stats    ] === Garbage Collection Statistics =======================================================================================================================
[2024-03-16T12:44:19.828+0800][gc,stats    ]                                                              Last 10s              Last 10m              Last 10h                Total
[2024-03-16T12:44:19.828+0800][gc,stats    ]                                                              Avg / Max             Avg / Max             Avg / Max             Avg / Max
[2024-03-16T12:44:19.828+0800][gc,stats    ]   Collector: Garbage Collection Cycle                      0.000 / 0.000        48.519 / 54.067       48.519 / 54.067       48.519 / 54.067      ms
[2024-03-16T12:44:19.828+0800][gc,stats    ]  Contention: Mark Segment Reset Contention                     0 / 0                 0 / 9                 0 / 9                 0 / 9           ops/s
[2024-03-16T12:44:19.828+0800][gc,stats    ]  Contention: Mark SeqNum Reset Contention                      0 / 0                 0 / 0                 0 / 0                 0 / 0           ops/s
[2024-03-16T12:44:19.828+0800][gc,stats    ]    Critical: Allocation Stall                                  0 / 0                 0 / 0                 0 / 0                 0 / 0           ops/s
[2024-03-16T12:44:19.828+0800][gc,stats    ]    Critical: Allocation Stall                              0.000 / 0.000         0.000 / 0.000         0.000 / 0.000         0.000 / 0.000       ms
[2024-03-16T12:44:19.828+0800][gc,stats    ]    Critical: GC Locker Stall                                   0 / 0                 0 / 0                 0 / 0                 0 / 0           ops/s
[2024-03-16T12:44:19.828+0800][gc,stats    ]    Critical: GC Locker Stall                               0.000 / 0.000         0.000 / 0.000         0.000 / 0.000         0.000 / 0.000       ms
[2024-03-16T12:44:19.828+0800][gc,stats    ]    Critical: Relocation Stall                                  0 / 0                 0 / 0                 0 / 0                 0 / 0           ops/s
[2024-03-16T12:44:19.828+0800][gc,stats    ]    Critical: Relocation Stall                              0.000 / 0.000         0.000 / 0.000         0.000 / 0.000         0.000 / 0.000       ms
[2024-03-16T12:44:19.828+0800][gc,stats    ]      Memory: Allocation Rate                                   0 / 2                 2 / 86                2 / 86                2 / 86          MB/s
[2024-03-16T12:44:19.828+0800][gc,stats    ]      Memory: Defragment                                        0 / 0                 0 / 0                 0 / 0                 0 / 0           ops/s
[2024-03-16T12:44:19.828+0800][gc,stats    ]      Memory: Out Of Memory                                     0 / 0                 0 / 0                 0 / 0                 0 / 0           ops/s
[2024-03-16T12:44:19.828+0800][gc,stats    ]      Memory: Page Cache Flush                                  0 / 0                 0 / 0                 0 / 0                 0 / 0           MB/s
[2024-03-16T12:44:19.828+0800][gc,stats    ]      Memory: Page Cache Hit L1                                 0 / 1                 0 / 30                0 / 30                0 / 30          ops/s
[2024-03-16T12:44:19.828+0800][gc,stats    ]      Memory: Page Cache Hit L2                                 0 / 0                 0 / 0                 0 / 0                 0 / 0           ops/s
[2024-03-16T12:44:19.828+0800][gc,stats    ]      Memory: Page Cache Hit L3                                 0 / 0                 0 / 43                0 / 43                0 / 43          ops/s
[2024-03-16T12:44:19.828+0800][gc,stats    ]      Memory: Page Cache Miss                                   0 / 0                 0 / 1                 0 / 1                 0 / 1           ops/s
[2024-03-16T12:44:19.828+0800][gc,stats    ]      Memory: Uncommit                                          0 / 0                 0 / 0                 0 / 0                 0 / 0           MB/s
[2024-03-16T12:44:19.828+0800][gc,stats    ]      Memory: Undo Object Allocation Failed                     0 / 0                 0 / 0                 0 / 0                 0 / 0           ops/s
[2024-03-16T12:44:19.828+0800][gc,stats    ]      Memory: Undo Object Allocation Succeeded                  0 / 0                 0 / 1                 0 / 1                 0 / 1           ops/s
[2024-03-16T12:44:19.828+0800][gc,stats    ]      Memory: Undo Page Allocation                              0 / 0                 0 / 0                 0 / 0                 0 / 0           ops/s
[2024-03-16T12:44:19.828+0800][gc,stats    ]       Phase: Concurrent Mark                               0.000 / 0.000        21.733 / 22.774       21.733 / 22.774       21.733 / 22.774      ms
[2024-03-16T12:44:19.828+0800][gc,stats    ]       Phase: Concurrent Mark Continue                      0.000 / 0.000         0.000 / 0.000         0.000 / 0.000         0.000 / 0.000       ms
[2024-03-16T12:44:19.828+0800][gc,stats    ]       Phase: Concurrent Mark Free                          0.000 / 0.000         0.001 / 0.001         0.001 / 0.001         0.001 / 0.001       ms
[2024-03-16T12:44:19.828+0800][gc,stats    ]       Phase: Concurrent Process Non-Strong References      0.000 / 0.000         2.228 / 2.595         2.228 / 2.595         2.228 / 2.595       ms
[2024-03-16T12:44:19.828+0800][gc,stats    ]       Phase: Concurrent Relocate                           0.000 / 0.000         3.290 / 4.378         3.290 / 4.378         3.290 / 4.378       ms
[2024-03-16T12:44:19.828+0800][gc,stats    ]       Phase: Concurrent Reset Relocation Set               0.000 / 0.000         0.004 / 0.007         0.004 / 0.007         0.004 / 0.007       ms
[2024-03-16T12:44:19.828+0800][gc,stats    ]       Phase: Concurrent Select Relocation Set              0.000 / 0.000         6.913 / 12.447        6.913 / 12.447        6.913 / 12.447      ms
[2024-03-16T12:44:19.828+0800][gc,stats    ]       Phase: Pause Mark End                                0.000 / 0.000         0.026 / 0.035         0.026 / 0.035         0.026 / 0.035       ms
[2024-03-16T12:44:19.828+0800][gc,stats    ]       Phase: Pause Mark Start                              0.000 / 0.000         0.245 / 0.482         0.245 / 0.482         0.245 / 0.482       ms
[2024-03-16T12:44:19.828+0800][gc,stats    ]       Phase: Pause Relocate Start                          0.000 / 0.000         0.011 / 0.013         0.011 / 0.013         0.011 / 0.013       ms
[2024-03-16T12:44:19.828+0800][gc,stats    ]    Subphase: Concurrent Classes Purge                      0.000 / 0.000         0.081 / 0.089         0.081 / 0.089         0.081 / 0.089       ms
[2024-03-16T12:44:19.828+0800][gc,stats    ]    Subphase: Concurrent Classes Unlink                     0.000 / 0.000         1.366 / 1.398         1.366 / 1.398         1.366 / 1.398       ms
[2024-03-16T12:44:19.828+0800][gc,stats    ]    Subphase: Concurrent Mark                               0.000 / 0.000        18.029 / 21.893       18.029 / 21.893       18.029 / 21.893      ms
[2024-03-16T12:44:19.828+0800][gc,stats    ]    Subphase: Concurrent Mark Try Flush                     0.000 / 0.000         0.083 / 0.231         0.083 / 0.231         0.083 / 0.231       ms
[2024-03-16T12:44:19.828+0800][gc,stats    ]    Subphase: Concurrent Mark Try Terminate                 0.000 / 0.000         5.323 / 11.636        5.323 / 11.636        5.323 / 11.636      ms
[2024-03-16T12:44:19.828+0800][gc,stats    ]    Subphase: Concurrent References Enqueue                 0.000 / 0.000         0.003 / 0.004         0.003 / 0.004         0.003 / 0.004       ms
[2024-03-16T12:44:19.828+0800][gc,stats    ]    Subphase: Concurrent References Process                 0.000 / 0.000         0.144 / 0.170         0.144 / 0.170         0.144 / 0.170       ms
[2024-03-16T12:44:19.828+0800][gc,stats    ]    Subphase: Concurrent Roots ClassLoaderDataGraph         0.000 / 0.000         0.130 / 0.416         0.130 / 0.416         0.130 / 0.416       ms
[2024-03-16T12:44:19.828+0800][gc,stats    ]    Subphase: Concurrent Roots CodeCache                    0.000 / 0.000         0.000 / 0.000         0.000 / 0.000         0.000 / 0.000       ms
[2024-03-16T12:44:19.828+0800][gc,stats    ]    Subphase: Concurrent Roots JavaThreads                  0.000 / 0.000         1.138 / 2.107         1.138 / 2.107         1.138 / 2.107       ms
[2024-03-16T12:44:19.828+0800][gc,stats    ]    Subphase: Concurrent Roots OopStorageSet                0.000 / 0.000         0.159 / 0.239         0.159 / 0.239         0.159 / 0.239       ms
[2024-03-16T12:44:19.828+0800][gc,stats    ]    Subphase: Concurrent Weak Roots OopStorageSet           0.000 / 0.000         0.515 / 0.802         0.515 / 0.802         0.515 / 0.802       ms
[2024-03-16T12:44:19.828+0800][gc,stats    ]    Subphase: Pause Mark Try Complete                       0.000 / 0.000         0.000 / 0.000         0.000 / 0.000         0.000 / 0.000       ms
[2024-03-16T12:44:19.828+0800][gc,stats    ]      System: Java Threads                                      0 / 0                35 / 50               35 / 50               35 / 50          threads
[2024-03-16T12:44:19.828+0800][gc,stats    ] =========================================================================================================================================================
[2024-03-16T12:44:29.821+0800][gc,stats    ] === Garbage Collection Statistics =======================================================================================================================
[2024-03-16T12:44:29.821+0800][gc,stats    ]                                                              Last 10s              Last 10m              Last 10h                Total
[2024-03-16T12:44:29.821+0800][gc,stats    ]                                                              Avg / Max             Avg / Max             Avg / Max             Avg / Max
[2024-03-16T12:44:29.821+0800][gc,stats    ]   Collector: Garbage Collection Cycle                      0.000 / 0.000        48.519 / 54.067       48.519 / 54.067       48.519 / 54.067      ms
[2024-03-16T12:44:29.821+0800][gc,stats    ]  Contention: Mark Segment Reset Contention                     0 / 0                 0 / 9                 0 / 9                 0 / 9           ops/s
[2024-03-16T12:44:29.821+0800][gc,stats    ]  Contention: Mark SeqNum Reset Contention                      0 / 0                 0 / 0                 0 / 0                 0 / 0           ops/s
[2024-03-16T12:44:29.821+0800][gc,stats    ]    Critical: Allocation Stall                                  0 / 0                 0 / 0                 0 / 0                 0 / 0           ops/s
[2024-03-16T12:44:29.821+0800][gc,stats    ]    Critical: Allocation Stall                              0.000 / 0.000         0.000 / 0.000         0.000 / 0.000         0.000 / 0.000       ms
[2024-03-16T12:44:29.821+0800][gc,stats    ]    Critical: GC Locker Stall                                   0 / 0                 0 / 0                 0 / 0                 0 / 0           ops/s
[2024-03-16T12:44:29.821+0800][gc,stats    ]    Critical: GC Locker Stall                               0.000 / 0.000         0.000 / 0.000         0.000 / 0.000         0.000 / 0.000       ms
[2024-03-16T12:44:29.821+0800][gc,stats    ]    Critical: Relocation Stall                                  0 / 0                 0 / 0                 0 / 0                 0 / 0           ops/s
[2024-03-16T12:44:29.821+0800][gc,stats    ]    Critical: Relocation Stall                              0.000 / 0.000         0.000 / 0.000         0.000 / 0.000         0.000 / 0.000       ms
[2024-03-16T12:44:29.821+0800][gc,stats    ]      Memory: Allocation Rate                                   0 / 0                 2 / 86                2 / 86                2 / 86          MB/s
[2024-03-16T12:44:29.821+0800][gc,stats    ]      Memory: Defragment                                        0 / 0                 0 / 0                 0 / 0                 0 / 0           ops/s
[2024-03-16T12:44:29.821+0800][gc,stats    ]      Memory: Out Of Memory                                     0 / 0                 0 / 0                 0 / 0                 0 / 0           ops/s
[2024-03-16T12:44:29.821+0800][gc,stats    ]      Memory: Page Cache Flush                                  0 / 0                 0 / 0                 0 / 0                 0 / 0           MB/s
[2024-03-16T12:44:29.821+0800][gc,stats    ]      Memory: Page Cache Hit L1                                 0 / 0                 0 / 30                0 / 30                0 / 30          ops/s
[2024-03-16T12:44:29.821+0800][gc,stats    ]      Memory: Page Cache Hit L2                                 0 / 0                 0 / 0                 0 / 0                 0 / 0           ops/s
[2024-03-16T12:44:29.821+0800][gc,stats    ]      Memory: Page Cache Hit L3                                 0 / 0                 0 / 43                0 / 43                0 / 43          ops/s
[2024-03-16T12:44:29.821+0800][gc,stats    ]      Memory: Page Cache Miss                                   0 / 0                 0 / 1                 0 / 1                 0 / 1           ops/s
[2024-03-16T12:44:29.821+0800][gc,stats    ]      Memory: Uncommit                                          0 / 0                 0 / 0                 0 / 0                 0 / 0           MB/s
[2024-03-16T12:44:29.821+0800][gc,stats    ]      Memory: Undo Object Allocation Failed                     0 / 0                 0 / 0                 0 / 0                 0 / 0           ops/s
[2024-03-16T12:44:29.821+0800][gc,stats    ]      Memory: Undo Object Allocation Succeeded                  0 / 0                 0 / 1                 0 / 1                 0 / 1           ops/s
[2024-03-16T12:44:29.821+0800][gc,stats    ]      Memory: Undo Page Allocation                              0 / 0                 0 / 0                 0 / 0                 0 / 0           ops/s
[2024-03-16T12:44:29.821+0800][gc,stats    ]       Phase: Concurrent Mark                               0.000 / 0.000        21.733 / 22.774       21.733 / 22.774       21.733 / 22.774      ms
[2024-03-16T12:44:29.821+0800][gc,stats    ]       Phase: Concurrent Mark Continue                      0.000 / 0.000         0.000 / 0.000         0.000 / 0.000         0.000 / 0.000       ms
[2024-03-16T12:44:29.821+0800][gc,stats    ]       Phase: Concurrent Mark Free                          0.000 / 0.000         0.001 / 0.001         0.001 / 0.001         0.001 / 0.001       ms
[2024-03-16T12:44:29.821+0800][gc,stats    ]       Phase: Concurrent Process Non-Strong References      0.000 / 0.000         2.228 / 2.595         2.228 / 2.595         2.228 / 2.595       ms
[2024-03-16T12:44:29.821+0800][gc,stats    ]       Phase: Concurrent Relocate                           0.000 / 0.000         3.290 / 4.378         3.290 / 4.378         3.290 / 4.378       ms
[2024-03-16T12:44:29.821+0800][gc,stats    ]       Phase: Concurrent Reset Relocation Set               0.000 / 0.000         0.004 / 0.007         0.004 / 0.007         0.004 / 0.007       ms
[2024-03-16T12:44:29.821+0800][gc,stats    ]       Phase: Concurrent Select Relocation Set              0.000 / 0.000         6.913 / 12.447        6.913 / 12.447        6.913 / 12.447      ms
[2024-03-16T12:44:29.821+0800][gc,stats    ]       Phase: Pause Mark End                                0.000 / 0.000         0.026 / 0.035         0.026 / 0.035         0.026 / 0.035       ms
[2024-03-16T12:44:29.821+0800][gc,stats    ]       Phase: Pause Mark Start                              0.000 / 0.000         0.245 / 0.482         0.245 / 0.482         0.245 / 0.482       ms
[2024-03-16T12:44:29.821+0800][gc,stats    ]       Phase: Pause Relocate Start                          0.000 / 0.000         0.011 / 0.013         0.011 / 0.013         0.011 / 0.013       ms
[2024-03-16T12:44:29.821+0800][gc,stats    ]    Subphase: Concurrent Classes Purge                      0.000 / 0.000         0.081 / 0.089         0.081 / 0.089         0.081 / 0.089       ms
[2024-03-16T12:44:29.821+0800][gc,stats    ]    Subphase: Concurrent Classes Unlink                     0.000 / 0.000         1.366 / 1.398         1.366 / 1.398         1.366 / 1.398       ms
[2024-03-16T12:44:29.821+0800][gc,stats    ]    Subphase: Concurrent Mark                               0.000 / 0.000        18.029 / 21.893       18.029 / 21.893       18.029 / 21.893      ms
[2024-03-16T12:44:29.821+0800][gc,stats    ]    Subphase: Concurrent Mark Try Flush                     0.000 / 0.000         0.083 / 0.231         0.083 / 0.231         0.083 / 0.231       ms
[2024-03-16T12:44:29.821+0800][gc,stats    ]    Subphase: Concurrent Mark Try Terminate                 0.000 / 0.000         5.323 / 11.636        5.323 / 11.636        5.323 / 11.636      ms
[2024-03-16T12:44:29.821+0800][gc,stats    ]    Subphase: Concurrent References Enqueue                 0.000 / 0.000         0.003 / 0.004         0.003 / 0.004         0.003 / 0.004       ms
[2024-03-16T12:44:29.821+0800][gc,stats    ]    Subphase: Concurrent References Process                 0.000 / 0.000         0.144 / 0.170         0.144 / 0.170         0.144 / 0.170       ms
[2024-03-16T12:44:29.821+0800][gc,stats    ]    Subphase: Concurrent Roots ClassLoaderDataGraph         0.000 / 0.000         0.130 / 0.416         0.130 / 0.416         0.130 / 0.416       ms
[2024-03-16T12:44:29.821+0800][gc,stats    ]    Subphase: Concurrent Roots CodeCache                    0.000 / 0.000         0.000 / 0.000         0.000 / 0.000         0.000 / 0.000       ms
[2024-03-16T12:44:29.821+0800][gc,stats    ]    Subphase: Concurrent Roots JavaThreads                  0.000 / 0.000         1.138 / 2.107         1.138 / 2.107         1.138 / 2.107       ms
[2024-03-16T12:44:29.821+0800][gc,stats    ]    Subphase: Concurrent Roots OopStorageSet                0.000 / 0.000         0.159 / 0.239         0.159 / 0.239         0.159 / 0.239       ms
[2024-03-16T12:44:29.821+0800][gc,stats    ]    Subphase: Concurrent Weak Roots OopStorageSet           0.000 / 0.000         0.515 / 0.802         0.515 / 0.802         0.515 / 0.802       ms
[2024-03-16T12:44:29.821+0800][gc,stats    ]    Subphase: Pause Mark Try Complete                       0.000 / 0.000         0.000 / 0.000         0.000 / 0.000         0.000 / 0.000       ms
[2024-03-16T12:44:29.821+0800][gc,stats    ]      System: Java Threads                                      0 / 0                35 / 50               35 / 50               35 / 50          threads
[2024-03-16T12:44:29.821+0800][gc,stats    ] =========================================================================================================================================================
[2024-03-16T12:44:39.826+0800][gc,stats    ] === Garbage Collection Statistics =======================================================================================================================
[2024-03-16T12:44:39.826+0800][gc,stats    ]                                                              Last 10s              Last 10m              Last 10h                Total
[2024-03-16T12:44:39.826+0800][gc,stats    ]                                                              Avg / Max             Avg / Max             Avg / Max             Avg / Max
[2024-03-16T12:44:39.826+0800][gc,stats    ]   Collector: Garbage Collection Cycle                      0.000 / 0.000        48.519 / 54.067       48.519 / 54.067       48.519 / 54.067      ms
[2024-03-16T12:44:39.826+0800][gc,stats    ]  Contention: Mark Segment Reset Contention                     0 / 0                 0 / 9                 0 / 9                 0 / 9           ops/s
[2024-03-16T12:44:39.826+0800][gc,stats    ]  Contention: Mark SeqNum Reset Contention                      0 / 0                 0 / 0                 0 / 0                 0 / 0           ops/s
[2024-03-16T12:44:39.826+0800][gc,stats    ]    Critical: Allocation Stall                                  0 / 0                 0 / 0                 0 / 0                 0 / 0           ops/s
[2024-03-16T12:44:39.826+0800][gc,stats    ]    Critical: Allocation Stall                              0.000 / 0.000         0.000 / 0.000         0.000 / 0.000         0.000 / 0.000       ms
[2024-03-16T12:44:39.826+0800][gc,stats    ]    Critical: GC Locker Stall                                   0 / 0                 0 / 0                 0 / 0                 0 / 0           ops/s
[2024-03-16T12:44:39.826+0800][gc,stats    ]    Critical: GC Locker Stall                               0.000 / 0.000         0.000 / 0.000         0.000 / 0.000         0.000 / 0.000       ms
[2024-03-16T12:44:39.826+0800][gc,stats    ]    Critical: Relocation Stall                                  0 / 0                 0 / 0                 0 / 0                 0 / 0           ops/s
[2024-03-16T12:44:39.826+0800][gc,stats    ]    Critical: Relocation Stall                              0.000 / 0.000         0.000 / 0.000         0.000 / 0.000         0.000 / 0.000       ms
[2024-03-16T12:44:39.826+0800][gc,stats    ]      Memory: Allocation Rate                                   0 / 2                 1 / 86                1 / 86                1 / 86          MB/s
[2024-03-16T12:44:39.826+0800][gc,stats    ]      Memory: Defragment                                        0 / 0                 0 / 0                 0 / 0                 0 / 0           ops/s
[2024-03-16T12:44:39.826+0800][gc,stats    ]      Memory: Out Of Memory                                     0 / 0                 0 / 0                 0 / 0                 0 / 0           ops/s
[2024-03-16T12:44:39.826+0800][gc,stats    ]      Memory: Page Cache Flush                                  0 / 0                 0 / 0                 0 / 0                 0 / 0           MB/s
[2024-03-16T12:44:39.826+0800][gc,stats    ]      Memory: Page Cache Hit L1                                 0 / 1                 0 / 30                0 / 30                0 / 30          ops/s
[2024-03-16T12:44:39.826+0800][gc,stats    ]      Memory: Page Cache Hit L2                                 0 / 0                 0 / 0                 0 / 0                 0 / 0           ops/s
[2024-03-16T12:44:39.826+0800][gc,stats    ]      Memory: Page Cache Hit L3                                 0 / 0                 0 / 43                0 / 43                0 / 43          ops/s
[2024-03-16T12:44:39.826+0800][gc,stats    ]      Memory: Page Cache Miss                                   0 / 0                 0 / 1                 0 / 1                 0 / 1           ops/s
[2024-03-16T12:44:39.826+0800][gc,stats    ]      Memory: Uncommit                                          0 / 0                 0 / 0                 0 / 0                 0 / 0           MB/s
[2024-03-16T12:44:39.826+0800][gc,stats    ]      Memory: Undo Object Allocation Failed                     0 / 0                 0 / 0                 0 / 0                 0 / 0           ops/s
[2024-03-16T12:44:39.826+0800][gc,stats    ]      Memory: Undo Object Allocation Succeeded                  0 / 0                 0 / 1                 0 / 1                 0 / 1           ops/s
[2024-03-16T12:44:39.826+0800][gc,stats    ]      Memory: Undo Page Allocation                              0 / 0                 0 / 0                 0 / 0                 0 / 0           ops/s
[2024-03-16T12:44:39.826+0800][gc,stats    ]       Phase: Concurrent Mark                               0.000 / 0.000        21.733 / 22.774       21.733 / 22.774       21.733 / 22.774      ms
[2024-03-16T12:44:39.826+0800][gc,stats    ]       Phase: Concurrent Mark Continue                      0.000 / 0.000         0.000 / 0.000         0.000 / 0.000         0.000 / 0.000       ms
[2024-03-16T12:44:39.826+0800][gc,stats    ]       Phase: Concurrent Mark Free                          0.000 / 0.000         0.001 / 0.001         0.001 / 0.001         0.001 / 0.001       ms
[2024-03-16T12:44:39.826+0800][gc,stats    ]       Phase: Concurrent Process Non-Strong References      0.000 / 0.000         2.228 / 2.595         2.228 / 2.595         2.228 / 2.595       ms
[2024-03-16T12:44:39.826+0800][gc,stats    ]       Phase: Concurrent Relocate                           0.000 / 0.000         3.290 / 4.378         3.290 / 4.378         3.290 / 4.378       ms
[2024-03-16T12:44:39.826+0800][gc,stats    ]       Phase: Concurrent Reset Relocation Set               0.000 / 0.000         0.004 / 0.007         0.004 / 0.007         0.004 / 0.007       ms
[2024-03-16T12:44:39.826+0800][gc,stats    ]       Phase: Concurrent Select Relocation Set              0.000 / 0.000         6.913 / 12.447        6.913 / 12.447        6.913 / 12.447      ms
[2024-03-16T12:44:39.826+0800][gc,stats    ]       Phase: Pause Mark End                                0.000 / 0.000         0.026 / 0.035         0.026 / 0.035         0.026 / 0.035       ms
[2024-03-16T12:44:39.826+0800][gc,stats    ]       Phase: Pause Mark Start                              0.000 / 0.000         0.245 / 0.482         0.245 / 0.482         0.245 / 0.482       ms
[2024-03-16T12:44:39.826+0800][gc,stats    ]       Phase: Pause Relocate Start                          0.000 / 0.000         0.011 / 0.013         0.011 / 0.013         0.011 / 0.013       ms
[2024-03-16T12:44:39.826+0800][gc,stats    ]    Subphase: Concurrent Classes Purge                      0.000 / 0.000         0.081 / 0.089         0.081 / 0.089         0.081 / 0.089       ms
[2024-03-16T12:44:39.826+0800][gc,stats    ]    Subphase: Concurrent Classes Unlink                     0.000 / 0.000         1.366 / 1.398         1.366 / 1.398         1.366 / 1.398       ms
[2024-03-16T12:44:39.826+0800][gc,stats    ]    Subphase: Concurrent Mark                               0.000 / 0.000        18.029 / 21.893       18.029 / 21.893       18.029 / 21.893      ms
[2024-03-16T12:44:39.826+0800][gc,stats    ]    Subphase: Concurrent Mark Try Flush                     0.000 / 0.000         0.083 / 0.231         0.083 / 0.231         0.083 / 0.231       ms
[2024-03-16T12:44:39.826+0800][gc,stats    ]    Subphase: Concurrent Mark Try Terminate                 0.000 / 0.000         5.323 / 11.636        5.323 / 11.636        5.323 / 11.636      ms
[2024-03-16T12:44:39.826+0800][gc,stats    ]    Subphase: Concurrent References Enqueue                 0.000 / 0.000         0.003 / 0.004         0.003 / 0.004         0.003 / 0.004       ms
[2024-03-16T12:44:39.826+0800][gc,stats    ]    Subphase: Concurrent References Process                 0.000 / 0.000         0.144 / 0.170         0.144 / 0.170         0.144 / 0.170       ms
[2024-03-16T12:44:39.826+0800][gc,stats    ]    Subphase: Concurrent Roots ClassLoaderDataGraph         0.000 / 0.000         0.130 / 0.416         0.130 / 0.416         0.130 / 0.416       ms
[2024-03-16T12:44:39.826+0800][gc,stats    ]    Subphase: Concurrent Roots CodeCache                    0.000 / 0.000         0.000 / 0.000         0.000 / 0.000         0.000 / 0.000       ms
[2024-03-16T12:44:39.826+0800][gc,stats    ]    Subphase: Concurrent Roots JavaThreads                  0.000 / 0.000         1.138 / 2.107         1.138 / 2.107         1.138 / 2.107       ms
[2024-03-16T12:44:39.826+0800][gc,stats    ]    Subphase: Concurrent Roots OopStorageSet                0.000 / 0.000         0.159 / 0.239         0.159 / 0.239         0.159 / 0.239       ms
[2024-03-16T12:44:39.826+0800][gc,stats    ]    Subphase: Concurrent Weak Roots OopStorageSet           0.000 / 0.000         0.515 / 0.802         0.515 / 0.802         0.515 / 0.802       ms
[2024-03-16T12:44:39.826+0800][gc,stats    ]    Subphase: Pause Mark Try Complete                       0.000 / 0.000         0.000 / 0.000         0.000 / 0.000         0.000 / 0.000       ms
[2024-03-16T12:44:39.826+0800][gc,stats    ]      System: Java Threads                                      0 / 0                35 / 50               35 / 50               35 / 50          threads
[2024-03-16T12:44:39.826+0800][gc,stats    ] =========================================================================================================================================================
[2024-03-16T12:44:49.814+0800][gc,stats    ] === Garbage Collection Statistics =======================================================================================================================
[2024-03-16T12:44:49.814+0800][gc,stats    ]                                                              Last 10s              Last 10m              Last 10h                Total
[2024-03-16T12:44:49.814+0800][gc,stats    ]                                                              Avg / Max             Avg / Max             Avg / Max             Avg / Max
[2024-03-16T12:44:49.814+0800][gc,stats    ]   Collector: Garbage Collection Cycle                      0.000 / 0.000        48.519 / 54.067       48.519 / 54.067       48.519 / 54.067      ms
[2024-03-16T12:44:49.814+0800][gc,stats    ]  Contention: Mark Segment Reset Contention                     0 / 0                 0 / 9                 0 / 9                 0 / 9           ops/s
[2024-03-16T12:44:49.814+0800][gc,stats    ]  Contention: Mark SeqNum Reset Contention                      0 / 0                 0 / 0                 0 / 0                 0 / 0           ops/s
[2024-03-16T12:44:49.814+0800][gc,stats    ]    Critical: Allocation Stall                                  0 / 0                 0 / 0                 0 / 0                 0 / 0           ops/s
[2024-03-16T12:44:49.814+0800][gc,stats    ]    Critical: Allocation Stall                              0.000 / 0.000         0.000 / 0.000         0.000 / 0.000         0.000 / 0.000       ms
[2024-03-16T12:44:49.814+0800][gc,stats    ]    Critical: GC Locker Stall                                   0 / 0                 0 / 0                 0 / 0                 0 / 0           ops/s
[2024-03-16T12:44:49.814+0800][gc,stats    ]    Critical: GC Locker Stall                               0.000 / 0.000         0.000 / 0.000         0.000 / 0.000         0.000 / 0.000       ms
[2024-03-16T12:44:49.814+0800][gc,stats    ]    Critical: Relocation Stall                                  0 / 0                 0 / 0                 0 / 0                 0 / 0           ops/s
[2024-03-16T12:44:49.814+0800][gc,stats    ]    Critical: Relocation Stall                              0.000 / 0.000         0.000 / 0.000         0.000 / 0.000         0.000 / 0.000       ms
[2024-03-16T12:44:49.814+0800][gc,stats    ]      Memory: Allocation Rate                                   1 / 14                1 / 86                1 / 86                1 / 86          MB/s
[2024-03-16T12:44:49.814+0800][gc,stats    ]      Memory: Defragment                                        0 / 0                 0 / 0                 0 / 0                 0 / 0           ops/s
[2024-03-16T12:44:49.814+0800][gc,stats    ]      Memory: Out Of Memory                                     0 / 0                 0 / 0                 0 / 0                 0 / 0           ops/s
[2024-03-16T12:44:49.814+0800][gc,stats    ]      Memory: Page Cache Flush                                  0 / 0                 0 / 0                 0 / 0                 0 / 0           MB/s
[2024-03-16T12:44:49.814+0800][gc,stats    ]      Memory: Page Cache Hit L1                                 0 / 7                 0 / 30                0 / 30                0 / 30          ops/s
[2024-03-16T12:44:49.814+0800][gc,stats    ]      Memory: Page Cache Hit L2                                 0 / 0                 0 / 0                 0 / 0                 0 / 0           ops/s
[2024-03-16T12:44:49.814+0800][gc,stats    ]      Memory: Page Cache Hit L3                                 0 / 0                 0 / 43                0 / 43                0 / 43          ops/s
[2024-03-16T12:44:49.814+0800][gc,stats    ]      Memory: Page Cache Miss                                   0 / 0                 0 / 1                 0 / 1                 0 / 1           ops/s
[2024-03-16T12:44:49.814+0800][gc,stats    ]      Memory: Uncommit                                          0 / 0                 0 / 0                 0 / 0                 0 / 0           MB/s
[2024-03-16T12:44:49.814+0800][gc,stats    ]      Memory: Undo Object Allocation Failed                     0 / 0                 0 / 0                 0 / 0                 0 / 0           ops/s
[2024-03-16T12:44:49.814+0800][gc,stats    ]      Memory: Undo Object Allocation Succeeded                  0 / 0                 0 / 1                 0 / 1                 0 / 1           ops/s
[2024-03-16T12:44:49.814+0800][gc,stats    ]      Memory: Undo Page Allocation                              0 / 0                 0 / 0                 0 / 0                 0 / 0           ops/s
[2024-03-16T12:44:49.814+0800][gc,stats    ]       Phase: Concurrent Mark                               0.000 / 0.000        21.733 / 22.774       21.733 / 22.774       21.733 / 22.774      ms
[2024-03-16T12:44:49.814+0800][gc,stats    ]       Phase: Concurrent Mark Continue                      0.000 / 0.000         0.000 / 0.000         0.000 / 0.000         0.000 / 0.000       ms
[2024-03-16T12:44:49.814+0800][gc,stats    ]       Phase: Concurrent Mark Free                          0.000 / 0.000         0.001 / 0.001         0.001 / 0.001         0.001 / 0.001       ms
[2024-03-16T12:44:49.814+0800][gc,stats    ]       Phase: Concurrent Process Non-Strong References      0.000 / 0.000         2.228 / 2.595         2.228 / 2.595         2.228 / 2.595       ms
[2024-03-16T12:44:49.814+0800][gc,stats    ]       Phase: Concurrent Relocate                           0.000 / 0.000         3.290 / 4.378         3.290 / 4.378         3.290 / 4.378       ms
[2024-03-16T12:44:49.814+0800][gc,stats    ]       Phase: Concurrent Reset Relocation Set               0.000 / 0.000         0.004 / 0.007         0.004 / 0.007         0.004 / 0.007       ms
[2024-03-16T12:44:49.814+0800][gc,stats    ]       Phase: Concurrent Select Relocation Set              0.000 / 0.000         6.913 / 12.447        6.913 / 12.447        6.913 / 12.447      ms
[2024-03-16T12:44:49.814+0800][gc,stats    ]       Phase: Pause Mark End                                0.000 / 0.000         0.026 / 0.035         0.026 / 0.035         0.026 / 0.035       ms
[2024-03-16T12:44:49.814+0800][gc,stats    ]       Phase: Pause Mark Start                              0.000 / 0.000         0.245 / 0.482         0.245 / 0.482         0.245 / 0.482       ms
[2024-03-16T12:44:49.814+0800][gc,stats    ]       Phase: Pause Relocate Start                          0.000 / 0.000         0.011 / 0.013         0.011 / 0.013         0.011 / 0.013       ms
[2024-03-16T12:44:49.814+0800][gc,stats    ]    Subphase: Concurrent Classes Purge                      0.000 / 0.000         0.081 / 0.089         0.081 / 0.089         0.081 / 0.089       ms
[2024-03-16T12:44:49.814+0800][gc,stats    ]    Subphase: Concurrent Classes Unlink                     0.000 / 0.000         1.366 / 1.398         1.366 / 1.398         1.366 / 1.398       ms
[2024-03-16T12:44:49.814+0800][gc,stats    ]    Subphase: Concurrent Mark                               0.000 / 0.000        18.029 / 21.893       18.029 / 21.893       18.029 / 21.893      ms
[2024-03-16T12:44:49.814+0800][gc,stats    ]    Subphase: Concurrent Mark Try Flush                     0.000 / 0.000         0.083 / 0.231         0.083 / 0.231         0.083 / 0.231       ms
[2024-03-16T12:44:49.814+0800][gc,stats    ]    Subphase: Concurrent Mark Try Terminate                 0.000 / 0.000         5.323 / 11.636        5.323 / 11.636        5.323 / 11.636      ms
[2024-03-16T12:44:49.814+0800][gc,stats    ]    Subphase: Concurrent References Enqueue                 0.000 / 0.000         0.003 / 0.004         0.003 / 0.004         0.003 / 0.004       ms
[2024-03-16T12:44:49.814+0800][gc,stats    ]    Subphase: Concurrent References Process                 0.000 / 0.000         0.144 / 0.170         0.144 / 0.170         0.144 / 0.170       ms
[2024-03-16T12:44:49.814+0800][gc,stats    ]    Subphase: Concurrent Roots ClassLoaderDataGraph         0.000 / 0.000         0.130 / 0.416         0.130 / 0.416         0.130 / 0.416       ms
[2024-03-16T12:44:49.814+0800][gc,stats    ]    Subphase: Concurrent Roots CodeCache                    0.000 / 0.000         0.000 / 0.000         0.000 / 0.000         0.000 / 0.000       ms
[2024-03-16T12:44:49.814+0800][gc,stats    ]    Subphase: Concurrent Roots JavaThreads                  0.000 / 0.000         1.138 / 2.107         1.138 / 2.107         1.138 / 2.107       ms
[2024-03-16T12:44:49.814+0800][gc,stats    ]    Subphase: Concurrent Roots OopStorageSet                0.000 / 0.000         0.159 / 0.239         0.159 / 0.239         0.159 / 0.239       ms
[2024-03-16T12:44:49.814+0800][gc,stats    ]    Subphase: Concurrent Weak Roots OopStorageSet           0.000 / 0.000         0.515 / 0.802         0.515 / 0.802         0.515 / 0.802       ms
[2024-03-16T12:44:49.814+0800][gc,stats    ]    Subphase: Pause Mark Try Complete                       0.000 / 0.000         0.000 / 0.000         0.000 / 0.000         0.000 / 0.000       ms
[2024-03-16T12:44:49.814+0800][gc,stats    ]      System: Java Threads                                      0 / 0                35 / 50               35 / 50               35 / 50          threads
[2024-03-16T12:44:49.814+0800][gc,stats    ] =========================================================================================================================================================
[2024-03-16T12:44:59.815+0800][gc,stats    ] === Garbage Collection Statistics =======================================================================================================================
[2024-03-16T12:44:59.815+0800][gc,stats    ]                                                              Last 10s              Last 10m              Last 10h                Total
[2024-03-16T12:44:59.815+0800][gc,stats    ]                                                              Avg / Max             Avg / Max             Avg / Max             Avg / Max
[2024-03-16T12:44:59.815+0800][gc,stats    ]   Collector: Garbage Collection Cycle                      0.000 / 0.000        48.519 / 54.067       48.519 / 54.067       48.519 / 54.067      ms
[2024-03-16T12:44:59.815+0800][gc,stats    ]  Contention: Mark Segment Reset Contention                     0 / 0                 0 / 9                 0 / 9                 0 / 9           ops/s
[2024-03-16T12:44:59.815+0800][gc,stats    ]  Contention: Mark SeqNum Reset Contention                      0 / 0                 0 / 0                 0 / 0                 0 / 0           ops/s
[2024-03-16T12:44:59.815+0800][gc,stats    ]    Critical: Allocation Stall                                  0 / 0                 0 / 0                 0 / 0                 0 / 0           ops/s
[2024-03-16T12:44:59.815+0800][gc,stats    ]    Critical: Allocation Stall                              0.000 / 0.000         0.000 / 0.000         0.000 / 0.000         0.000 / 0.000       ms
[2024-03-16T12:44:59.815+0800][gc,stats    ]    Critical: GC Locker Stall                                   0 / 0                 0 / 0                 0 / 0                 0 / 0           ops/s
[2024-03-16T12:44:59.815+0800][gc,stats    ]    Critical: GC Locker Stall                               0.000 / 0.000         0.000 / 0.000         0.000 / 0.000         0.000 / 0.000       ms
[2024-03-16T12:44:59.815+0800][gc,stats    ]    Critical: Relocation Stall                                  0 / 0                 0 / 0                 0 / 0                 0 / 0           ops/s
[2024-03-16T12:44:59.815+0800][gc,stats    ]    Critical: Relocation Stall                              0.000 / 0.000         0.000 / 0.000         0.000 / 0.000         0.000 / 0.000       ms
[2024-03-16T12:44:59.815+0800][gc,stats    ]      Memory: Allocation Rate                                   0 / 0                 1 / 86                1 / 86                1 / 86          MB/s
[2024-03-16T12:44:59.815+0800][gc,stats    ]      Memory: Defragment                                        0 / 0                 0 / 0                 0 / 0                 0 / 0           ops/s
[2024-03-16T12:44:59.815+0800][gc,stats    ]      Memory: Out Of Memory                                     0 / 0                 0 / 0                 0 / 0                 0 / 0           ops/s
[2024-03-16T12:44:59.815+0800][gc,stats    ]      Memory: Page Cache Flush                                  0 / 0                 0 / 0                 0 / 0                 0 / 0           MB/s
[2024-03-16T12:44:59.815+0800][gc,stats    ]      Memory: Page Cache Hit L1                                 0 / 0                 0 / 30                0 / 30                0 / 30          ops/s
[2024-03-16T12:44:59.815+0800][gc,stats    ]      Memory: Page Cache Hit L2                                 0 / 0                 0 / 0                 0 / 0                 0 / 0           ops/s
[2024-03-16T12:44:59.815+0800][gc,stats    ]      Memory: Page Cache Hit L3                                 0 / 0                 0 / 43                0 / 43                0 / 43          ops/s
[2024-03-16T12:44:59.815+0800][gc,stats    ]      Memory: Page Cache Miss                                   0 / 0                 0 / 1                 0 / 1                 0 / 1           ops/s
[2024-03-16T12:44:59.815+0800][gc,stats    ]      Memory: Uncommit                                          0 / 0                 0 / 0                 0 / 0                 0 / 0           MB/s
[2024-03-16T12:44:59.815+0800][gc,stats    ]      Memory: Undo Object Allocation Failed                     0 / 0                 0 / 0                 0 / 0                 0 / 0           ops/s
[2024-03-16T12:44:59.815+0800][gc,stats    ]      Memory: Undo Object Allocation Succeeded                  0 / 0                 0 / 1                 0 / 1                 0 / 1           ops/s
[2024-03-16T12:44:59.815+0800][gc,stats    ]      Memory: Undo Page Allocation                              0 / 0                 0 / 0                 0 / 0                 0 / 0           ops/s
[2024-03-16T12:44:59.815+0800][gc,stats    ]       Phase: Concurrent Mark                               0.000 / 0.000        21.733 / 22.774       21.733 / 22.774       21.733 / 22.774      ms
[2024-03-16T12:44:59.815+0800][gc,stats    ]       Phase: Concurrent Mark Continue                      0.000 / 0.000         0.000 / 0.000         0.000 / 0.000         0.000 / 0.000       ms
[2024-03-16T12:44:59.815+0800][gc,stats    ]       Phase: Concurrent Mark Free                          0.000 / 0.000         0.001 / 0.001         0.001 / 0.001         0.001 / 0.001       ms
[2024-03-16T12:44:59.815+0800][gc,stats    ]       Phase: Concurrent Process Non-Strong References      0.000 / 0.000         2.228 / 2.595         2.228 / 2.595         2.228 / 2.595       ms
[2024-03-16T12:44:59.815+0800][gc,stats    ]       Phase: Concurrent Relocate                           0.000 / 0.000         3.290 / 4.378         3.290 / 4.378         3.290 / 4.378       ms
[2024-03-16T12:44:59.815+0800][gc,stats    ]       Phase: Concurrent Reset Relocation Set               0.000 / 0.000         0.004 / 0.007         0.004 / 0.007         0.004 / 0.007       ms
[2024-03-16T12:44:59.815+0800][gc,stats    ]       Phase: Concurrent Select Relocation Set              0.000 / 0.000         6.913 / 12.447        6.913 / 12.447        6.913 / 12.447      ms
[2024-03-16T12:44:59.815+0800][gc,stats    ]       Phase: Pause Mark End                                0.000 / 0.000         0.026 / 0.035         0.026 / 0.035         0.026 / 0.035       ms
[2024-03-16T12:44:59.815+0800][gc,stats    ]       Phase: Pause Mark Start                              0.000 / 0.000         0.245 / 0.482         0.245 / 0.482         0.245 / 0.482       ms
[2024-03-16T12:44:59.815+0800][gc,stats    ]       Phase: Pause Relocate Start                          0.000 / 0.000         0.011 / 0.013         0.011 / 0.013         0.011 / 0.013       ms
[2024-03-16T12:44:59.815+0800][gc,stats    ]    Subphase: Concurrent Classes Purge                      0.000 / 0.000         0.081 / 0.089         0.081 / 0.089         0.081 / 0.089       ms
[2024-03-16T12:44:59.815+0800][gc,stats    ]    Subphase: Concurrent Classes Unlink                     0.000 / 0.000         1.366 / 1.398         1.366 / 1.398         1.366 / 1.398       ms
[2024-03-16T12:44:59.815+0800][gc,stats    ]    Subphase: Concurrent Mark                               0.000 / 0.000        18.029 / 21.893       18.029 / 21.893       18.029 / 21.893      ms
[2024-03-16T12:44:59.815+0800][gc,stats    ]    Subphase: Concurrent Mark Try Flush                     0.000 / 0.000         0.083 / 0.231         0.083 / 0.231         0.083 / 0.231       ms
[2024-03-16T12:44:59.815+0800][gc,stats    ]    Subphase: Concurrent Mark Try Terminate                 0.000 / 0.000         5.323 / 11.636        5.323 / 11.636        5.323 / 11.636      ms
[2024-03-16T12:44:59.815+0800][gc,stats    ]    Subphase: Concurrent References Enqueue                 0.000 / 0.000         0.003 / 0.004         0.003 / 0.004         0.003 / 0.004       ms
[2024-03-16T12:44:59.815+0800][gc,stats    ]    Subphase: Concurrent References Process                 0.000 / 0.000         0.144 / 0.170         0.144 / 0.170         0.144 / 0.170       ms
[2024-03-16T12:44:59.815+0800][gc,stats    ]    Subphase: Concurrent Roots ClassLoaderDataGraph         0.000 / 0.000         0.130 / 0.416         0.130 / 0.416         0.130 / 0.416       ms
[2024-03-16T12:44:59.815+0800][gc,stats    ]    Subphase: Concurrent Roots CodeCache                    0.000 / 0.000         0.000 / 0.000         0.000 / 0.000         0.000 / 0.000       ms
[2024-03-16T12:44:59.815+0800][gc,stats    ]    Subphase: Concurrent Roots JavaThreads                  0.000 / 0.000         1.138 / 2.107         1.138 / 2.107         1.138 / 2.107       ms
[2024-03-16T12:44:59.815+0800][gc,stats    ]    Subphase: Concurrent Roots OopStorageSet                0.000 / 0.000         0.159 / 0.239         0.159 / 0.239         0.159 / 0.239       ms
[2024-03-16T12:44:59.815+0800][gc,stats    ]    Subphase: Concurrent Weak Roots OopStorageSet           0.000 / 0.000         0.515 / 0.802         0.515 / 0.802         0.515 / 0.802       ms
[2024-03-16T12:44:59.815+0800][gc,stats    ]    Subphase: Pause Mark Try Complete                       0.000 / 0.000         0.000 / 0.000         0.000 / 0.000         0.000 / 0.000       ms
[2024-03-16T12:44:59.816+0800][gc,stats    ]      System: Java Threads                                      0 / 0                35 / 50               35 / 50               35 / 50          threads
[2024-03-16T12:44:59.816+0800][gc,stats    ] =========================================================================================================================================================
[2024-03-16T12:45:09.816+0800][gc,stats    ] === Garbage Collection Statistics =======================================================================================================================
[2024-03-16T12:45:09.816+0800][gc,stats    ]                                                              Last 10s              Last 10m              Last 10h                Total
[2024-03-16T12:45:09.816+0800][gc,stats    ]                                                              Avg / Max             Avg / Max             Avg / Max             Avg / Max
[2024-03-16T12:45:09.816+0800][gc,stats    ]   Collector: Garbage Collection Cycle                      0.000 / 0.000        48.519 / 54.067       48.519 / 54.067       48.519 / 54.067      ms
[2024-03-16T12:45:09.816+0800][gc,stats    ]  Contention: Mark Segment Reset Contention                     0 / 0                 0 / 9                 0 / 9                 0 / 9           ops/s
[2024-03-16T12:45:09.816+0800][gc,stats    ]  Contention: Mark SeqNum Reset Contention                      0 / 0                 0 / 0                 0 / 0                 0 / 0           ops/s
[2024-03-16T12:45:09.816+0800][gc,stats    ]    Critical: Allocation Stall                                  0 / 0                 0 / 0                 0 / 0                 0 / 0           ops/s
[2024-03-16T12:45:09.816+0800][gc,stats    ]    Critical: Allocation Stall                              0.000 / 0.000         0.000 / 0.000         0.000 / 0.000         0.000 / 0.000       ms
[2024-03-16T12:45:09.816+0800][gc,stats    ]    Critical: GC Locker Stall                                   0 / 0                 0 / 0                 0 / 0                 0 / 0           ops/s
[2024-03-16T12:45:09.816+0800][gc,stats    ]    Critical: GC Locker Stall                               0.000 / 0.000         0.000 / 0.000         0.000 / 0.000         0.000 / 0.000       ms
[2024-03-16T12:45:09.816+0800][gc,stats    ]    Critical: Relocation Stall                                  0 / 0                 0 / 0                 0 / 0                 0 / 0           ops/s
[2024-03-16T12:45:09.816+0800][gc,stats    ]    Critical: Relocation Stall                              0.000 / 0.000         0.000 / 0.000         0.000 / 0.000         0.000 / 0.000       ms
[2024-03-16T12:45:09.816+0800][gc,stats    ]      Memory: Allocation Rate                                   0 / 2                 1 / 86                1 / 86                1 / 86          MB/s
[2024-03-16T12:45:09.816+0800][gc,stats    ]      Memory: Defragment                                        0 / 0                 0 / 0                 0 / 0                 0 / 0           ops/s
[2024-03-16T12:45:09.816+0800][gc,stats    ]      Memory: Out Of Memory                                     0 / 0                 0 / 0                 0 / 0                 0 / 0           ops/s
[2024-03-16T12:45:09.816+0800][gc,stats    ]      Memory: Page Cache Flush                                  0 / 0                 0 / 0                 0 / 0                 0 / 0           MB/s
[2024-03-16T12:45:09.816+0800][gc,stats    ]      Memory: Page Cache Hit L1                                 0 / 1                 0 / 30                0 / 30                0 / 30          ops/s
[2024-03-16T12:45:09.816+0800][gc,stats    ]      Memory: Page Cache Hit L2                                 0 / 0                 0 / 0                 0 / 0                 0 / 0           ops/s
[2024-03-16T12:45:09.816+0800][gc,stats    ]      Memory: Page Cache Hit L3                                 0 / 0                 0 / 43                0 / 43                0 / 43          ops/s
[2024-03-16T12:45:09.816+0800][gc,stats    ]      Memory: Page Cache Miss                                   0 / 0                 0 / 1                 0 / 1                 0 / 1           ops/s
[2024-03-16T12:45:09.816+0800][gc,stats    ]      Memory: Uncommit                                          0 / 0                 0 / 0                 0 / 0                 0 / 0           MB/s
[2024-03-16T12:45:09.816+0800][gc,stats    ]      Memory: Undo Object Allocation Failed                     0 / 0                 0 / 0                 0 / 0                 0 / 0           ops/s
[2024-03-16T12:45:09.816+0800][gc,stats    ]      Memory: Undo Object Allocation Succeeded                  0 / 0                 0 / 1                 0 / 1                 0 / 1           ops/s
[2024-03-16T12:45:09.816+0800][gc,stats    ]      Memory: Undo Page Allocation                              0 / 0                 0 / 0                 0 / 0                 0 / 0           ops/s
[2024-03-16T12:45:09.816+0800][gc,stats    ]       Phase: Concurrent Mark                               0.000 / 0.000        21.733 / 22.774       21.733 / 22.774       21.733 / 22.774      ms
[2024-03-16T12:45:09.816+0800][gc,stats    ]       Phase: Concurrent Mark Continue                      0.000 / 0.000         0.000 / 0.000         0.000 / 0.000         0.000 / 0.000       ms
[2024-03-16T12:45:09.816+0800][gc,stats    ]       Phase: Concurrent Mark Free                          0.000 / 0.000         0.001 / 0.001         0.001 / 0.001         0.001 / 0.001       ms
[2024-03-16T12:45:09.816+0800][gc,stats    ]       Phase: Concurrent Process Non-Strong References      0.000 / 0.000         2.228 / 2.595         2.228 / 2.595         2.228 / 2.595       ms
[2024-03-16T12:45:09.816+0800][gc,stats    ]       Phase: Concurrent Relocate                           0.000 / 0.000         3.290 / 4.378         3.290 / 4.378         3.290 / 4.378       ms
[2024-03-16T12:45:09.816+0800][gc,stats    ]       Phase: Concurrent Reset Relocation Set               0.000 / 0.000         0.004 / 0.007         0.004 / 0.007         0.004 / 0.007       ms
[2024-03-16T12:45:09.816+0800][gc,stats    ]       Phase: Concurrent Select Relocation Set              0.000 / 0.000         6.913 / 12.447        6.913 / 12.447        6.913 / 12.447      ms
[2024-03-16T12:45:09.816+0800][gc,stats    ]       Phase: Pause Mark End                                0.000 / 0.000         0.026 / 0.035         0.026 / 0.035         0.026 / 0.035       ms
[2024-03-16T12:45:09.816+0800][gc,stats    ]       Phase: Pause Mark Start                              0.000 / 0.000         0.245 / 0.482         0.245 / 0.482         0.245 / 0.482       ms
[2024-03-16T12:45:09.816+0800][gc,stats    ]       Phase: Pause Relocate Start                          0.000 / 0.000         0.011 / 0.013         0.011 / 0.013         0.011 / 0.013       ms
[2024-03-16T12:45:09.816+0800][gc,stats    ]    Subphase: Concurrent Classes Purge                      0.000 / 0.000         0.081 / 0.089         0.081 / 0.089         0.081 / 0.089       ms
[2024-03-16T12:45:09.816+0800][gc,stats    ]    Subphase: Concurrent Classes Unlink                     0.000 / 0.000         1.366 / 1.398         1.366 / 1.398         1.366 / 1.398       ms
[2024-03-16T12:45:09.816+0800][gc,stats    ]    Subphase: Concurrent Mark                               0.000 / 0.000        18.029 / 21.893       18.029 / 21.893       18.029 / 21.893      ms
[2024-03-16T12:45:09.816+0800][gc,stats    ]    Subphase: Concurrent Mark Try Flush                     0.000 / 0.000         0.083 / 0.231         0.083 / 0.231         0.083 / 0.231       ms
[2024-03-16T12:45:09.816+0800][gc,stats    ]    Subphase: Concurrent Mark Try Terminate                 0.000 / 0.000         5.323 / 11.636        5.323 / 11.636        5.323 / 11.636      ms
[2024-03-16T12:45:09.816+0800][gc,stats    ]    Subphase: Concurrent References Enqueue                 0.000 / 0.000         0.003 / 0.004         0.003 / 0.004         0.003 / 0.004       ms
[2024-03-16T12:45:09.816+0800][gc,stats    ]    Subphase: Concurrent References Process                 0.000 / 0.000         0.144 / 0.170         0.144 / 0.170         0.144 / 0.170       ms
[2024-03-16T12:45:09.816+0800][gc,stats    ]    Subphase: Concurrent Roots ClassLoaderDataGraph         0.000 / 0.000         0.130 / 0.416         0.130 / 0.416         0.130 / 0.416       ms
[2024-03-16T12:45:09.816+0800][gc,stats    ]    Subphase: Concurrent Roots CodeCache                    0.000 / 0.000         0.000 / 0.000         0.000 / 0.000         0.000 / 0.000       ms
[2024-03-16T12:45:09.816+0800][gc,stats    ]    Subphase: Concurrent Roots JavaThreads                  0.000 / 0.000         1.138 / 2.107         1.138 / 2.107         1.138 / 2.107       ms
[2024-03-16T12:45:09.816+0800][gc,stats    ]    Subphase: Concurrent Roots OopStorageSet                0.000 / 0.000         0.159 / 0.239         0.159 / 0.239         0.159 / 0.239       ms
[2024-03-16T12:45:09.816+0800][gc,stats    ]    Subphase: Concurrent Weak Roots OopStorageSet           0.000 / 0.000         0.515 / 0.802         0.515 / 0.802         0.515 / 0.802       ms
[2024-03-16T12:45:09.816+0800][gc,stats    ]    Subphase: Pause Mark Try Complete                       0.000 / 0.000         0.000 / 0.000         0.000 / 0.000         0.000 / 0.000       ms
[2024-03-16T12:45:09.816+0800][gc,stats    ]      System: Java Threads                                      0 / 0                35 / 50               35 / 50               35 / 50          threads
[2024-03-16T12:45:09.816+0800][gc,stats    ] =========================================================================================================================================================
[2024-03-16T12:45:19.815+0800][gc,stats    ] === Garbage Collection Statistics =======================================================================================================================
[2024-03-16T12:45:19.815+0800][gc,stats    ]                                                              Last 10s              Last 10m              Last 10h                Total
[2024-03-16T12:45:19.815+0800][gc,stats    ]                                                              Avg / Max             Avg / Max             Avg / Max             Avg / Max
[2024-03-16T12:45:19.815+0800][gc,stats    ]   Collector: Garbage Collection Cycle                      0.000 / 0.000        48.519 / 54.067       48.519 / 54.067       48.519 / 54.067      ms
[2024-03-16T12:45:19.815+0800][gc,stats    ]  Contention: Mark Segment Reset Contention                     0 / 0                 0 / 9                 0 / 9                 0 / 9           ops/s
[2024-03-16T12:45:19.815+0800][gc,stats    ]  Contention: Mark SeqNum Reset Contention                      0 / 0                 0 / 0                 0 / 0                 0 / 0           ops/s
[2024-03-16T12:45:19.815+0800][gc,stats    ]    Critical: Allocation Stall                                  0 / 0                 0 / 0                 0 / 0                 0 / 0           ops/s
[2024-03-16T12:45:19.815+0800][gc,stats    ]    Critical: Allocation Stall                              0.000 / 0.000         0.000 / 0.000         0.000 / 0.000         0.000 / 0.000       ms
[2024-03-16T12:45:19.815+0800][gc,stats    ]    Critical: GC Locker Stall                                   0 / 0                 0 / 0                 0 / 0                 0 / 0           ops/s
[2024-03-16T12:45:19.815+0800][gc,stats    ]    Critical: GC Locker Stall                               0.000 / 0.000         0.000 / 0.000         0.000 / 0.000         0.000 / 0.000       ms
[2024-03-16T12:45:19.815+0800][gc,stats    ]    Critical: Relocation Stall                                  0 / 0                 0 / 0                 0 / 0                 0 / 0           ops/s
[2024-03-16T12:45:19.815+0800][gc,stats    ]    Critical: Relocation Stall                              0.000 / 0.000         0.000 / 0.000         0.000 / 0.000         0.000 / 0.000       ms
[2024-03-16T12:45:19.815+0800][gc,stats    ]      Memory: Allocation Rate                                   0 / 0                 1 / 86                1 / 86                1 / 86          MB/s
[2024-03-16T12:45:19.815+0800][gc,stats    ]      Memory: Defragment                                        0 / 0                 0 / 0                 0 / 0                 0 / 0           ops/s
[2024-03-16T12:45:19.815+0800][gc,stats    ]      Memory: Out Of Memory                                     0 / 0                 0 / 0                 0 / 0                 0 / 0           ops/s
[2024-03-16T12:45:19.815+0800][gc,stats    ]      Memory: Page Cache Flush                                  0 / 0                 0 / 0                 0 / 0                 0 / 0           MB/s
[2024-03-16T12:45:19.815+0800][gc,stats    ]      Memory: Page Cache Hit L1                                 0 / 0                 0 / 30                0 / 30                0 / 30          ops/s
[2024-03-16T12:45:19.815+0800][gc,stats    ]      Memory: Page Cache Hit L2                                 0 / 0                 0 / 0                 0 / 0                 0 / 0           ops/s
[2024-03-16T12:45:19.815+0800][gc,stats    ]      Memory: Page Cache Hit L3                                 0 / 0                 0 / 43                0 / 43                0 / 43          ops/s
[2024-03-16T12:45:19.815+0800][gc,stats    ]      Memory: Page Cache Miss                                   0 / 0                 0 / 1                 0 / 1                 0 / 1           ops/s
[2024-03-16T12:45:19.815+0800][gc,stats    ]      Memory: Uncommit                                          0 / 0                 0 / 0                 0 / 0                 0 / 0           MB/s
[2024-03-16T12:45:19.815+0800][gc,stats    ]      Memory: Undo Object Allocation Failed                     0 / 0                 0 / 0                 0 / 0                 0 / 0           ops/s
[2024-03-16T12:45:19.815+0800][gc,stats    ]      Memory: Undo Object Allocation Succeeded                  0 / 0                 0 / 1                 0 / 1                 0 / 1           ops/s
[2024-03-16T12:45:19.815+0800][gc,stats    ]      Memory: Undo Page Allocation                              0 / 0                 0 / 0                 0 / 0                 0 / 0           ops/s
[2024-03-16T12:45:19.815+0800][gc,stats    ]       Phase: Concurrent Mark                               0.000 / 0.000        21.733 / 22.774       21.733 / 22.774       21.733 / 22.774      ms
[2024-03-16T12:45:19.815+0800][gc,stats    ]       Phase: Concurrent Mark Continue                      0.000 / 0.000         0.000 / 0.000         0.000 / 0.000         0.000 / 0.000       ms
[2024-03-16T12:45:19.815+0800][gc,stats    ]       Phase: Concurrent Mark Free                          0.000 / 0.000         0.001 / 0.001         0.001 / 0.001         0.001 / 0.001       ms
[2024-03-16T12:45:19.815+0800][gc,stats    ]       Phase: Concurrent Process Non-Strong References      0.000 / 0.000         2.228 / 2.595         2.228 / 2.595         2.228 / 2.595       ms
[2024-03-16T12:45:19.815+0800][gc,stats    ]       Phase: Concurrent Relocate                           0.000 / 0.000         3.290 / 4.378         3.290 / 4.378         3.290 / 4.378       ms
[2024-03-16T12:45:19.815+0800][gc,stats    ]       Phase: Concurrent Reset Relocation Set               0.000 / 0.000         0.004 / 0.007         0.004 / 0.007         0.004 / 0.007       ms
[2024-03-16T12:45:19.815+0800][gc,stats    ]       Phase: Concurrent Select Relocation Set              0.000 / 0.000         6.913 / 12.447        6.913 / 12.447        6.913 / 12.447      ms
[2024-03-16T12:45:19.815+0800][gc,stats    ]       Phase: Pause Mark End                                0.000 / 0.000         0.026 / 0.035         0.026 / 0.035         0.026 / 0.035       ms
[2024-03-16T12:45:19.815+0800][gc,stats    ]       Phase: Pause Mark Start                              0.000 / 0.000         0.245 / 0.482         0.245 / 0.482         0.245 / 0.482       ms
[2024-03-16T12:45:19.815+0800][gc,stats    ]       Phase: Pause Relocate Start                          0.000 / 0.000         0.011 / 0.013         0.011 / 0.013         0.011 / 0.013       ms
[2024-03-16T12:45:19.815+0800][gc,stats    ]    Subphase: Concurrent Classes Purge                      0.000 / 0.000         0.081 / 0.089         0.081 / 0.089         0.081 / 0.089       ms
[2024-03-16T12:45:19.815+0800][gc,stats    ]    Subphase: Concurrent Classes Unlink                     0.000 / 0.000         1.366 / 1.398         1.366 / 1.398         1.366 / 1.398       ms
[2024-03-16T12:45:19.815+0800][gc,stats    ]    Subphase: Concurrent Mark                               0.000 / 0.000        18.029 / 21.893       18.029 / 21.893       18.029 / 21.893      ms
[2024-03-16T12:45:19.815+0800][gc,stats    ]    Subphase: Concurrent Mark Try Flush                     0.000 / 0.000         0.083 / 0.231         0.083 / 0.231         0.083 / 0.231       ms
[2024-03-16T12:45:19.815+0800][gc,stats    ]    Subphase: Concurrent Mark Try Terminate                 0.000 / 0.000         5.323 / 11.636        5.323 / 11.636        5.323 / 11.636      ms
[2024-03-16T12:45:19.815+0800][gc,stats    ]    Subphase: Concurrent References Enqueue                 0.000 / 0.000         0.003 / 0.004         0.003 / 0.004         0.003 / 0.004       ms
[2024-03-16T12:45:19.815+0800][gc,stats    ]    Subphase: Concurrent References Process                 0.000 / 0.000         0.144 / 0.170         0.144 / 0.170         0.144 / 0.170       ms
[2024-03-16T12:45:19.815+0800][gc,stats    ]    Subphase: Concurrent Roots ClassLoaderDataGraph         0.000 / 0.000         0.130 / 0.416         0.130 / 0.416         0.130 / 0.416       ms
[2024-03-16T12:45:19.815+0800][gc,stats    ]    Subphase: Concurrent Roots CodeCache                    0.000 / 0.000         0.000 / 0.000         0.000 / 0.000         0.000 / 0.000       ms
[2024-03-16T12:45:19.815+0800][gc,stats    ]    Subphase: Concurrent Roots JavaThreads                  0.000 / 0.000         1.138 / 2.107         1.138 / 2.107         1.138 / 2.107       ms
[2024-03-16T12:45:19.815+0800][gc,stats    ]    Subphase: Concurrent Roots OopStorageSet                0.000 / 0.000         0.159 / 0.239         0.159 / 0.239         0.159 / 0.239       ms
[2024-03-16T12:45:19.815+0800][gc,stats    ]    Subphase: Concurrent Weak Roots OopStorageSet           0.000 / 0.000         0.515 / 0.802         0.515 / 0.802         0.515 / 0.802       ms
[2024-03-16T12:45:19.815+0800][gc,stats    ]    Subphase: Pause Mark Try Complete                       0.000 / 0.000         0.000 / 0.000         0.000 / 0.000         0.000 / 0.000       ms
[2024-03-16T12:45:19.815+0800][gc,stats    ]      System: Java Threads                                      0 / 0                35 / 50               35 / 50               35 / 50          threads
[2024-03-16T12:45:19.815+0800][gc,stats    ] =========================================================================================================================================================
[2024-03-16T12:45:22.716+0800][gc,heap,exit] Heap
[2024-03-16T12:45:22.716+0800][gc,heap,exit]  ZHeap           used 150M, capacity 10240M, max capacity 10240M
[2024-03-16T12:45:22.716+0800][gc,heap,exit]  Metaspace       used 40090K, committed 40512K, reserved 1114112K
[2024-03-16T12:45:22.716+0800][gc,heap,exit]   class space    used 4456K, committed 4672K, reserved 1048576K
